Archive member included to satisfy reference by file (symbol)

C:/NXP/MCUXpressoIDE_25.6.136/ide/plugins/com.nxp.mcuxpresso.tools.win32_25.6.0.202501151204/tools/bin/../lib/gcc/arm-none-eabi/14.2.1/../../../../arm-none-eabi/lib/thumb/v8-m.main+fp/hard\libcr_semihost_nf.a(_cr__main.o)
                              ./startup/startup_mcxn947_cm33_core0.o (__main)
C:/NXP/MCUXpressoIDE_25.6.136/ide/plugins/com.nxp.mcuxpresso.tools.win32_25.6.0.202501151204/tools/bin/../lib/gcc/arm-none-eabi/14.2.1/../../../../arm-none-eabi/lib/thumb/v8-m.main+fp/hard\libcr_c.a(memset.o)
                              ./drivers/fsl_ctimer.o (memset)
C:/NXP/MCUXpressoIDE_25.6.136/ide/plugins/com.nxp.mcuxpresso.tools.win32_25.6.0.202501151204/tools/bin/../lib/gcc/arm-none-eabi/14.2.1/../../../../arm-none-eabi/lib/thumb/v8-m.main+fp/hard\libcr_c.a(alloc.o)
                              ./drivers/fsl_common.o (malloc)
C:/NXP/MCUXpressoIDE_25.6.136/ide/plugins/com.nxp.mcuxpresso.tools.win32_25.6.0.202501151204/tools/bin/../lib/gcc/arm-none-eabi/14.2.1/../../../../arm-none-eabi/lib/thumb/v8-m.main+fp/hard\libcr_c.a(errno.o)
                              ./utilities/str/fsl_str.o (errno)
C:/NXP/MCUXpressoIDE_25.6.136/ide/plugins/com.nxp.mcuxpresso.tools.win32_25.6.0.202501151204/tools/bin/../lib/gcc/arm-none-eabi/14.2.1/../../../../arm-none-eabi/lib/thumb/v8-m.main+fp/hard\libcr_c.a(initio.o)
                              C:/NXP/MCUXpressoIDE_25.6.136/ide/plugins/com.nxp.mcuxpresso.tools.win32_25.6.0.202501151204/tools/bin/../lib/gcc/arm-none-eabi/14.2.1/../../../../arm-none-eabi/lib/thumb/v8-m.main+fp/hard\libcr_semihost_nf.a(_cr__main.o) (_initio)
C:/NXP/MCUXpressoIDE_25.6.136/ide/plugins/com.nxp.mcuxpresso.tools.win32_25.6.0.202501151204/tools/bin/../lib/gcc/arm-none-eabi/14.2.1/../../../../arm-none-eabi/lib/thumb/v8-m.main+fp/hard\libcr_c.a(printf.o)
                              ./utilities/fsl_assert.o (_printf)
C:/NXP/MCUXpressoIDE_25.6.136/ide/plugins/com.nxp.mcuxpresso.tools.win32_25.6.0.202501151204/tools/bin/../lib/gcc/arm-none-eabi/14.2.1/../../../../arm-none-eabi/lib/thumb/v8-m.main+fp/hard\libcr_c.a(scanf.o)
                              ./utilities/str/fsl_str.o (strtoul)
C:/NXP/MCUXpressoIDE_25.6.136/ide/plugins/com.nxp.mcuxpresso.tools.win32_25.6.0.202501151204/tools/bin/../lib/gcc/arm-none-eabi/14.2.1/../../../../arm-none-eabi/lib/thumb/v8-m.main+fp/hard\libcr_c.a(setvbuf.o)
                              C:/NXP/MCUXpressoIDE_25.6.136/ide/plugins/com.nxp.mcuxpresso.tools.win32_25.6.0.202501151204/tools/bin/../lib/gcc/arm-none-eabi/14.2.1/../../../../arm-none-eabi/lib/thumb/v8-m.main+fp/hard\libcr_c.a(initio.o) (setvbuf)
C:/NXP/MCUXpressoIDE_25.6.136/ide/plugins/com.nxp.mcuxpresso.tools.win32_25.6.0.202501151204/tools/bin/../lib/gcc/arm-none-eabi/14.2.1/../../../../arm-none-eabi/lib/thumb/v8-m.main+fp/hard\libcr_c.a(strlen.o)
                              ./utilities/str/fsl_str.o (strlen)
C:/NXP/MCUXpressoIDE_25.6.136/ide/plugins/com.nxp.mcuxpresso.tools.win32_25.6.0.202501151204/tools/bin/../lib/gcc/arm-none-eabi/14.2.1/../../../../arm-none-eabi/lib/thumb/v8-m.main+fp/hard\libcr_c.a(ungetc.o)
                              C:/NXP/MCUXpressoIDE_25.6.136/ide/plugins/com.nxp.mcuxpresso.tools.win32_25.6.0.202501151204/tools/bin/../lib/gcc/arm-none-eabi/14.2.1/../../../../arm-none-eabi/lib/thumb/v8-m.main+fp/hard\libcr_c.a(scanf.o) (ungetc)
C:/NXP/MCUXpressoIDE_25.6.136/ide/plugins/com.nxp.mcuxpresso.tools.win32_25.6.0.202501151204/tools/bin/../lib/gcc/arm-none-eabi/14.2.1/../../../../arm-none-eabi/lib/thumb/v8-m.main+fp/hard\libcr_c.a(__fillbuf.o)
                              C:/NXP/MCUXpressoIDE_25.6.136/ide/plugins/com.nxp.mcuxpresso.tools.win32_25.6.0.202501151204/tools/bin/../lib/gcc/arm-none-eabi/14.2.1/../../../../arm-none-eabi/lib/thumb/v8-m.main+fp/hard\libcr_c.a(scanf.o) (__filbuf)
C:/NXP/MCUXpressoIDE_25.6.136/ide/plugins/com.nxp.mcuxpresso.tools.win32_25.6.0.202501151204/tools/bin/../lib/gcc/arm-none-eabi/14.2.1/../../../../arm-none-eabi/lib/thumb/v8-m.main+fp/hard\libcr_c.a(__init_alloc.o)
                              C:/NXP/MCUXpressoIDE_25.6.136/ide/plugins/com.nxp.mcuxpresso.tools.win32_25.6.0.202501151204/tools/bin/../lib/gcc/arm-none-eabi/14.2.1/../../../../arm-none-eabi/lib/thumb/v8-m.main+fp/hard\libcr_c.a(alloc.o) (__heaps)
C:/NXP/MCUXpressoIDE_25.6.136/ide/plugins/com.nxp.mcuxpresso.tools.win32_25.6.0.202501151204/tools/bin/../lib/gcc/arm-none-eabi/14.2.1/../../../../arm-none-eabi/lib/thumb/v8-m.main+fp/hard\libcr_c.a(_cr_sbrk.o)
                              C:/NXP/MCUXpressoIDE_25.6.136/ide/plugins/com.nxp.mcuxpresso.tools.win32_25.6.0.202501151204/tools/bin/../lib/gcc/arm-none-eabi/14.2.1/../../../../arm-none-eabi/lib/thumb/v8-m.main+fp/hard\libcr_c.a(alloc.o) (_sbrk)
C:/NXP/MCUXpressoIDE_25.6.136/ide/plugins/com.nxp.mcuxpresso.tools.win32_25.6.0.202501151204/tools/bin/../lib/gcc/arm-none-eabi/14.2.1/../../../../arm-none-eabi/lib/thumb/v8-m.main+fp/hard\libcr_c.a(_deferredlazyseek.o)
[...]
Memory Configuration

Name             Origin             Length             Attributes
PROGRAM_FLASH0   0x00000000         0x00100000         xr
PROGRAM_FLASH1   0x00100000         0x00100000         xr
SRAM             0x20000000         0x00060000         xrw
SRAMX            0x04000000         0x00018000         xrw
SRAMH            0x20060000         0x00008000         xrw
USB_RAM          0x400ba000         0x00001000         xrw
*default*        0x00000000         0xffffffff

Linker script and memory map

LOAD ./utilities/str/fsl_str.o
LOAD ./utilities/debug_console_lite/fsl_debug_console.o
LOAD ./utilities/fsl_assert.o
LOAD ./utilities/fsl_memcpy.o
LOAD ./startup/boot_multicore_slave.o
LOAD ./startup/startup_mcxn947_cm33_core0.o
LOAD ./source/esc.o
LOAD ./source/hbridge.o
LOAD ./source/main.o
LOAD ./source/pixy.o
LOAD ./source/semihost_hardfault.o
LOAD ./source/servo.o
LOAD ./source/simple_movement.o
LOAD ./drivers/fsl_clock.o
LOAD ./drivers/fsl_common.o
LOAD ./drivers/fsl_common_arm.o
LOAD ./drivers/fsl_ctimer.o
LOAD ./drivers/fsl_edma.o
LOAD ./drivers/fsl_edma_soc.o
LOAD ./drivers/fsl_gpio.o
LOAD ./drivers/fsl_inputmux.o
LOAD ./drivers/fsl_lpflexcomm.o
LOAD ./drivers/fsl_lpi2c.o
LOAD ./drivers/fsl_lpi2c_cmsis.o
LOAD ./drivers/fsl_lpi2c_edma.o
LOAD ./drivers/fsl_lpuart.o
LOAD ./drivers/fsl_pwm.o
LOAD ./drivers/fsl_reset.o
LOAD ./drivers/fsl_spc.o
LOAD ./device/system_MCXN947_cm33_core0.o
LOAD ./component/uart/fsl_adapter_lpuart.o
LOAD ./board/board.o
LOAD ./board/clock_config.o
LOAD ./board/hardware_init.o
LOAD ./board/peripherals.o
LOAD ./board/pin_mux.o
START GROUP
LOAD C:/NXP/MCUXpressoIDE_25.6.136/ide/plugins/com.nxp.mcuxpresso.tools.win32_25.6.0.202501151204/tools/bin/../lib/gcc/arm-none-eabi/14.2.1/../../../../arm-none-eabi/lib/thumb/v8-m.main+fp/hard\libcr_semihost_nf.a
LOAD C:/NXP/MCUXpressoIDE_25.6.136/ide/plugins/com.nxp.mcuxpresso.tools.win32_25.6.0.202501151204/tools/bin/../lib/gcc/arm-none-eabi/14.2.1/../../../../arm-none-eabi/lib/thumb/v8-m.main+fp/hard\libcr_c.a
LOAD C:/NXP/MCUXpressoIDE_25.6.136/ide/plugins/com.nxp.mcuxpresso.tools.win32_25.6.0.202501151204/tools/bin/../lib/gcc/arm-none-eabi/14.2.1/thumb/v8-m.main+fp/hard\libcr_eabihelpers.a
LOAD C:/NXP/MCUXpressoIDE_25.6.136/ide/plugins/com.nxp.mcuxpresso.tools.win32_25.6.0.202501151204/tools/bin/../lib/gcc/arm-none-eabi/14.2.1/thumb/v8-m.main+fp/hard\libgcc.a
END GROUP
                0x00000000                        __base_PROGRAM_FLASH0 = 0x0
                0x00000000                        __base_Flash = 0x0
                0x00100000                        __top_PROGRAM_FLASH0 = 0x100000
                0x00100000                        __top_Flash = 0x100000
                0x00100000                        __base_PROGRAM_FLASH1 = 0x100000
                0x00100000                        __base_Flash2 = 0x100000
                0x00200000                        __top_PROGRAM_FLASH1 = 0x200000
                0x00200000                        __top_Flash2 = 0x200000
                0x20000000                        __base_SRAM = 0x20000000
                0x20000000                        __base_RAM = 0x20000000
                0x20060000                        __top_SRAM = 0x20060000
                0x20060000                        __top_RAM = 0x20060000
                0x04000000                        __base_SRAMX = 0x4000000
                0x04000000                        __base_RAM2 = 0x4000000
                0x04018000                        __top_SRAMX = 0x4018000
                0x04018000                        __top_RAM2 = 0x4018000
                0x20060000                        __base_SRAMH = 0x20060000
                0x20060000                        __base_RAM3 = 0x20060000
                0x20068000                        __top_SRAMH = 0x20068000
                0x20068000                        __top_RAM3 = 0x20068000
                0x400ba000                        __base_USB_RAM = 0x400ba000
                0x400ba000                        __base_RAM4 = 0x400ba000
                0x400bb000                        __top_USB_RAM = 0x400bb000
                0x400bb000                        __top_RAM4 = 0x400bb000

.text_Flash2    0x00100000        0x0
 FILL mask 0xff
 *(SORT_BY_ALIGNMENT(.text_Flash2))
 *(SORT_BY_ALIGNMENT(.text_PROGRAM_FLASH1))
 *(SORT_BY_ALIGNMENT(.text.$Flash2))
 *(SORT_BY_ALIGNMENT(.text.$PROGRAM_FLASH1))
 *(SORT_BY_ALIGNMENT(.text_Flash2.*))
 *(SORT_BY_ALIGNMENT(.text_PROGRAM_FLASH1.*))
 *(SORT_BY_ALIGNMENT(.text.$Flash2.*))
 *(SORT_BY_ALIGNMENT(.text.$PROGRAM_FLASH1.*))
 *(SORT_BY_ALIGNMENT(.rodata.$Flash2))
 *(SORT_BY_ALIGNMENT(.rodata.$PROGRAM_FLASH1))
 *(SORT_BY_ALIGNMENT(.rodata.$Flash2.*))
 *(SORT_BY_ALIGNMENT(.rodata.$PROGRAM_FLASH1.*))

.text           0x00000000     0x7dd0
 FILL mask 0xff
                0x00000000                        __vectors_start__ = ABSOLUTE (.)
 *(SORT_BY_ALIGNMENT(.isr_vector))
 .isr_vector    0x00000000      0x2b0 ./startup/startup_mcxn947_cm33_core0.o
                0x00000000                g_pfnVectors
                0x00000000                __Vectors
                0x000002b0                        . = ALIGN (0x4)
                0x000002b0                        __section_table_start = .
                0x000002b0                        __data_section_table = .
                0x000002b0        0x4 LONG 0x7dd0 LOADADDR (.data)
                0x000002b4        0x4 LONG 0x20000000 ADDR (.data)
                0x000002b8        0x4 LONG 0x54 SIZEOF (.data)
                0x000002bc        0x4 LONG 0x7dd0 LOADADDR (.data_RAM2)
                0x000002c0        0x4 LONG 0x4000000 ADDR (.data_RAM2)
                0x000002c4        0x4 LONG 0x0 SIZEOF (.data_RAM2)
                0x000002c8        0x4 LONG 0x7dd0 LOADADDR (.data_RAM3)
                0x000002cc        0x4 LONG 0x20060000 ADDR (.data_RAM3)
                0x000002d0        0x4 LONG 0x0 SIZEOF (.data_RAM3)
                0x000002d4        0x4 LONG 0x7dd0 LOADADDR (.data_RAM4)
                0x000002d8        0x4 LONG 0x400ba000 ADDR (.data_RAM4)
                0x000002dc        0x4 LONG 0x0 SIZEOF (.data_RAM4)
                0x000002e0                        __data_section_table_end = .
                0x000002e0                        __bss_section_table = .
                0x000002e0        0x4 LONG 0x20000054 ADDR (.bss)
                0x000002e4        0x4 LONG 0x3c8 SIZEOF (.bss)
                0x000002e8        0x4 LONG 0x4000000 ADDR (.bss_RAM2)
                0x000002ec        0x4 LONG 0x0 SIZEOF (.bss_RAM2)
                0x000002f0        0x4 LONG 0x20060000 ADDR (.bss_RAM3)
                0x000002f4        0x4 LONG 0x0 SIZEOF (.bss_RAM3)
                0x000002f8        0x4 LONG 0x400ba000 ADDR (.bss_RAM4)
                0x000002fc        0x4 LONG 0x0 SIZEOF (.bss_RAM4)
                0x00000300                        __bss_section_table_end = .
                0x00000300                        __section_table_end = .
 *(SORT_BY_ALIGNMENT(.after_vectors*))
 .after_vectors.reset
                0x00000300       0x68 ./startup/startup_mcxn947_cm33_core0.o
                0x00000300                ResetISR
 .after_vectors.init_data
                0x00000368       0x1e ./startup/startup_mcxn947_cm33_core0.o
                0x00000368                data_init
 .after_vectors.init_bss
                0x00000386       0x12 ./startup/startup_mcxn947_cm33_core0.o
                0x00000386                bss_init
 .after_vectors
                0x00000398       0x16 ./startup/startup_mcxn947_cm33_core0.o
                0x00000398                NMI_Handler
                0x0000039c                MemManage_Handler
                0x0000039e                BusFault_Handler
                0x000003a0                UsageFault_Handler
                0x000003a2                SecureFault_Handler
                0x000003a4                SVC_Handler
                0x000003a6                DebugMon_Handler
                0x000003a8                PendSV_Handler
                0x000003aa                SysTick_Handler
                0x000003ac                CMC0_DriverIRQHandler
                0x000003ac                PKC_ERR_DriverIRQHandler
                0x000003ac                SCG_DriverIRQHandler
                0x000003ac                FLEXPWM1_SUBMODULE1_DriverIRQHandler
                0x000003ac                FLEXPWM0_SUBMODULE1_DriverIRQHandler
                0x000003ac                LPTMR0_DriverIRQHandler
                0x000003ac                QDC1_HOME_DriverIRQHandler
                0x000003ac                I3C0_DriverIRQHandler
                0x000003ac                FLEXPWM0_RELOAD_ERROR_DriverIRQHandler
                0x000003ac                QDC0_HOME_DriverIRQHandler
                0x000003ac                Reserved167_DriverIRQHandler
                0x000003ac                SEC_VIO_DriverIRQHandler
                0x000003ac                ERM_MULTI_BIT_ERROR_DriverIRQHandler
                0x000003ac                GPIO31_DriverIRQHandler
                0x000003ac                EWM0_DriverIRQHandler
                0x000003ac                PKC_DriverIRQHandler
                0x000003ac                USB1_HS_PHY_DriverIRQHandler
                0x000003ac                QDC0_IDX_DriverIRQHandler
                0x000003ac                ELS_DriverIRQHandler
                0x000003ac                Reserved166_DriverIRQHandler
                0x000003ac                ETHERNET_DriverIRQHandler
                0x000003ac                QDC1_IDX_DriverIRQHandler
                0x000003ac                FLEXPWM1_SUBMODULE3_DriverIRQHandler
                0x000003ac                DAC1_DriverIRQHandler
                0x000003ac                EMVSIM0_DriverIRQHandler
                0x000003ac                ITRC0_DriverIRQHandler
                0x000003ac                ETB0_DriverIRQHandler
                0x000003ac                Freqme_DriverIRQHandler
                0x000003ac                Reserved80_DriverIRQHandler
                0x000003ac                USB0_FS_DriverIRQHandler
                0x000003ac                ELS_ERR_DriverIRQHandler
                0x000003ac                FLEXIO_DriverIRQHandler
                0x000003ac                DAC0_DriverIRQHandler
                0x000003ac                MRT0_DriverIRQHandler
                0x000003ac                UTICK0_DriverIRQHandler
                0x000003ac                FLEXPWM0_SUBMODULE2_DriverIRQHandler
                0x000003ac                GPIO01_DriverIRQHandler
                0x000003ac                WWDT0_DriverIRQHandler
                0x000003ac                USDHC0_DriverIRQHandler
                0x000003ac                GPIO00_DriverIRQHandler
                0x000003ac                GPIO11_DriverIRQHandler
                0x000003ac                BSP32_DriverIRQHandler
                0x000003ac                FLEXPWM0_FAULT_DriverIRQHandler
                0x000003ac                SAI1_DriverIRQHandler
                0x000003ac                ERM_SINGLE_BIT_ERROR_DriverIRQHandler
                0x000003ac                GPIO21_DriverIRQHandler
                0x000003ac                FLEXPWM1_FAULT_DriverIRQHandler
                0x000003ac                GPIO30_DriverIRQHandler
                0x000003ac                QDC0_COMPARE_DriverIRQHandler
                0x000003ac                WWDT1_DriverIRQHandler
                0x000003ac                ADC1_DriverIRQHandler
                0x000003ac                PQ_DriverIRQHandler
                0x000003ac                ETHERNET_MACLP_DriverIRQHandler
                0x000003ac                USB0_DCD_DriverIRQHandler
                0x000003ac                MAILBOX_DriverIRQHandler
                0x000003ac                WUU_DriverIRQHandler
                0x000003ac                FLEXPWM1_SUBMODULE0_DriverIRQHandler
                0x000003ac                CDOG1_DriverIRQHandler
                0x000003ac                TSI_OUT_OF_SCAN_DriverIRQHandler
                0x000003ac                PUF_DriverIRQHandler
                0x000003ac                SPC_DriverIRQHandler
                0x000003ac                RTC_DriverIRQHandler
                0x000003ac                VBAT0_DriverIRQHandler
                0x000003ac                Reserved65_DriverIRQHandler
                0x000003ac                HSCMP2_DriverIRQHandler
                0x000003ac                PINT0_DriverIRQHandler
                0x000003ac                PDM_EVENT_DriverIRQHandler
                0x000003ac                IntDefaultHandler
                0x000003ac                ETHERNET_PMT_DriverIRQHandler
                0x000003ac                FLEXPWM1_RELOAD_ERROR_DriverIRQHandler
                0x000003ac                FMU0_DriverIRQHandler
                0x000003ac                QDC1_COMPARE_DriverIRQHandler
                0x000003ac                LPTMR1_DriverIRQHandler
                0x000003ac                GPIO40_DriverIRQHandler
                0x000003ac                CTI0_DriverIRQHandler
                0x000003ac                FLEXPWM1_SUBMODULE2_DriverIRQHandler
                0x000003ac                GPIO20_DriverIRQHandler
                0x000003ac                QDC1_WDG_SAB_DriverIRQHandler
                0x000003ac                GDET_DriverIRQHandler
                0x000003ac                PORT_EFT_DriverIRQHandler
                0x000003ac                Reserved85_DriverIRQHandler
                0x000003ac                Reserved81_DriverIRQHandler
                0x000003ac                TSI_END_OF_SCAN_DriverIRQHandler
                0x000003ac                FLEXPWM0_SUBMODULE3_DriverIRQHandler
                0x000003ac                ADC0_DriverIRQHandler
                0x000003ac                OR_DriverIRQHandler
                0x000003ac                USB1_HS_DriverIRQHandler
                0x000003ac                DAC2_DriverIRQHandler
                0x000003ac                GPIO51_DriverIRQHandler
                0x000003ac                HSCMP0_DriverIRQHandler
                0x000003ac                QDC0_WDG_SAB_DriverIRQHandler
                0x000003ac                CDOG0_DriverIRQHandler
                0x000003ac                CAN0_DriverIRQHandler
                0x000003ac                SMARTDMA_DriverIRQHandler
                0x000003ac                SAI0_DriverIRQHandler
                0x000003ac                EMVSIM1_DriverIRQHandler
                0x000003ac                I3C1_DriverIRQHandler
                0x000003ac                HSCMP1_DriverIRQHandler
                0x000003ac                FLEXSPI0_DriverIRQHandler
                0x000003ac                GPIO50_DriverIRQHandler
                0x000003ac                GPIO10_DriverIRQHandler
                0x000003ac                SCT0_DriverIRQHandler
                0x000003ac                CAN1_DriverIRQHandler
                0x000003ac                PLU_DriverIRQHandler
                0x000003ac                FLEXPWM0_SUBMODULE0_DriverIRQHandler
                0x000003ac                OS_EVENT_DriverIRQHandler
                0x000003ac                SINC_FILTER_DriverIRQHandler
                0x000003ac                NPU_DriverIRQHandler
                0x000003ac                GPIO41_DriverIRQHandler
                0x000003ac                SEC_HYPERVISOR_CALL_DriverIRQHandler
 *(SORT_BY_ALIGNMENT(.text*))
 *fill*         0x000003ae        0x2 ff
 .text.__assertion_failed
                0x000003b0       0x2c ./utilities/fsl_assert.o
                0x000003b0                __assertion_failed
 .text.HbridgeInit
                0x000003dc       0x6c ./source/hbridge.o
                0x000003dc                HbridgeInit
 .text.main     0x00000448      0x2b8 ./source/main.o
                0x00000448                main
 .text.pixy_edma_cb
                0x00000700       0x2c ./source/pixy.o
 .text.pixy_init
                0x0000072c       0x44 ./source/pixy.o
                0x0000072c                pixy_init
 .text.pixy_send
                0x00000770       0x70 ./source/pixy.o
 .text.pixy_recv
                0x000007e0       0x74 ./source/pixy.o
 .text.pixy_get_vectors
                0x00000854      0x19c ./source/pixy.o
                0x00000854                pixy_get_vectors
 .text.Steer    0x000009f0      0x100 ./source/servo.o
                0x000009f0                Steer
 .text.CLOCK_IsPLL0Locked
                0x00000af0       0x28 ./drivers/fsl_clock.o
 .text.CLOCK_SetupFROHFClocking
                0x00000b18       0x9c ./drivers/fsl_clock.o
                0x00000b18                CLOCK_SetupFROHFClocking
 .text.CLOCK_SetPll0MonitorMode
                0x00000bb4       0x38 ./drivers/fsl_clock.o
                0x00000bb4                CLOCK_SetPll0MonitorMode
 .text.CLOCK_AttachClk
                0x00000bec       0xb0 ./drivers/fsl_clock.o
                0x00000bec                CLOCK_AttachClk
 .text.CLOCK_SetClkDiv
                0x00000c9c       0x54 ./drivers/fsl_clock.o
                0x00000c9c                CLOCK_SetClkDiv
 .text.CLOCK_GetPLL0InClockRate
                0x00000cf0       0x5c ./drivers/fsl_clock.o
                0x00000cf0                CLOCK_GetPLL0InClockRate
 .text.CLOCK_SetPLL0Freq
                0x00000d4c      0x10c ./drivers/fsl_clock.o
                0x00000d4c                CLOCK_SetPLL0Freq
 .text.CLOCK_GetClk48MFreq
                0x00000e58       0x2c ./drivers/fsl_clock.o
 .text.CLOCK_GetExtClkFreq
                0x00000e84       0x2c ./drivers/fsl_clock.o
 .text.CLOCK_GetOsc32KFreq
                0x00000eb0       0x4c ./drivers/fsl_clock.o
 .text.findPll0PreDiv
                0x00000efc       0x40 ./drivers/fsl_clock.o
 .text.findPll0PostDiv
                0x00000f3c       0x60 ./drivers/fsl_clock.o
 .text.findPll0MMult
                0x00000f9c       0xac ./drivers/fsl_clock.o
 .text.__NVIC_EnableIRQ
                0x00001048       0x3c ./drivers/fsl_ctimer.o
 .text.CTIMER_GetInstance
                0x00001084       0x54 ./drivers/fsl_ctimer.o
 .text.CTIMER_Init
                0x000010d8       0x80 ./drivers/fsl_ctimer.o
                0x000010d8                CTIMER_Init
 .text.CTIMER_SetupPwmPeriod
                0x00001158       0xd8 ./drivers/fsl_ctimer.o
                0x00001158                CTIMER_SetupPwmPeriod
 .text.CTIMER_UpdatePwmDutycycle
                0x00001230       0xc4 ./drivers/fsl_ctimer.o
                0x00001230                CTIMER_UpdatePwmDutycycle
 .text.CTIMER_GenericIRQHandler
                0x000012f4       0xb4 ./drivers/fsl_ctimer.o
 .text.__NVIC_EnableIRQ
                0x000013a8       0x3c ./drivers/fsl_edma.o
 .text.EDMA_SetChannelMux
                0x000013e4       0x4c ./drivers/fsl_edma.o
 .text.EDMA_EnableChannelMasterIDReplication
                0x00001430       0x70 ./drivers/fsl_edma.o
 .text.EDMA_SetChannelSecurityLevel
                0x000014a0       0x70 ./drivers/fsl_edma.o
 .text.EDMA_SetChannelProtectionLevel
                0x00001510       0x70 ./drivers/fsl_edma.o
 .text.EDMA_GetInstance
                0x00001580       0x4c ./drivers/fsl_edma.o
 .text.EDMA_Init
                0x000015cc       0xdc ./drivers/fsl_edma.o
                0x000015cc                EDMA_Init
 .text.EDMA_InitChannel
                0x000016a8       0x70 ./drivers/fsl_edma.o
                0x000016a8                EDMA_InitChannel
 .text.EDMA_ResetChannel
                0x00001718       0x40 ./drivers/fsl_edma.o
                0x00001718                EDMA_ResetChannel
 .text.EDMA_SetTransferConfig
                0x00001758       0x54 ./drivers/fsl_edma.o
                0x00001758                EDMA_SetTransferConfig
 .text.EDMA_SetChannelPreemptionConfig
                0x000017ac       0x6c ./drivers/fsl_edma.o
                0x000017ac                EDMA_SetChannelPreemptionConfig
 .text.EDMA_TcdResetExt
                0x00001818       0x78 ./drivers/fsl_edma.o
                0x00001818                EDMA_TcdResetExt
 .text.EDMA_TcdSetTransferConfigExt
                0x00001890       0x78 ./drivers/fsl_edma.o
                0x00001890                EDMA_TcdSetTransferConfigExt
 .text.EDMA_ConfigChannelSoftwareTCDExt
                0x00001908      0x3a8 ./drivers/fsl_edma.o
                0x00001908                EDMA_ConfigChannelSoftwareTCDExt
 .text.EDMA_TcdEnableInterruptsExt
                0x00001cb0       0x58 ./drivers/fsl_edma.o
                0x00001cb0                EDMA_TcdEnableInterruptsExt
 .text.EDMA_EnableChannelInterrupts
                0x00001d08       0xac ./drivers/fsl_edma.o
                0x00001d08                EDMA_EnableChannelInterrupts
 .text.EDMA_ClearChannelStatusFlags
                0x00001db4       0x94 ./drivers/fsl_edma.o
                0x00001db4                EDMA_ClearChannelStatusFlags
 .text.EDMA_CreateHandle
                0x00001e48       0xfc ./drivers/fsl_edma.o
                0x00001e48                EDMA_CreateHandle
 .text.EDMA_SetCallback
                0x00001f44       0x30 ./drivers/fsl_edma.o
                0x00001f44                EDMA_SetCallback
 .text.EDMA_StartTransfer
                0x00001f74       0x9c ./drivers/fsl_edma.o
                0x00001f74                EDMA_StartTransfer
 .text.EDMA_StopTransfer
                0x00002010       0x34 ./drivers/fsl_edma.o
                0x00002010                EDMA_StopTransfer
 .text.EDMA_HandleIRQ
                0x00002044      0x1a4 ./drivers/fsl_edma.o
                0x00002044                EDMA_HandleIRQ
 .text.EDMA_DriverIRQHandler
                0x000021e8       0x4c ./drivers/fsl_edma.o
                0x000021e8                EDMA_DriverIRQHandler
 .text.GPIO_GetInstance
                0x00002234       0x4c ./drivers/fsl_gpio.o
 .text.GPIO_PortClockEnable
                0x00002280       0x54 ./drivers/fsl_gpio.o
 .text.GPIO_PinInit
                0x000022d4       0x6c ./drivers/fsl_gpio.o
                0x000022d4                GPIO_PinInit
 .text.LP_FLEXCOMM_GetBaseAddress
                0x00002340       0x2c ./drivers/fsl_lpflexcomm.o
                0x00002340                LP_FLEXCOMM_GetBaseAddress
 .text.LP_FLEXCOMM_GetInterruptStatus
                0x0000236c       0x28 ./drivers/fsl_lpflexcomm.o
                0x0000236c                LP_FLEXCOMM_GetInterruptStatus
 .text.LP_FLEXCOMM_SetPeriph
                0x00002394       0x94 ./drivers/fsl_lpflexcomm.o
 .text.LP_FLEXCOMM_Init
                0x00002428       0x58 ./drivers/fsl_lpflexcomm.o
                0x00002428                LP_FLEXCOMM_Init
 .text.LP_FLEXCOMM_SetIRQHandler
                0x00002480       0x70 ./drivers/fsl_lpflexcomm.o
                0x00002480                LP_FLEXCOMM_SetIRQHandler
 .text.LP_FLEXCOMM_CommonIRQHandler
                0x000024f0       0xb8 ./drivers/fsl_lpflexcomm.o
 .text.LPI2C_GetInstance
                0x000025a8       0x4c ./drivers/fsl_lpi2c.o
                0x000025a8                LPI2C_GetInstance
 .text.LPI2C_GetCyclesForWidth
                0x000025f4       0x9c ./drivers/fsl_lpi2c.o
 .text.LPI2C_MasterInit
                0x00002690      0x208 ./drivers/fsl_lpi2c.o
                0x00002690                LPI2C_MasterInit
 .text.LPI2C_MasterSetBaudRate
                0x00002898      0x2c4 ./drivers/fsl_lpi2c.o
                0x00002898                LPI2C_MasterSetBaudRate
 .text.__NVIC_EnableIRQ
                0x00002b5c       0x3c ./drivers/fsl_lpi2c_edma.o
 .text.LPI2C_MasterCreateEDMAHandle
                0x00002b98       0xe4 ./drivers/fsl_lpi2c_edma.o
                0x00002b98                LPI2C_MasterCreateEDMAHandle
 .text.LPI2C_MasterTransferEDMA
                0x00002c7c      0x30c ./drivers/fsl_lpi2c_edma.o
                0x00002c7c                LPI2C_MasterTransferEDMA
 .text.LPI2C_MasterTransferEdmaHandleIRQ
                0x00002f88      0x104 ./drivers/fsl_lpi2c_edma.o
 .text.RESET_SetPeripheralReset
                0x0000308c       0x64 ./drivers/fsl_reset.o
                0x0000308c                RESET_SetPeripheralReset
 .text.RESET_ClearPeripheralReset
                0x000030f0       0x64 ./drivers/fsl_reset.o
                0x000030f0                RESET_ClearPeripheralReset
 .text.SPC_SetSRAMOperateVoltage
                0x00003154       0x58 ./drivers/fsl_spc.o
                0x00003154                SPC_SetSRAMOperateVoltage
 .text.SPC_SetActiveModeCoreLDORegulatorConfig
                0x000031ac       0x94 ./drivers/fsl_spc.o
                0x000031ac                SPC_SetActiveModeCoreLDORegulatorConfig
 .text.SPC_SetActiveModeDCDCRegulatorConfig
                0x00003240       0x68 ./drivers/fsl_spc.o
                0x00003240                SPC_SetActiveModeDCDCRegulatorConfig
 .text.SystemInit
                0x000032a8      0x124 ./device/system_MCXN947_cm33_core0.o
                0x000032a8                SystemInit
 .text.BOARD_InitDebugConsole
                0x000033cc       0x2c ./board/board.o
                0x000033cc                BOARD_InitDebugConsole
 .text.BOARD_BootClockPLL150M
                0x000033f8      0x174 ./board/clock_config.o
                0x000033f8                BOARD_BootClockPLL150M
 .text.__NVIC_EnableIRQ
                0x0000356c       0x3c ./board/peripherals.o
 .text.__NVIC_SetPriority
                0x000035a8       0x54 ./board/peripherals.o
 .text.EDMA_SetChannelMux
                0x000035fc       0x4c ./board/peripherals.o
 .text.CTIMER0_init
                0x00003648       0x54 ./board/peripherals.o
 .text.CTIMER2_init
                0x0000369c       0x3c ./board/peripherals.o
 .text.LP_FLEXCOMM2_init
                0x000036d8       0x70 ./board/peripherals.o
 .text.CTIMER4_init
                0x00003748       0x18 ./board/peripherals.o
 .text.BOARD_InitPeripherals
                0x00003760       0x40 ./board/peripherals.o
                0x00003760                BOARD_InitPeripherals
 .text.PORT_SetPinConfig
                0x000037a0       0x38 ./board/pin_mux.o
 .text.BOARD_InitPins
                0x000037d8      0x178 ./board/pin_mux.o
                0x000037d8                BOARD_InitPins
 .text.malloc   0x00003950       0xc8 C:/NXP/MCUXpressoIDE_25.6.136/ide/plugins/com.nxp.mcuxpresso.tools.win32_25.6.0.202501151204/tools/bin/../lib/gcc/arm-none-eabi/14.2.1/../../../../arm-none-eabi/lib/thumb/v8-m.main+fp/hard\libcr_c.a(alloc.o)
                0x00003950                malloc
 .text._Csys_alloc
                0x00003a18       0x20 C:/NXP/MCUXpressoIDE_25.6.136/ide/plugins/com.nxp.mcuxpresso.tools.win32_25.6.0.202501151204/tools/bin/../lib/gcc/arm-none-eabi/14.2.1/../../../../arm-none-eabi/lib/thumb/v8-m.main+fp/hard\libcr_c.a(alloc.o)
                0x00003a18                _Csys_alloc
 .text._initio  0x00003a38       0x78 C:/NXP/MCUXpressoIDE_25.6.136/ide/plugins/com.nxp.mcuxpresso.tools.win32_25.6.0.202501151204/tools/bin/../lib/gcc/arm-none-eabi/14.2.1/../../../../arm-none-eabi/lib/thumb/v8-m.main+fp/hard\libcr_c.a(initio.o)
                0x00003a38                _initio
 .text.__vfprintf
                0x00003ab0      0xb64 C:/NXP/MCUXpressoIDE_25.6.136/ide/plugins/com.nxp.mcuxpresso.tools.win32_25.6.0.202501151204/tools/bin/../lib/gcc/arm-none-eabi/14.2.1/../../../../arm-none-eabi/lib/thumb/v8-m.main+fp/hard\libcr_c.a(printf.o)
                0x00003ab0                __vfprintf
 .text._vsnprintf
                0x00004614       0x68 C:/NXP/MCUXpressoIDE_25.6.136/ide/plugins/com.nxp.mcuxpresso.tools.win32_25.6.0.202501151204/tools/bin/../lib/gcc/arm-none-eabi/14.2.1/../../../../arm-none-eabi/lib/thumb/v8-m.main+fp/hard\libcr_c.a(printf.o)
                0x00004614                _vsnprintf
 .text._printf  0x0000467c       0x54 C:/NXP/MCUXpressoIDE_25.6.136/ide/plugins/com.nxp.mcuxpresso.tools.win32_25.6.0.202501151204/tools/bin/../lib/gcc/arm-none-eabi/14.2.1/../../../../arm-none-eabi/lib/thumb/v8-m.main+fp/hard\libcr_c.a(printf.o)
                0x0000467c                _printf
 .text._sbrk    0x000046d0       0x3c C:/NXP/MCUXpressoIDE_25.6.136/ide/plugins/com.nxp.mcuxpresso.tools.win32_25.6.0.202501151204/tools/bin/../lib/gcc/arm-none-eabi/14.2.1/../../../../arm-none-eabi/lib/thumb/v8-m.main+fp/hard\libcr_c.a(_cr_sbrk.o)
                0x000046d0                _sbrk
 .text._Cwritebuf
                0x0000470c       0x70 C:/NXP/MCUXpressoIDE_25.6.136/ide/plugins/com.nxp.mcuxpresso.tools.win32_25.6.0.202501151204/tools/bin/../lib/gcc/arm-none-eabi/14.2.1/../../../../arm-none-eabi/lib/thumb/v8-m.main+fp/hard\libcr_c.a(_writebuf.o)
                0x0000470c                _Cwritebuf
 .text.fflush   0x0000477c       0x3c C:/NXP/MCUXpressoIDE_25.6.136/ide/plugins/com.nxp.mcuxpresso.tools.win32_25.6.0.202501151204/tools/bin/../lib/gcc/arm-none-eabi/14.2.1/../../../../arm-none-eabi/lib/thumb/v8-m.main+fp/hard\libcr_c.a(fflush.o)
                0x0000477c                fflush
 .text.fseek    0x000047b8       0xf8 C:/NXP/MCUXpressoIDE_25.6.136/ide/plugins/com.nxp.mcuxpresso.tools.win32_25.6.0.202501151204/tools/bin/../lib/gcc/arm-none-eabi/14.2.1/../../../../arm-none-eabi/lib/thumb/v8-m.main+fp/hard\libcr_c.a(fseek.o)
                0x000047b8                fseek
 .text.ftell    0x000048b0       0x44 C:/NXP/MCUXpressoIDE_25.6.136/ide/plugins/com.nxp.mcuxpresso.tools.win32_25.6.0.202501151204/tools/bin/../lib/gcc/arm-none-eabi/14.2.1/../../../../arm-none-eabi/lib/thumb/v8-m.main+fp/hard\libcr_c.a(ftell.o)
                0x000048b0                ftell
 .text.__check_heap_overflow
                0x000048f4       0x18 C:/NXP/MCUXpressoIDE_25.6.136/ide/plugins/com.nxp.mcuxpresso.tools.win32_25.6.0.202501151204/tools/bin/../lib/gcc/arm-none-eabi/14.2.1/../../../../arm-none-eabi/lib/thumb/v8-m.main+fp/hard\libcr_c.a(_cr_check_heap.o)
                0x000048f4                __check_heap_overflow
 .text.__aeabi_dmul
                0x0000490c       0xfc C:/NXP/MCUXpressoIDE_25.6.136/ide/plugins/com.nxp.mcuxpresso.tools.win32_25.6.0.202501151204/tools/bin/../lib/gcc/arm-none-eabi/14.2.1/thumb/v8-m.main+fp/hard\libcr_eabihelpers.a(double.o)
                0x0000490c                __aeabi_dmul
 .text.__aeabi_ddiv
                0x00004a08      0x134 C:/NXP/MCUXpressoIDE_25.6.136/ide/plugins/com.nxp.mcuxpresso.tools.win32_25.6.0.202501151204/tools/bin/../lib/gcc/arm-none-eabi/14.2.1/thumb/v8-m.main+fp/hard\libcr_eabihelpers.a(double.o)
                0x00004a08                __aeabi_ddiv
 .text.__aeabi_dsub
                0x00004b3c      0x1b4 C:/NXP/MCUXpressoIDE_25.6.136/ide/plugins/com.nxp.mcuxpresso.tools.win32_25.6.0.202501151204/tools/bin/../lib/gcc/arm-none-eabi/14.2.1/thumb/v8-m.main+fp/hard\libcr_eabihelpers.a(double.o)
                0x00004b3c                __aeabi_dsub
 .text.__aeabi_dadd
                0x00004cf0      0x128 C:/NXP/MCUXpressoIDE_25.6.136/ide/plugins/com.nxp.mcuxpresso.tools.win32_25.6.0.202501151204/tools/bin/../lib/gcc/arm-none-eabi/14.2.1/thumb/v8-m.main+fp/hard\libcr_eabihelpers.a(double.o)
                0x00004cf0                __aeabi_dadd
 .text.__sys_appexit
                0x00004e18        0xc C:/NXP/MCUXpressoIDE_25.6.136/ide/plugins/com.nxp.mcuxpresso.tools.win32_25.6.0.202501151204/tools/bin/../lib/gcc/arm-none-eabi/14.2.1/../../../../arm-none-eabi/lib/thumb/v8-m.main+fp/hard\libcr_semihost_nf.a(__sys_appexit.o)
                0x00004e18                __sys_appexit
                0x00004e18                __exit
 .text.fsl_assert_hook
                0x00004e24       0x1a ./utilities/fsl_assert.o
                0x00004e24                fsl_assert_hook
 .text.OR_IRQHandler
                0x00004e3e        0x8 ./startup/startup_mcxn947_cm33_core0.o
                0x00004e3e                OR_IRQHandler
 .text.EDMA_0_CH0_IRQHandler
                0x00004e46        0x8 ./startup/startup_mcxn947_cm33_core0.o
                0x00004e46                EDMA_0_CH0_IRQHandler
 .text.EDMA_0_CH1_IRQHandler
                0x00004e4e        0x8 ./startup/startup_mcxn947_cm33_core0.o
                0x00004e4e                EDMA_0_CH1_IRQHandler
 .text.EDMA_0_CH2_IRQHandler
                0x00004e56        0x8 ./startup/startup_mcxn947_cm33_core0.o
                0x00004e56                EDMA_0_CH2_IRQHandler
 .text.EDMA_0_CH3_IRQHandler
                0x00004e5e        0x8 ./startup/startup_mcxn947_cm33_core0.o
                0x00004e5e                EDMA_0_CH3_IRQHandler
 .text.EDMA_0_CH4_IRQHandler
                0x00004e66        0x8 ./startup/startup_mcxn947_cm33_core0.o
                0x00004e66                EDMA_0_CH4_IRQHandler
 .text.EDMA_0_CH5_IRQHandler
                0x00004e6e        0x8 ./startup/startup_mcxn947_cm33_core0.o
                0x00004e6e                EDMA_0_CH5_IRQHandler
 .text.EDMA_0_CH6_IRQHandler
                0x00004e76        0x8 ./startup/startup_mcxn947_cm33_core0.o
                0x00004e76                EDMA_0_CH6_IRQHandler
 .text.EDMA_0_CH7_IRQHandler
                0x00004e7e        0x8 ./startup/startup_mcxn947_cm33_core0.o
                0x00004e7e                EDMA_0_CH7_IRQHandler
 .text.EDMA_0_CH8_IRQHandler
                0x00004e86        0x8 ./startup/startup_mcxn947_cm33_core0.o
                0x00004e86                EDMA_0_CH8_IRQHandler
 .text.EDMA_0_CH9_IRQHandler
                0x00004e8e        0x8 ./startup/startup_mcxn947_cm33_core0.o
                0x00004e8e                EDMA_0_CH9_IRQHandler
 .text.EDMA_0_CH10_IRQHandler
                0x00004e96        0x8 ./startup/startup_mcxn947_cm33_core0.o
                0x00004e96                EDMA_0_CH10_IRQHandler
 .text.EDMA_0_CH11_IRQHandler
                0x00004e9e        0x8 ./startup/startup_mcxn947_cm33_core0.o
                0x00004e9e                EDMA_0_CH11_IRQHandler
 .text.EDMA_0_CH12_IRQHandler
                0x00004ea6        0x8 ./startup/startup_mcxn947_cm33_core0.o
                0x00004ea6                EDMA_0_CH12_IRQHandler
 .text.EDMA_0_CH13_IRQHandler
                0x00004eae        0x8 ./startup/startup_mcxn947_cm33_core0.o
                0x00004eae                EDMA_0_CH13_IRQHandler
 .text.EDMA_0_CH14_IRQHandler
                0x00004eb6        0x8 ./startup/startup_mcxn947_cm33_core0.o
                0x00004eb6                EDMA_0_CH14_IRQHandler
 .text.EDMA_0_CH15_IRQHandler
                0x00004ebe        0x8 ./startup/startup_mcxn947_cm33_core0.o
                0x00004ebe                EDMA_0_CH15_IRQHandler
 .text.GPIO00_IRQHandler
                0x00004ec6        0x8 ./startup/startup_mcxn947_cm33_core0.o
                0x00004ec6                GPIO00_IRQHandler
 .text.GPIO01_IRQHandler
                0x00004ece        0x8 ./startup/startup_mcxn947_cm33_core0.o
                0x00004ece                GPIO01_IRQHandler
 .text.GPIO10_IRQHandler
                0x00004ed6        0x8 ./startup/startup_mcxn947_cm33_core0.o
                0x00004ed6                GPIO10_IRQHandler
 .text.GPIO11_IRQHandler
                0x00004ede        0x8 ./startup/startup_mcxn947_cm33_core0.o
                0x00004ede                GPIO11_IRQHandler
 .text.GPIO20_IRQHandler
                0x00004ee6        0x8 ./startup/startup_mcxn947_cm33_core0.o
                0x00004ee6                GPIO20_IRQHandler
 .text.GPIO21_IRQHandler
                0x00004eee        0x8 ./startup/startup_mcxn947_cm33_core0.o
                0x00004eee                GPIO21_IRQHandler
 .text.GPIO30_IRQHandler
                0x00004ef6        0x8 ./startup/startup_mcxn947_cm33_core0.o
                0x00004ef6                GPIO30_IRQHandler
 .text.GPIO31_IRQHandler
                0x00004efe        0x8 ./startup/startup_mcxn947_cm33_core0.o
                0x00004efe                GPIO31_IRQHandler
 .text.GPIO40_IRQHandler
                0x00004f06        0x8 ./startup/startup_mcxn947_cm33_core0.o
                0x00004f06                GPIO40_IRQHandler
 .text.GPIO41_IRQHandler
                0x00004f0e        0x8 ./startup/startup_mcxn947_cm33_core0.o
                0x00004f0e                GPIO41_IRQHandler
 .text.GPIO50_IRQHandler
                0x00004f16        0x8 ./startup/startup_mcxn947_cm33_core0.o
                0x00004f16                GPIO50_IRQHandler
 .text.GPIO51_IRQHandler
                0x00004f1e        0x8 ./startup/startup_mcxn947_cm33_core0.o
                0x00004f1e                GPIO51_IRQHandler
 .text.UTICK0_IRQHandler
                0x00004f26        0x8 ./startup/startup_mcxn947_cm33_core0.o
                0x00004f26                UTICK0_IRQHandler
 .text.MRT0_IRQHandler
                0x00004f2e        0x8 ./startup/startup_mcxn947_cm33_core0.o
                0x00004f2e                MRT0_IRQHandler
 .text.CTIMER0_IRQHandler
                0x00004f36        0x8 ./startup/startup_mcxn947_cm33_core0.o
                0x00004f36                CTIMER0_IRQHandler
 .text.CTIMER1_IRQHandler
                0x00004f3e        0x8 ./startup/startup_mcxn947_cm33_core0.o
                0x00004f3e                CTIMER1_IRQHandler
 .text.SCT0_IRQHandler
                0x00004f46        0x8 ./startup/startup_mcxn947_cm33_core0.o
                0x00004f46                SCT0_IRQHandler
 .text.CTIMER2_IRQHandler
                0x00004f4e        0x8 ./startup/startup_mcxn947_cm33_core0.o
                0x00004f4e                CTIMER2_IRQHandler
 .text.LP_FLEXCOMM0_IRQHandler
                0x00004f56        0x8 ./startup/startup_mcxn947_cm33_core0.o
                0x00004f56                LP_FLEXCOMM0_IRQHandler
 .text.LP_FLEXCOMM1_IRQHandler
                0x00004f5e        0x8 ./startup/startup_mcxn947_cm33_core0.o
                0x00004f5e                LP_FLEXCOMM1_IRQHandler
 .text.LP_FLEXCOMM2_IRQHandler
                0x00004f66        0x8 ./startup/startup_mcxn947_cm33_core0.o
                0x00004f66                LP_FLEXCOMM2_IRQHandler
 .text.LP_FLEXCOMM3_IRQHandler
                0x00004f6e        0x8 ./startup/startup_mcxn947_cm33_core0.o
                0x00004f6e                LP_FLEXCOMM3_IRQHandler
 .text.LP_FLEXCOMM4_IRQHandler
                0x00004f76        0x8 ./startup/startup_mcxn947_cm33_core0.o
                0x00004f76                LP_FLEXCOMM4_IRQHandler
 .text.LP_FLEXCOMM5_IRQHandler
                0x00004f7e        0x8 ./startup/startup_mcxn947_cm33_core0.o
                0x00004f7e                LP_FLEXCOMM5_IRQHandler
 .text.LP_FLEXCOMM6_IRQHandler
                0x00004f86        0x8 ./startup/startup_mcxn947_cm33_core0.o
                0x00004f86                LP_FLEXCOMM6_IRQHandler
 .text.LP_FLEXCOMM7_IRQHandler
                0x00004f8e        0x8 ./startup/startup_mcxn947_cm33_core0.o
                0x00004f8e                LP_FLEXCOMM7_IRQHandler
 .text.LP_FLEXCOMM8_IRQHandler
                0x00004f96        0x8 ./startup/startup_mcxn947_cm33_core0.o
                0x00004f96                LP_FLEXCOMM8_IRQHandler
 .text.LP_FLEXCOMM9_IRQHandler
                0x00004f9e        0x8 ./startup/startup_mcxn947_cm33_core0.o
                0x00004f9e                LP_FLEXCOMM9_IRQHandler
 .text.ADC0_IRQHandler
                0x00004fa6        0x8 ./startup/startup_mcxn947_cm33_core0.o
                0x00004fa6                ADC0_IRQHandler
 .text.ADC1_IRQHandler
                0x00004fae        0x8 ./startup/startup_mcxn947_cm33_core0.o
                0x00004fae                ADC1_IRQHandler
 .text.PINT0_IRQHandler
                0x00004fb6        0x8 ./startup/startup_mcxn947_cm33_core0.o
                0x00004fb6                PINT0_IRQHandler
 .text.PDM_EVENT_IRQHandler
                0x00004fbe        0x8 ./startup/startup_mcxn947_cm33_core0.o
                0x00004fbe                PDM_EVENT_IRQHandler
 .text.Reserved65_IRQHandler
                0x00004fc6        0x8 ./startup/startup_mcxn947_cm33_core0.o
                0x00004fc6                Reserved65_IRQHandler
 .text.USB0_FS_IRQHandler
                0x00004fce        0x8 ./startup/startup_mcxn947_cm33_core0.o
                0x00004fce                USB0_FS_IRQHandler
 .text.USB0_DCD_IRQHandler
                0x00004fd6        0x8 ./startup/startup_mcxn947_cm33_core0.o
                0x00004fd6                USB0_DCD_IRQHandler
 .text.RTC_IRQHandler
                0x00004fde        0x8 ./startup/startup_mcxn947_cm33_core0.o
                0x00004fde                RTC_IRQHandler
 .text.SMARTDMA_IRQHandler
                0x00004fe6        0x8 ./startup/startup_mcxn947_cm33_core0.o
                0x00004fe6                SMARTDMA_IRQHandler
 .text.MAILBOX_IRQHandler
                0x00004fee        0x8 ./startup/startup_mcxn947_cm33_core0.o
                0x00004fee                MAILBOX_IRQHandler
 .text.CTIMER3_IRQHandler
                0x00004ff6        0x8 ./startup/startup_mcxn947_cm33_core0.o
                0x00004ff6                CTIMER3_IRQHandler
 .text.CTIMER4_IRQHandler
                0x00004ffe        0x8 ./startup/startup_mcxn947_cm33_core0.o
                0x00004ffe                CTIMER4_IRQHandler
 .text.OS_EVENT_IRQHandler
                0x00005006        0x8 ./startup/startup_mcxn947_cm33_core0.o
                0x00005006                OS_EVENT_IRQHandler
 .text.FLEXSPI0_IRQHandler
                0x0000500e        0x8 ./startup/startup_mcxn947_cm33_core0.o
                0x0000500e                FLEXSPI0_IRQHandler
 .text.SAI0_IRQHandler
                0x00005016        0x8 ./startup/startup_mcxn947_cm33_core0.o
                0x00005016                SAI0_IRQHandler
 .text.SAI1_IRQHandler
                0x0000501e        0x8 ./startup/startup_mcxn947_cm33_core0.o
                0x0000501e                SAI1_IRQHandler
 .text.USDHC0_IRQHandler
                0x00005026        0x8 ./startup/startup_mcxn947_cm33_core0.o
                0x00005026                USDHC0_IRQHandler
 .text.CAN0_IRQHandler
                0x0000502e        0x8 ./startup/startup_mcxn947_cm33_core0.o
                0x0000502e                CAN0_IRQHandler
 .text.CAN1_IRQHandler
                0x00005036        0x8 ./startup/startup_mcxn947_cm33_core0.o
                0x00005036                CAN1_IRQHandler
 .text.Reserved80_IRQHandler
                0x0000503e        0x8 ./startup/startup_mcxn947_cm33_core0.o
                0x0000503e                Reserved80_IRQHandler
 .text.Reserved81_IRQHandler
                0x00005046        0x8 ./startup/startup_mcxn947_cm33_core0.o
                0x00005046                Reserved81_IRQHandler
 .text.USB1_HS_PHY_IRQHandler
                0x0000504e        0x8 ./startup/startup_mcxn947_cm33_core0.o
                0x0000504e                USB1_HS_PHY_IRQHandler
 .text.USB1_HS_IRQHandler
                0x00005056        0x8 ./startup/startup_mcxn947_cm33_core0.o
                0x00005056                USB1_HS_IRQHandler
 .text.SEC_HYPERVISOR_CALL_IRQHandler
                0x0000505e        0x8 ./startup/startup_mcxn947_cm33_core0.o
                0x0000505e                SEC_HYPERVISOR_CALL_IRQHandler
 .text.Reserved85_IRQHandler
                0x00005066        0x8 ./startup/startup_mcxn947_cm33_core0.o
                0x00005066                Reserved85_IRQHandler
 .text.PLU_IRQHandler
                0x0000506e        0x8 ./startup/startup_mcxn947_cm33_core0.o
                0x0000506e                PLU_IRQHandler
 .text.Freqme_IRQHandler
                0x00005076        0x8 ./startup/startup_mcxn947_cm33_core0.o
                0x00005076                Freqme_IRQHandler
 .text.SEC_VIO_IRQHandler
                0x0000507e        0x8 ./startup/startup_mcxn947_cm33_core0.o
                0x0000507e                SEC_VIO_IRQHandler
 .text.ELS_IRQHandler
                0x00005086        0x8 ./startup/startup_mcxn947_cm33_core0.o
                0x00005086                ELS_IRQHandler
 .text.PKC_IRQHandler
                0x0000508e        0x8 ./startup/startup_mcxn947_cm33_core0.o
                0x0000508e                PKC_IRQHandler
 .text.PUF_IRQHandler
                0x00005096        0x8 ./startup/startup_mcxn947_cm33_core0.o
                0x00005096                PUF_IRQHandler
 .text.PQ_IRQHandler
                0x0000509e        0x8 ./startup/startup_mcxn947_cm33_core0.o
                0x0000509e                PQ_IRQHandler
 .text.EDMA_1_CH0_IRQHandler
                0x000050a6        0x8 ./startup/startup_mcxn947_cm33_core0.o
                0x000050a6                EDMA_1_CH0_IRQHandler
 .text.EDMA_1_CH1_IRQHandler
                0x000050ae        0x8 ./startup/startup_mcxn947_cm33_core0.o
                0x000050ae                EDMA_1_CH1_IRQHandler
 .text.EDMA_1_CH2_IRQHandler
                0x000050b6        0x8 ./startup/startup_mcxn947_cm33_core0.o
                0x000050b6                EDMA_1_CH2_IRQHandler
 .text.EDMA_1_CH3_IRQHandler
                0x000050be        0x8 ./startup/startup_mcxn947_cm33_core0.o
                0x000050be                EDMA_1_CH3_IRQHandler
 .text.EDMA_1_CH4_IRQHandler
                0x000050c6        0x8 ./startup/startup_mcxn947_cm33_core0.o
                0x000050c6                EDMA_1_CH4_IRQHandler
 .text.EDMA_1_CH5_IRQHandler
                0x000050ce        0x8 ./startup/startup_mcxn947_cm33_core0.o
                0x000050ce                EDMA_1_CH5_IRQHandler
 .text.EDMA_1_CH6_IRQHandler
                0x000050d6        0x8 ./startup/startup_mcxn947_cm33_core0.o
                0x000050d6                EDMA_1_CH6_IRQHandler
 .text.EDMA_1_CH7_IRQHandler
                0x000050de        0x8 ./startup/startup_mcxn947_cm33_core0.o
                0x000050de                EDMA_1_CH7_IRQHandler
 .text.EDMA_1_CH8_IRQHandler
                0x000050e6        0x8 ./startup/startup_mcxn947_cm33_core0.o
                0x000050e6                EDMA_1_CH8_IRQHandler
 .text.EDMA_1_CH9_IRQHandler
                0x000050ee        0x8 ./startup/startup_mcxn947_cm33_core0.o
                0x000050ee                EDMA_1_CH9_IRQHandler
 .text.EDMA_1_CH10_IRQHandler
                0x000050f6        0x8 ./startup/startup_mcxn947_cm33_core0.o
                0x000050f6                EDMA_1_CH10_IRQHandler
 .text.EDMA_1_CH11_IRQHandler
                0x000050fe        0x8 ./startup/startup_mcxn947_cm33_core0.o
                0x000050fe                EDMA_1_CH11_IRQHandler
 .text.EDMA_1_CH12_IRQHandler
                0x00005106        0x8 ./startup/startup_mcxn947_cm33_core0.o
                0x00005106                EDMA_1_CH12_IRQHandler
 .text.EDMA_1_CH13_IRQHandler
                0x0000510e        0x8 ./startup/startup_mcxn947_cm33_core0.o
                0x0000510e                EDMA_1_CH13_IRQHandler
 .text.EDMA_1_CH14_IRQHandler
                0x00005116        0x8 ./startup/startup_mcxn947_cm33_core0.o
                0x00005116                EDMA_1_CH14_IRQHandler
 .text.EDMA_1_CH15_IRQHandler
                0x0000511e        0x8 ./startup/startup_mcxn947_cm33_core0.o
                0x0000511e                EDMA_1_CH15_IRQHandler
 .text.CDOG0_IRQHandler
                0x00005126        0x8 ./startup/startup_mcxn947_cm33_core0.o
                0x00005126                CDOG0_IRQHandler
 .text.CDOG1_IRQHandler
                0x0000512e        0x8 ./startup/startup_mcxn947_cm33_core0.o
                0x0000512e                CDOG1_IRQHandler
 .text.I3C0_IRQHandler
                0x00005136        0x8 ./startup/startup_mcxn947_cm33_core0.o
                0x00005136                I3C0_IRQHandler
 .text.I3C1_IRQHandler
                0x0000513e        0x8 ./startup/startup_mcxn947_cm33_core0.o
                0x0000513e                I3C1_IRQHandler
 .text.NPU_IRQHandler
                0x00005146        0x8 ./startup/startup_mcxn947_cm33_core0.o
                0x00005146                NPU_IRQHandler
 .text.GDET_IRQHandler
                0x0000514e        0x8 ./startup/startup_mcxn947_cm33_core0.o
                0x0000514e                GDET_IRQHandler
 .text.VBAT0_IRQHandler
                0x00005156        0x8 ./startup/startup_mcxn947_cm33_core0.o
                0x00005156                VBAT0_IRQHandler
 .text.EWM0_IRQHandler
                0x0000515e        0x8 ./startup/startup_mcxn947_cm33_core0.o
                0x0000515e                EWM0_IRQHandler
 .text.TSI_END_OF_SCAN_IRQHandler
                0x00005166        0x8 ./startup/startup_mcxn947_cm33_core0.o
                0x00005166                TSI_END_OF_SCAN_IRQHandler
 .text.TSI_OUT_OF_SCAN_IRQHandler
                0x0000516e        0x8 ./startup/startup_mcxn947_cm33_core0.o
                0x0000516e                TSI_OUT_OF_SCAN_IRQHandler
 .text.EMVSIM0_IRQHandler
                0x00005176        0x8 ./startup/startup_mcxn947_cm33_core0.o
                0x00005176                EMVSIM0_IRQHandler
 .text.EMVSIM1_IRQHandler
                0x0000517e        0x8 ./startup/startup_mcxn947_cm33_core0.o
                0x0000517e                EMVSIM1_IRQHandler
 .text.FLEXIO_IRQHandler
                0x00005186        0x8 ./startup/startup_mcxn947_cm33_core0.o
                0x00005186                FLEXIO_IRQHandler
 .text.DAC0_IRQHandler
                0x0000518e        0x8 ./startup/startup_mcxn947_cm33_core0.o
                0x0000518e                DAC0_IRQHandler
 .text.DAC1_IRQHandler
                0x00005196        0x8 ./startup/startup_mcxn947_cm33_core0.o
                0x00005196                DAC1_IRQHandler
 .text.DAC2_IRQHandler
                0x0000519e        0x8 ./startup/startup_mcxn947_cm33_core0.o
                0x0000519e                DAC2_IRQHandler
 .text.HSCMP0_IRQHandler
                0x000051a6        0x8 ./startup/startup_mcxn947_cm33_core0.o
                0x000051a6                HSCMP0_IRQHandler
 .text.HSCMP1_IRQHandler
                0x000051ae        0x8 ./startup/startup_mcxn947_cm33_core0.o
                0x000051ae                HSCMP1_IRQHandler
 .text.HSCMP2_IRQHandler
                0x000051b6        0x8 ./startup/startup_mcxn947_cm33_core0.o
                0x000051b6                HSCMP2_IRQHandler
 .text.FLEXPWM0_RELOAD_ERROR_IRQHandler
                0x000051be        0x8 ./startup/startup_mcxn947_cm33_core0.o
                0x000051be                FLEXPWM0_RELOAD_ERROR_IRQHandler
 .text.FLEXPWM0_FAULT_IRQHandler
                0x000051c6        0x8 ./startup/startup_mcxn947_cm33_core0.o
                0x000051c6                FLEXPWM0_FAULT_IRQHandler
 .text.FLEXPWM0_SUBMODULE0_IRQHandler
                0x000051ce        0x8 ./startup/startup_mcxn947_cm33_core0.o
                0x000051ce                FLEXPWM0_SUBMODULE0_IRQHandler
 .text.FLEXPWM0_SUBMODULE1_IRQHandler
                0x000051d6        0x8 ./startup/startup_mcxn947_cm33_core0.o
                0x000051d6                FLEXPWM0_SUBMODULE1_IRQHandler
 .text.FLEXPWM0_SUBMODULE2_IRQHandler
                0x000051de        0x8 ./startup/startup_mcxn947_cm33_core0.o
                0x000051de                FLEXPWM0_SUBMODULE2_IRQHandler
 .text.FLEXPWM0_SUBMODULE3_IRQHandler
                0x000051e6        0x8 ./startup/startup_mcxn947_cm33_core0.o
                0x000051e6                FLEXPWM0_SUBMODULE3_IRQHandler
 .text.FLEXPWM1_RELOAD_ERROR_IRQHandler
                0x000051ee        0x8 ./startup/startup_mcxn947_cm33_core0.o
                0x000051ee                FLEXPWM1_RELOAD_ERROR_IRQHandler
 .text.FLEXPWM1_FAULT_IRQHandler
                0x000051f6        0x8 ./startup/startup_mcxn947_cm33_core0.o
                0x000051f6                FLEXPWM1_FAULT_IRQHandler
 .text.FLEXPWM1_SUBMODULE0_IRQHandler
                0x000051fe        0x8 ./startup/startup_mcxn947_cm33_core0.o
                0x000051fe                FLEXPWM1_SUBMODULE0_IRQHandler
 .text.FLEXPWM1_SUBMODULE1_IRQHandler
                0x00005206        0x8 ./startup/startup_mcxn947_cm33_core0.o
                0x00005206                FLEXPWM1_SUBMODULE1_IRQHandler
 .text.FLEXPWM1_SUBMODULE2_IRQHandler
                0x0000520e        0x8 ./startup/startup_mcxn947_cm33_core0.o
                0x0000520e                FLEXPWM1_SUBMODULE2_IRQHandler
 .text.FLEXPWM1_SUBMODULE3_IRQHandler
                0x00005216        0x8 ./startup/startup_mcxn947_cm33_core0.o
                0x00005216                FLEXPWM1_SUBMODULE3_IRQHandler
 .text.QDC0_COMPARE_IRQHandler
                0x0000521e        0x8 ./startup/startup_mcxn947_cm33_core0.o
                0x0000521e                QDC0_COMPARE_IRQHandler
 .text.QDC0_HOME_IRQHandler
                0x00005226        0x8 ./startup/startup_mcxn947_cm33_core0.o
                0x00005226                QDC0_HOME_IRQHandler
 .text.QDC0_WDG_SAB_IRQHandler
                0x0000522e        0x8 ./startup/startup_mcxn947_cm33_core0.o
                0x0000522e                QDC0_WDG_SAB_IRQHandler
 .text.QDC0_IDX_IRQHandler
                0x00005236        0x8 ./startup/startup_mcxn947_cm33_core0.o
                0x00005236                QDC0_IDX_IRQHandler
 .text.QDC1_COMPARE_IRQHandler
                0x0000523e        0x8 ./startup/startup_mcxn947_cm33_core0.o
                0x0000523e                QDC1_COMPARE_IRQHandler
 .text.QDC1_HOME_IRQHandler
                0x00005246        0x8 ./startup/startup_mcxn947_cm33_core0.o
                0x00005246                QDC1_HOME_IRQHandler
 .text.QDC1_WDG_SAB_IRQHandler
                0x0000524e        0x8 ./startup/startup_mcxn947_cm33_core0.o
                0x0000524e                QDC1_WDG_SAB_IRQHandler
 .text.QDC1_IDX_IRQHandler
                0x00005256        0x8 ./startup/startup_mcxn947_cm33_core0.o
                0x00005256                QDC1_IDX_IRQHandler
 .text.ITRC0_IRQHandler
                0x0000525e        0x8 ./startup/startup_mcxn947_cm33_core0.o
                0x0000525e                ITRC0_IRQHandler
 .text.BSP32_IRQHandler
                0x00005266        0x8 ./startup/startup_mcxn947_cm33_core0.o
                0x00005266                BSP32_IRQHandler
 .text.ELS_ERR_IRQHandler
                0x0000526e        0x8 ./startup/startup_mcxn947_cm33_core0.o
                0x0000526e                ELS_ERR_IRQHandler
 .text.PKC_ERR_IRQHandler
                0x00005276        0x8 ./startup/startup_mcxn947_cm33_core0.o
                0x00005276                PKC_ERR_IRQHandler
 .text.ERM_SINGLE_BIT_ERROR_IRQHandler
                0x0000527e        0x8 ./startup/startup_mcxn947_cm33_core0.o
                0x0000527e                ERM_SINGLE_BIT_ERROR_IRQHandler
 .text.ERM_MULTI_BIT_ERROR_IRQHandler
                0x00005286        0x8 ./startup/startup_mcxn947_cm33_core0.o
                0x00005286                ERM_MULTI_BIT_ERROR_IRQHandler
 .text.FMU0_IRQHandler
                0x0000528e        0x8 ./startup/startup_mcxn947_cm33_core0.o
                0x0000528e                FMU0_IRQHandler
 .text.ETHERNET_IRQHandler
                0x00005296        0x8 ./startup/startup_mcxn947_cm33_core0.o
                0x00005296                ETHERNET_IRQHandler
 .text.ETHERNET_PMT_IRQHandler
                0x0000529e        0x8 ./startup/startup_mcxn947_cm33_core0.o
                0x0000529e                ETHERNET_PMT_IRQHandler
 .text.ETHERNET_MACLP_IRQHandler
                0x000052a6        0x8 ./startup/startup_mcxn947_cm33_core0.o
                0x000052a6                ETHERNET_MACLP_IRQHandler
 .text.SINC_FILTER_IRQHandler
                0x000052ae        0x8 ./startup/startup_mcxn947_cm33_core0.o
                0x000052ae                SINC_FILTER_IRQHandler
 .text.LPTMR0_IRQHandler
                0x000052b6        0x8 ./startup/startup_mcxn947_cm33_core0.o
                0x000052b6                LPTMR0_IRQHandler
 .text.LPTMR1_IRQHandler
                0x000052be        0x8 ./startup/startup_mcxn947_cm33_core0.o
                0x000052be                LPTMR1_IRQHandler
 .text.SCG_IRQHandler
                0x000052c6        0x8 ./startup/startup_mcxn947_cm33_core0.o
                0x000052c6                SCG_IRQHandler
 .text.SPC_IRQHandler
                0x000052ce        0x8 ./startup/startup_mcxn947_cm33_core0.o
                0x000052ce                SPC_IRQHandler
 .text.WUU_IRQHandler
                0x000052d6        0x8 ./startup/startup_mcxn947_cm33_core0.o
                0x000052d6                WUU_IRQHandler
 .text.PORT_EFT_IRQHandler
                0x000052de        0x8 ./startup/startup_mcxn947_cm33_core0.o
                0x000052de                PORT_EFT_IRQHandler
 .text.ETB0_IRQHandler
                0x000052e6        0x8 ./startup/startup_mcxn947_cm33_core0.o
                0x000052e6                ETB0_IRQHandler
 .text.Reserved166_IRQHandler
                0x000052ee        0x8 ./startup/startup_mcxn947_cm33_core0.o
                0x000052ee                Reserved166_IRQHandler
 .text.Reserved167_IRQHandler
                0x000052f6        0x8 ./startup/startup_mcxn947_cm33_core0.o
                0x000052f6                Reserved167_IRQHandler
 .text.WWDT0_IRQHandler
                0x000052fe        0x8 ./startup/startup_mcxn947_cm33_core0.o
                0x000052fe                WWDT0_IRQHandler
 .text.WWDT1_IRQHandler
                0x00005306        0x8 ./startup/startup_mcxn947_cm33_core0.o
                0x00005306                WWDT1_IRQHandler
 .text.CMC0_IRQHandler
                0x0000530e        0x8 ./startup/startup_mcxn947_cm33_core0.o
                0x0000530e                CMC0_IRQHandler
 .text.CTI0_IRQHandler
                0x00005316        0x8 ./startup/startup_mcxn947_cm33_core0.o
                0x00005316                CTI0_IRQHandler
 .text.GPIO_PinWrite
                0x0000531e       0x36 ./source/hbridge.o
 .text.HbridgeSpeed
                0x00005354       0xd0 ./source/hbridge.o
                0x00005354                HbridgeSpeed
 .text.pixy_set_led
                0x00005424       0x68 ./source/pixy.o
                0x00005424                pixy_set_led
 .text.HardFault_Handler
                0x0000548c       0x36 ./source/semihost_hardfault.o
                0x0000548c                HardFault_Handler
 .text.CLOCK_GetPll0OutFreq
                0x000054c2       0x88 ./drivers/fsl_clock.o
                0x000054c2                CLOCK_GetPll0OutFreq
 .text.CLOCK_EnableClock
                0x0000554a       0x8c ./drivers/fsl_ctimer.o
 .text.EnableIRQ
                0x000055d6       0x32 ./drivers/fsl_ctimer.o
 .text.CTIMER_GetStatusFlags
                0x00005608       0x18 ./drivers/fsl_ctimer.o
 .text.CTIMER_ClearStatusFlags
                0x00005620       0x1c ./drivers/fsl_ctimer.o
 .text.CTIMER0_DriverIRQHandler
                0x0000563c        0xe ./drivers/fsl_ctimer.o
                0x0000563c                CTIMER0_DriverIRQHandler
 .text.CTIMER1_DriverIRQHandler
                0x0000564a        0xe ./drivers/fsl_ctimer.o
                0x0000564a                CTIMER1_DriverIRQHandler
 .text.CTIMER2_DriverIRQHandler
                0x00005658        0xe ./drivers/fsl_ctimer.o
                0x00005658                CTIMER2_DriverIRQHandler
 .text.CTIMER3_DriverIRQHandler
                0x00005666        0xe ./drivers/fsl_ctimer.o
                0x00005666                CTIMER3_DriverIRQHandler
 .text.CTIMER4_DriverIRQHandler
                0x00005674        0xe ./drivers/fsl_ctimer.o
                0x00005674                CTIMER4_DriverIRQHandler
 .text.CLOCK_EnableClock
                0x00005682       0x8c ./drivers/fsl_edma.o
 .text.RESET_ReleasePeripheralReset
                0x0000570e       0x16 ./drivers/fsl_edma.o
 .text.EnableIRQ
                0x00005724       0x32 ./drivers/fsl_edma.o
 .text.EDMA_AbortTransfer
                0x00005756       0x40 ./drivers/fsl_edma.o
                0x00005756                EDMA_AbortTransfer
 .text.EDMA_0_CH0_DriverIRQHandler
                0x00005796       0x10 ./drivers/fsl_edma_soc.o
                0x00005796                EDMA_0_CH0_DriverIRQHandler
 .text.EDMA_0_CH1_DriverIRQHandler
                0x000057a6       0x10 ./drivers/fsl_edma_soc.o
                0x000057a6                EDMA_0_CH1_DriverIRQHandler
 .text.EDMA_0_CH2_DriverIRQHandler
                0x000057b6       0x10 ./drivers/fsl_edma_soc.o
                0x000057b6                EDMA_0_CH2_DriverIRQHandler
 .text.EDMA_0_CH3_DriverIRQHandler
                0x000057c6       0x10 ./drivers/fsl_edma_soc.o
                0x000057c6                EDMA_0_CH3_DriverIRQHandler
 .text.EDMA_0_CH4_DriverIRQHandler
                0x000057d6       0x10 ./drivers/fsl_edma_soc.o
                0x000057d6                EDMA_0_CH4_DriverIRQHandler
 .text.EDMA_0_CH5_DriverIRQHandler
                0x000057e6       0x10 ./drivers/fsl_edma_soc.o
                0x000057e6                EDMA_0_CH5_DriverIRQHandler
 .text.EDMA_0_CH6_DriverIRQHandler
                0x000057f6       0x10 ./drivers/fsl_edma_soc.o
                0x000057f6                EDMA_0_CH6_DriverIRQHandler
 .text.EDMA_0_CH7_DriverIRQHandler
                0x00005806       0x10 ./drivers/fsl_edma_soc.o
                0x00005806                EDMA_0_CH7_DriverIRQHandler
 .text.EDMA_0_CH8_DriverIRQHandler
                0x00005816       0x10 ./drivers/fsl_edma_soc.o
                0x00005816                EDMA_0_CH8_DriverIRQHandler
 .text.EDMA_0_CH9_DriverIRQHandler
                0x00005826       0x10 ./drivers/fsl_edma_soc.o
                0x00005826                EDMA_0_CH9_DriverIRQHandler
 .text.EDMA_0_CH10_DriverIRQHandler
                0x00005836       0x10 ./drivers/fsl_edma_soc.o
                0x00005836                EDMA_0_CH10_DriverIRQHandler
 .text.EDMA_0_CH11_DriverIRQHandler
                0x00005846       0x10 ./drivers/fsl_edma_soc.o
                0x00005846                EDMA_0_CH11_DriverIRQHandler
 .text.EDMA_0_CH12_DriverIRQHandler
                0x00005856       0x10 ./drivers/fsl_edma_soc.o
                0x00005856                EDMA_0_CH12_DriverIRQHandler
 .text.EDMA_0_CH13_DriverIRQHandler
                0x00005866       0x10 ./drivers/fsl_edma_soc.o
                0x00005866                EDMA_0_CH13_DriverIRQHandler
 .text.EDMA_0_CH14_DriverIRQHandler
                0x00005876       0x10 ./drivers/fsl_edma_soc.o
                0x00005876                EDMA_0_CH14_DriverIRQHandler
 .text.EDMA_0_CH15_DriverIRQHandler
                0x00005886       0x10 ./drivers/fsl_edma_soc.o
                0x00005886                EDMA_0_CH15_DriverIRQHandler
 .text.EDMA_1_CH0_DriverIRQHandler
                0x00005896       0x10 ./drivers/fsl_edma_soc.o
                0x00005896                EDMA_1_CH0_DriverIRQHandler
 .text.EDMA_1_CH1_DriverIRQHandler
                0x000058a6       0x10 ./drivers/fsl_edma_soc.o
                0x000058a6                EDMA_1_CH1_DriverIRQHandler
 .text.EDMA_1_CH2_DriverIRQHandler
                0x000058b6       0x10 ./drivers/fsl_edma_soc.o
                0x000058b6                EDMA_1_CH2_DriverIRQHandler
 .text.EDMA_1_CH3_DriverIRQHandler
                0x000058c6       0x10 ./drivers/fsl_edma_soc.o
                0x000058c6                EDMA_1_CH3_DriverIRQHandler
 .text.EDMA_1_CH4_DriverIRQHandler
                0x000058d6       0x10 ./drivers/fsl_edma_soc.o
                0x000058d6                EDMA_1_CH4_DriverIRQHandler
 .text.EDMA_1_CH5_DriverIRQHandler
                0x000058e6       0x10 ./drivers/fsl_edma_soc.o
                0x000058e6                EDMA_1_CH5_DriverIRQHandler
 .text.EDMA_1_CH6_DriverIRQHandler
                0x000058f6       0x10 ./drivers/fsl_edma_soc.o
                0x000058f6                EDMA_1_CH6_DriverIRQHandler
 .text.EDMA_1_CH7_DriverIRQHandler
                0x00005906       0x10 ./drivers/fsl_edma_soc.o
                0x00005906                EDMA_1_CH7_DriverIRQHandler
 .text.EDMA_1_CH8_DriverIRQHandler
                0x00005916       0x10 ./drivers/fsl_edma_soc.o
                0x00005916                EDMA_1_CH8_DriverIRQHandler
 .text.EDMA_1_CH9_DriverIRQHandler
                0x00005926       0x10 ./drivers/fsl_edma_soc.o
                0x00005926                EDMA_1_CH9_DriverIRQHandler
 .text.EDMA_1_CH10_DriverIRQHandler
                0x00005936       0x10 ./drivers/fsl_edma_soc.o
                0x00005936                EDMA_1_CH10_DriverIRQHandler
 .text.EDMA_1_CH11_DriverIRQHandler
                0x00005946       0x10 ./drivers/fsl_edma_soc.o
                0x00005946                EDMA_1_CH11_DriverIRQHandler
 .text.EDMA_1_CH12_DriverIRQHandler
                0x00005956       0x10 ./drivers/fsl_edma_soc.o
                0x00005956                EDMA_1_CH12_DriverIRQHandler
 .text.EDMA_1_CH13_DriverIRQHandler
                0x00005966       0x10 ./drivers/fsl_edma_soc.o
                0x00005966                EDMA_1_CH13_DriverIRQHandler
 .text.EDMA_1_CH14_DriverIRQHandler
                0x00005976       0x10 ./drivers/fsl_edma_soc.o
                0x00005976                EDMA_1_CH14_DriverIRQHandler
 .text.EDMA_1_CH15_DriverIRQHandler
                0x00005986       0x10 ./drivers/fsl_edma_soc.o
                0x00005986                EDMA_1_CH15_DriverIRQHandler
 .text.CLOCK_EnableClock
                0x00005996       0x8c ./drivers/fsl_gpio.o
 .text.CLOCK_DisableClock
                0x00005a22       0xb0 ./drivers/fsl_gpio.o
 .text.GPIO_PinWrite
                0x00005ad2       0x36 ./drivers/fsl_gpio.o
 .text.CLOCK_EnableClock
                0x00005b08       0x8c ./drivers/fsl_lpflexcomm.o
 .text.LP_FLEXCOMM_PeripheralIsPresent
                0x00005b94       0x52 ./drivers/fsl_lpflexcomm.o
 .text.LP_FLEXCOMM0_DriverIRQHandler
                0x00005be6        0xe ./drivers/fsl_lpflexcomm.o
                0x00005be6                LP_FLEXCOMM0_DriverIRQHandler
 .text.LP_FLEXCOMM1_DriverIRQHandler
                0x00005bf4        0xe ./drivers/fsl_lpflexcomm.o
                0x00005bf4                LP_FLEXCOMM1_DriverIRQHandler
 .text.LP_FLEXCOMM2_DriverIRQHandler
                0x00005c02        0xe ./drivers/fsl_lpflexcomm.o
                0x00005c02                LP_FLEXCOMM2_DriverIRQHandler
 .text.LP_FLEXCOMM3_DriverIRQHandler
                0x00005c10        0xe ./drivers/fsl_lpflexcomm.o
                0x00005c10                LP_FLEXCOMM3_DriverIRQHandler
 .text.LP_FLEXCOMM4_DriverIRQHandler
                0x00005c1e        0xe ./drivers/fsl_lpflexcomm.o
                0x00005c1e                LP_FLEXCOMM4_DriverIRQHandler
 .text.LP_FLEXCOMM5_DriverIRQHandler
                0x00005c2c        0xe ./drivers/fsl_lpflexcomm.o
                0x00005c2c                LP_FLEXCOMM5_DriverIRQHandler
 .text.LP_FLEXCOMM6_DriverIRQHandler
                0x00005c3a        0xe ./drivers/fsl_lpflexcomm.o
                0x00005c3a                LP_FLEXCOMM6_DriverIRQHandler
 .text.LP_FLEXCOMM7_DriverIRQHandler
                0x00005c48        0xe ./drivers/fsl_lpflexcomm.o
                0x00005c48                LP_FLEXCOMM7_DriverIRQHandler
 .text.LP_FLEXCOMM8_DriverIRQHandler
                0x00005c56        0xe ./drivers/fsl_lpflexcomm.o
                0x00005c56                LP_FLEXCOMM8_DriverIRQHandler
 .text.LP_FLEXCOMM9_DriverIRQHandler
                0x00005c64        0xe ./drivers/fsl_lpflexcomm.o
                0x00005c64                LP_FLEXCOMM9_DriverIRQHandler
 .text.CLOCK_EnableClock
                0x00005c72       0x8c ./drivers/fsl_lpi2c.o
 .text.LPI2C_MasterReset
                0x00005cfe       0x20 ./drivers/fsl_lpi2c.o
 .text.LPI2C_MasterEnable
                0x00005d1e       0x32 ./drivers/fsl_lpi2c.o
 .text.LPI2C_MasterGetStatusFlags
                0x00005d50       0x18 ./drivers/fsl_lpi2c.o
 .text.LPI2C_MasterClearStatusFlags
                0x00005d68       0x1c ./drivers/fsl_lpi2c.o
 .text.LPI2C_MasterSetWatermarks
                0x00005d84       0x2c ./drivers/fsl_lpi2c.o
 .text.LPI2C_MasterCheckAndClearError
                0x00005db0       0x80 ./drivers/fsl_lpi2c.o
                0x00005db0                LPI2C_MasterCheckAndClearError
 .text.LPI2C_CheckForBusyBus
                0x00005e30       0x38 ./drivers/fsl_lpi2c.o
                0x00005e30                LPI2C_CheckForBusyBus
 .text.EnableIRQ
                0x00005e68       0x32 ./drivers/fsl_lpi2c_edma.o
 .text.LPI2C_MasterGetStatusFlags
                0x00005e9a       0x18 ./drivers/fsl_lpi2c_edma.o
 .text.LPI2C_MasterClearStatusFlags
                0x00005eb2       0x1c ./drivers/fsl_lpi2c_edma.o
 .text.LPI2C_MasterEnableInterrupts
                0x00005ece       0x22 ./drivers/fsl_lpi2c_edma.o
 .text.LPI2C_MasterDisableInterrupts
                0x00005ef0       0x24 ./drivers/fsl_lpi2c_edma.o
 .text.LPI2C_MasterEnableDMA
                0x00005f14       0x3a ./drivers/fsl_lpi2c_edma.o
 .text.LPI2C_MasterGetTxFifoAddress
                0x00005f4e       0x18 ./drivers/fsl_lpi2c_edma.o
 .text.LPI2C_MasterGetRxFifoAddress
                0x00005f66       0x18 ./drivers/fsl_lpi2c_edma.o
 .text.LPI2C_GenerateCommands
                0x00005f7e      0x164 ./drivers/fsl_lpi2c_edma.o
 .text.LPI2C_MasterEDMACallback
                0x000060e2       0x74 ./drivers/fsl_lpi2c_edma.o
 .text.RESET_PeripheralReset
                0x00006156       0x1c ./drivers/fsl_reset.o
                0x00006156                RESET_PeripheralReset
 .text.SPC_GetActiveModeBandgapMode
                0x00006172       0x22 ./drivers/fsl_spc.o
 .text.SPC_GetActiveModeVoltageDetectStatus
                0x00006194       0x22 ./drivers/fsl_spc.o
 .text.SPC_GetActiveModeCoreLDOVDDVoltageLevel
                0x000061b6       0x22 ./drivers/fsl_spc.o
 .text.SPC_GetActiveModeCoreLDODriveStrength
                0x000061d8       0x22 ./drivers/fsl_spc.o
 .text.SPC_SetActiveModeDCDCRegulatorVoltageLevel
                0x000061fa       0x32 ./drivers/fsl_spc.o
 .text.SPC_SetActiveModeCoreLDORegulatorVoltageLevel
                0x0000622c       0x60 ./drivers/fsl_spc.o
                0x0000622c                SPC_SetActiveModeCoreLDORegulatorVoltageLevel
 .text.SPC_SetActiveModeCoreLDORegulatorDriveStrength
                0x0000628c       0x5e ./drivers/fsl_spc.o
                0x0000628c                SPC_SetActiveModeCoreLDORegulatorDriveStrength
 .text.SPC_SetActiveModeDCDCRegulatorDriveStrength
                0x000062ea       0x48 ./drivers/fsl_spc.o
                0x000062ea                SPC_SetActiveModeDCDCRegulatorDriveStrength
 .text.SystemInitHook
                0x00006332        0xe ./device/system_MCXN947_cm33_core0.o
                0x00006332                SystemInitHook
 .text.DbgConsole_Error
                0x00006340       0x10 ./board/board.o
 .text.CLOCK_EnableClock
                0x00006350       0x8c ./board/clock_config.o
 .text.BOARD_InitBootClocks
                0x000063dc        0xc ./board/clock_config.o
                0x000063dc                BOARD_InitBootClocks
 .text.BOARD_InitHardware
                0x000063e8       0x36 ./board/hardware_init.o
                0x000063e8                BOARD_InitHardware
 .text.EnableIRQ
                0x0000641e       0x32 ./board/peripherals.o
 .text.CTIMER_StartTimer
                0x00006450       0x20 ./board/peripherals.o
 .text.GPIO0_init
                0x00006470       0x14 ./board/peripherals.o
 .text.BOARD_InitPeripherals_CommonPostInit
                0x00006484       0x32 ./board/peripherals.o
 .text.BOARD_InitBootPeripherals
                0x000064b6        0xc ./board/peripherals.o
                0x000064b6                BOARD_InitBootPeripherals
 .text.CLOCK_EnableClock
                0x000064c2       0x8c ./board/pin_mux.o
 .text.PORT_SetPinMux
                0x0000654e       0x3e ./board/pin_mux.o
 .text.BOARD_InitBootPins
                0x0000658c        0xc ./board/pin_mux.o
                0x0000658c                BOARD_InitBootPins
 .text.__main   0x00006598        0xe C:/NXP/MCUXpressoIDE_25.6.136/ide/plugins/com.nxp.mcuxpresso.tools.win32_25.6.0.202501151204/tools/bin/../lib/gcc/arm-none-eabi/14.2.1/../../../../arm-none-eabi/lib/thumb/v8-m.main+fp/hard\libcr_semihost_nf.a(_cr__main.o)
                0x00006598                __CR_SEMIHOST
                0x00006598                __main
 .text.memset   0x000065a6        0x4 C:/NXP/MCUXpressoIDE_25.6.136/ide/plugins/com.nxp.mcuxpresso.tools.win32_25.6.0.202501151204/tools/bin/../lib/gcc/arm-none-eabi/14.2.1/../../../../arm-none-eabi/lib/thumb/v8-m.main+fp/hard\libcr_c.a(memset.o)
                0x000065a6                memset
 .text.free     0x000065aa       0x30 C:/NXP/MCUXpressoIDE_25.6.136/ide/plugins/com.nxp.mcuxpresso.tools.win32_25.6.0.202501151204/tools/bin/../lib/gcc/arm-none-eabi/14.2.1/../../../../arm-none-eabi/lib/thumb/v8-m.main+fp/hard\libcr_c.a(alloc.o)
                0x000065aa                free
 .text.no_fp_display
                0x000065da        0x4 C:/NXP/MCUXpressoIDE_25.6.136/ide/plugins/com.nxp.mcuxpresso.tools.win32_25.6.0.202501151204/tools/bin/../lib/gcc/arm-none-eabi/14.2.1/../../../../arm-none-eabi/lib/thumb/v8-m.main+fp/hard\libcr_c.a(printf.o)
 .text.setvbuf  0x000065de       0x3e C:/NXP/MCUXpressoIDE_25.6.136/ide/plugins/com.nxp.mcuxpresso.tools.win32_25.6.0.202501151204/tools/bin/../lib/gcc/arm-none-eabi/14.2.1/../../../../arm-none-eabi/lib/thumb/v8-m.main+fp/hard\libcr_c.a(setvbuf.o)
                0x000065de                setvbuf
 .text.strlen   0x0000661c       0x4e C:/NXP/MCUXpressoIDE_25.6.136/ide/plugins/com.nxp.mcuxpresso.tools.win32_25.6.0.202501151204/tools/bin/../lib/gcc/arm-none-eabi/14.2.1/../../../../arm-none-eabi/lib/thumb/v8-m.main+fp/hard\libcr_c.a(strlen.o)
                0x0000661c                strlen
 .text._deferredlazyseek
                0x0000666a       0x40 C:/NXP/MCUXpressoIDE_25.6.136/ide/plugins/com.nxp.mcuxpresso.tools.win32_25.6.0.202501151204/tools/bin/../lib/gcc/arm-none-eabi/14.2.1/../../../../arm-none-eabi/lib/thumb/v8-m.main+fp/hard\libcr_c.a(_deferredlazyseek.o)
                0x0000666a                _deferredlazyseek
 .text.__flsbuf
                0x000066aa      0x12a C:/NXP/MCUXpressoIDE_25.6.136/ide/plugins/com.nxp.mcuxpresso.tools.win32_25.6.0.202501151204/tools/bin/../lib/gcc/arm-none-eabi/14.2.1/../../../../arm-none-eabi/lib/thumb/v8-m.main+fp/hard\libcr_c.a(_deferredlazyseek.o)
                0x000066aa                __flsbuf
 .text._fdopen  0x000067d4       0x68 C:/NXP/MCUXpressoIDE_25.6.136/ide/plugins/com.nxp.mcuxpresso.tools.win32_25.6.0.202501151204/tools/bin/../lib/gcc/arm-none-eabi/14.2.1/../../../../arm-none-eabi/lib/thumb/v8-m.main+fp/hard\libcr_c.a(_fdopen.o)
                0x000067d4                _fdopen
 .text._fflush  0x0000683c       0x52 C:/NXP/MCUXpressoIDE_25.6.136/ide/plugins/com.nxp.mcuxpresso.tools.win32_25.6.0.202501151204/tools/bin/../lib/gcc/arm-none-eabi/14.2.1/../../../../arm-none-eabi/lib/thumb/v8-m.main+fp/hard\libcr_c.a(_fflush.o)
                0x0000683c                _fflush
 .text.fclose   0x0000688e       0x58 C:/NXP/MCUXpressoIDE_25.6.136/ide/plugins/com.nxp.mcuxpresso.tools.win32_25.6.0.202501151204/tools/bin/../lib/gcc/arm-none-eabi/14.2.1/../../../../arm-none-eabi/lib/thumb/v8-m.main+fp/hard\libcr_c.a(fclose.o)
                0x0000688e                fclose
 .text.remove   0x000068e6       0x14 C:/NXP/MCUXpressoIDE_25.6.136/ide/plugins/com.nxp.mcuxpresso.tools.win32_25.6.0.202501151204/tools/bin/../lib/gcc/arm-none-eabi/14.2.1/../../../../arm-none-eabi/lib/thumb/v8-m.main+fp/hard\libcr_c.a(remove.o)
                0x000068e6                remove
 .text._do_fflush
                0x000068fa       0x40 C:/NXP/MCUXpressoIDE_25.6.136/ide/plugins/com.nxp.mcuxpresso.tools.win32_25.6.0.202501151204/tools/bin/../lib/gcc/arm-none-eabi/14.2.1/../../../../arm-none-eabi/lib/thumb/v8-m.main+fp/hard\libcr_c.a(_do_fflush.o)
                0x000068fa                _do_fflush
 .text.__aeabi_division_uldivmod
                0x0000693a      0x174 C:/NXP/MCUXpressoIDE_25.6.136/ide/plugins/com.nxp.mcuxpresso.tools.win32_25.6.0.202501151204/tools/bin/../lib/gcc/arm-none-eabi/14.2.1/thumb/v8-m.main+fp/hard\libcr_eabihelpers.a(division_64.o)
                0x0000693a                __aeabi_uldivmod
                0x0000693e                __bhs_ldivmod1
 .text.__aeabi_division_idiv0
                0x00006aae        0x2 C:/NXP/MCUXpressoIDE_25.6.136/ide/plugins/com.nxp.mcuxpresso.tools.win32_25.6.0.202501151204/tools/bin/../lib/gcc/arm-none-eabi/14.2.1/thumb/v8-m.main+fp/hard\libcr_eabihelpers.a(division_idiv0.o)
                0x00006aae                __aeabi_idiv0
 .text.__aeabi_d2uiz
                0x00006ab0       0x34 C:/NXP/MCUXpressoIDE_25.6.136/ide/plugins/com.nxp.mcuxpresso.tools.win32_25.6.0.202501151204/tools/bin/../lib/gcc/arm-none-eabi/14.2.1/thumb/v8-m.main+fp/hard\libcr_eabihelpers.a(double.o)
                0x00006ab0                __aeabi_d2uiz
 .text.__bhs_ui2d
                0x00006ae4       0x46 C:/NXP/MCUXpressoIDE_25.6.136/ide/plugins/com.nxp.mcuxpresso.tools.win32_25.6.0.202501151204/tools/bin/../lib/gcc/arm-none-eabi/14.2.1/thumb/v8-m.main+fp/hard\libcr_eabihelpers.a(double.o)
                0x00006ae4                __bhs_ui2d
 .text.__aeabi_ui2d
                0x00006b2a        0x8 C:/NXP/MCUXpressoIDE_25.6.136/ide/plugins/com.nxp.mcuxpresso.tools.win32_25.6.0.202501151204/tools/bin/../lib/gcc/arm-none-eabi/14.2.1/thumb/v8-m.main+fp/hard\libcr_eabihelpers.a(double.o)
                0x00006b2a                __aeabi_ui2d
 .text.__aeabi_dcmplt
                0x00006b32       0x56 C:/NXP/MCUXpressoIDE_25.6.136/ide/plugins/com.nxp.mcuxpresso.tools.win32_25.6.0.202501151204/tools/bin/../lib/gcc/arm-none-eabi/14.2.1/thumb/v8-m.main+fp/hard\libcr_eabihelpers.a(double.o)
                0x00006b32                __aeabi_dcmplt
 .text.__aeabi_dcmpgt
                0x00006b88       0x56 C:/NXP/MCUXpressoIDE_25.6.136/ide/plugins/com.nxp.mcuxpresso.tools.win32_25.6.0.202501151204/tools/bin/../lib/gcc/arm-none-eabi/14.2.1/thumb/v8-m.main+fp/hard\libcr_eabihelpers.a(double.o)
                0x00006b88                __aeabi_dcmpgt
 .text.__aeabi_f2ulz
                0x00006bde       0x3e C:/NXP/MCUXpressoIDE_25.6.136/ide/plugins/com.nxp.mcuxpresso.tools.win32_25.6.0.202501151204/tools/bin/../lib/gcc/arm-none-eabi/14.2.1/thumb/v8-m.main+fp/hard\libcr_eabihelpers.a(float.o)
                0x00006bde                __aeabi_f2ulz
 .text.__aeabi_memset_lowlevel
                0x00006c1c       0x32 C:/NXP/MCUXpressoIDE_25.6.136/ide/plugins/com.nxp.mcuxpresso.tools.win32_25.6.0.202501151204/tools/bin/../lib/gcc/arm-none-eabi/14.2.1/thumb/v8-m.main+fp/hard\libcr_eabihelpers.a(memcpy.o)
                0x00006c1c                __aeabi_lowlevel_memset
 .text.__sys_close
                0x00006c4e        0xc C:/NXP/MCUXpressoIDE_25.6.136/ide/plugins/com.nxp.mcuxpresso.tools.win32_25.6.0.202501151204/tools/bin/../lib/gcc/arm-none-eabi/14.2.1/../../../../arm-none-eabi/lib/thumb/v8-m.main+fp/hard\libcr_semihost_nf.a(__sys_close.o)
                0x00006c4e                __sys_close
 .text.__sys_flen
                0x00006c5a        0xc C:/NXP/MCUXpressoIDE_25.6.136/ide/plugins/com.nxp.mcuxpresso.tools.win32_25.6.0.202501151204/tools/bin/../lib/gcc/arm-none-eabi/14.2.1/../../../../arm-none-eabi/lib/thumb/v8-m.main+fp/hard\libcr_semihost_nf.a(__sys_flen.o)
                0x00006c5a                __sys_flen
 .text.__sys_istty
                0x00006c66        0xc C:/NXP/MCUXpressoIDE_25.6.136/ide/plugins/com.nxp.mcuxpresso.tools.win32_25.6.0.202501151204/tools/bin/../lib/gcc/arm-none-eabi/14.2.1/../../../../arm-none-eabi/lib/thumb/v8-m.main+fp/hard\libcr_semihost_nf.a(__sys_istty.o)
                0x00006c66                __sys_istty
 .text.__sys_remove
                0x00006c72        0xc C:/NXP/MCUXpressoIDE_25.6.136/ide/plugins/com.nxp.mcuxpresso.tools.win32_25.6.0.202501151204/tools/bin/../lib/gcc/arm-none-eabi/14.2.1/../../../../arm-none-eabi/lib/thumb/v8-m.main+fp/hard\libcr_semihost_nf.a(__sys_remove.o)
                0x00006c72                __sys_remove
 .text.__sys_seek
                0x00006c7e        0xc C:/NXP/MCUXpressoIDE_25.6.136/ide/plugins/com.nxp.mcuxpresso.tools.win32_25.6.0.202501151204/tools/bin/../lib/gcc/arm-none-eabi/14.2.1/../../../../arm-none-eabi/lib/thumb/v8-m.main+fp/hard\libcr_semihost_nf.a(__sys_seek.o)
                0x00006c7e                __sys_seek
 .text.__sys_tmpnam
                0x00006c8a        0xc C:/NXP/MCUXpressoIDE_25.6.136/ide/plugins/com.nxp.mcuxpresso.tools.win32_25.6.0.202501151204/tools/bin/../lib/gcc/arm-none-eabi/14.2.1/../../../../arm-none-eabi/lib/thumb/v8-m.main+fp/hard\libcr_semihost_nf.a(__sys_tmpnam.o)
                0x00006c8a                __sys_tmpnam
 .text.__sys_write
                0x00006c96        0xc C:/NXP/MCUXpressoIDE_25.6.136/ide/plugins/com.nxp.mcuxpresso.tools.win32_25.6.0.202501151204/tools/bin/../lib/gcc/arm-none-eabi/14.2.1/../../../../arm-none-eabi/lib/thumb/v8-m.main+fp/hard\libcr_semihost_nf.a(__sys_write.o)
                0x00006c96                __sys_write
 *(SORT_BY_ALIGNMENT(.rodata) SORT_BY_ALIGNMENT(.rodata.*) SORT_BY_ALIGNMENT(.constdata) SORT_BY_ALIGNMENT(.constdata.*))
 *fill*         0x00006ca2        0x2 ff
 .rodata.__assertion_failed.str1.4
                0x00006ca4      0xebd ./utilities/fsl_assert.o
                                 0x14 (size before relaxing)
 .rodata.main.str1.4
                0x00007b61       0x26 ./source/main.o
 .rodata.pixy_get_vectors.str1.4
                0x00007b61        0x7 ./source/pixy.o
 *fill*         0x00007b61        0x3 ff
 .rodata.s_ctimerBases
                0x00007b64       0x14 ./drivers/fsl_ctimer.o
 .rodata.s_ctimerClocks
                0x00007b78        0xa ./drivers/fsl_ctimer.o
 *fill*         0x00007b82        0x2 ff
 .rodata.s_ctimerResets
                0x00007b84       0x14 ./drivers/fsl_ctimer.o
 .rodata.s_ctimerIRQ
                0x00007b98        0xa ./drivers/fsl_ctimer.o
 .rodata.CTIMER_GetInstance.str1.4
                0x00007ba2       0x2e ./drivers/fsl_ctimer.o
 .rodata.CTIMER_Init.str1.4
                0x00007ba2       0x21 ./drivers/fsl_ctimer.o
 .rodata.CTIMER_UpdatePwmDutycycle.str1.4
                0x00007ba2       0x2c ./drivers/fsl_ctimer.o
 .rodata.EDMA_SetChannelMux.str1.4
                0x00007ba2       0x4e ./drivers/fsl_edma.o
 .rodata.EDMA_EnableChannelMasterIDReplication.str1.4
                0x00007ba2       0x4e ./drivers/fsl_edma.o
 .rodata.EDMA_SetChannelSecurityLevel.str1.4
                0x00007ba2       0x4e ./drivers/fsl_edma.o
 .rodata.EDMA_SetChannelProtectionLevel.str1.4
                0x00007ba2       0x4e ./drivers/fsl_edma.o
 *fill*         0x00007ba2        0x2 ff
 .rodata.s_edmaBases
                0x00007ba4        0x8 ./drivers/fsl_edma.o
 .rodata.s_edmaClockName
                0x00007bac        0x4 ./drivers/fsl_edma.o
 .rodata.s_edmaResets
                0x00007bb0        0x8 ./drivers/fsl_edma.o
 .rodata.s_edmaIRQNumber
                0x00007bb8       0x40 ./drivers/fsl_edma.o
 .rodata.EDMA_GetInstance.str1.4
                0x00007bf8       0x33 ./drivers/fsl_edma.o
 .rodata.EDMA_Init.str1.4
                0x00007bf8       0x20 ./drivers/fsl_edma.o
 .rodata.EDMA_InitChannel.str1.4
                0x00007bf8       0x27 ./drivers/fsl_edma.o
 .rodata.EDMA_ResetChannel.str1.4
                0x00007bf8       0x4e ./drivers/fsl_edma.o
 .rodata.EDMA_SetTransferConfig.str1.4
                0x00007bf8       0x70 ./drivers/fsl_edma.o
 .rodata.EDMA_SetChannelPreemptionConfig.str1.4
                0x00007bf8       0x70 ./drivers/fsl_edma.o
 .rodata.EDMA_TcdResetExt.str1.4
                0x00007bf8       0x4f ./drivers/fsl_edma.o
 .rodata.EDMA_TcdSetTransferConfigExt.str1.4
                0x00007bf8       0x70 ./drivers/fsl_edma.o
 .rodata.EDMA_ConfigChannelSoftwareTCDExt.str1.4
                0x00007bf8      0x333 ./drivers/fsl_edma.o
 .rodata.EDMA_TcdEnableInterruptsExt.str1.4
                0x00007bf8       0x1d ./drivers/fsl_edma.o
 .rodata.EDMA_EnableChannelInterrupts.str1.4
                0x00007bf8       0x4f ./drivers/fsl_edma.o
 .rodata.EDMA_ClearChannelStatusFlags.str1.4
                0x00007bf8       0x4f ./drivers/fsl_edma.o
 .rodata.EDMA_CreateHandle.str1.4
                0x00007bf8       0x73 ./drivers/fsl_edma.o
 .rodata.EDMA_SetCallback.str1.4
                0x00007bf8       0x21 ./drivers/fsl_edma.o
 .rodata.EDMA_StartTransfer.str1.4
                0x00007bf8       0x21 ./drivers/fsl_edma.o
 .rodata.EDMA_StopTransfer.str1.4
                0x00007bf8       0x21 ./drivers/fsl_edma.o
 .rodata.EDMA_HandleIRQ.str1.4
                0x00007bf8       0x21 ./drivers/fsl_edma.o
 .rodata.s_gpioBases
                0x00007bf8       0x18 ./drivers/fsl_gpio.o
 .rodata.s_gpioClockName
                0x00007c10        0xa ./drivers/fsl_gpio.o
 .rodata.GPIO_GetInstance.str1.4
                0x00007c1a       0x34 ./drivers/fsl_gpio.o
 .rodata.GPIO_PortClockEnable.str1.4
                0x00007c1a       0x38 ./drivers/fsl_gpio.o
 .rodata.GPIO_PinInit.str1.4
                0x00007c1a       0x20 ./drivers/fsl_gpio.o
 *fill*         0x00007c1a        0x2 ff
 .rodata.s_lpflexcommBaseAddrs
                0x00007c1c       0x28 ./drivers/fsl_lpflexcomm.o
 .rodata.s_lpflexcommBase
                0x00007c44       0x28 ./drivers/fsl_lpflexcomm.o
 .rodata.s_lpflexcommClocks
                0x00007c6c       0x14 ./drivers/fsl_lpflexcomm.o
 .rodata.s_lpflexcommResets
                0x00007c80       0x28 ./drivers/fsl_lpflexcomm.o
 .rodata.LP_FLEXCOMM_SetPeriph.str1.4
                0x00007ca8       0x43 ./drivers/fsl_lpflexcomm.o
 .rodata.LP_FLEXCOMM_Init.str1.4
                0x00007ca8       0x49 ./drivers/fsl_lpflexcomm.o
 .rodata.LP_FLEXCOMM_SetIRQHandler.str1.4
                0x00007ca8       0x49 ./drivers/fsl_lpflexcomm.o
 .rodata.kLpi2cBases
                0x00007ca8       0x28 ./drivers/fsl_lpi2c.o
 .rodata.kLpi2cIrqs
                0x00007cd0       0x14 ./drivers/fsl_lpi2c.o
                0x00007cd0                kLpi2cIrqs
 .rodata.kLpi2cClocks
                0x00007ce4       0x14 ./drivers/fsl_lpi2c.o
 .rodata.LPI2C_GetInstance.str1.4
                0x00007cf8       0x35 ./drivers/fsl_lpi2c.o
 .rodata.LPI2C_GetCyclesForWidth.str1.4
                0x00007cf8       0x26 ./drivers/fsl_lpi2c.o
 .rodata.LPI2C_MasterInit.str1.4
                0x00007cf8       0x18 ./drivers/fsl_lpi2c.o
 .rodata.kLpi2cBases
                0x00007cf8       0x28 ./drivers/fsl_lpi2c_edma.o
 .rodata.LPI2C_MasterCreateEDMAHandle.str1.4
                0x00007d20       0x7f ./drivers/fsl_lpi2c_edma.o
 .rodata.LPI2C_MasterTransferEDMA.str1.4
                0x00007d20       0xa0 ./drivers/fsl_lpi2c_edma.o
 .rodata.LPI2C_MasterTransferEdmaHandleIRQ.str1.4
                0x00007d20       0x72 ./drivers/fsl_lpi2c_edma.o
 .rodata.RESET_SetPeripheralReset.str1.4
                0x00007d20       0x1e ./drivers/fsl_reset.o
 .rodata.RESET_ClearPeripheralReset.str1.4
                0x00007d20       0x1e ./drivers/fsl_reset.o
 .rodata.SPC_SetSRAMOperateVoltage.str1.4
                0x00007d20       0x1f ./drivers/fsl_spc.o
 .rodata.SPC_SetActiveModeCoreLDORegulatorConfig.str1.4
                0x00007d20       0x1f ./drivers/fsl_spc.o
 .rodata.SPC_SetActiveModeDCDCRegulatorConfig.str1.4
                0x00007d20       0x20 ./drivers/fsl_spc.o
 .rodata        0x00007d20       0x22 ./board/clock_config.o
 .rodata.EDMA_SetChannelMux.str1.4
                0x00007d42       0xbb ./board/peripherals.o
 *fill*         0x00007d42        0x2 ff
 .rodata.CTIMER0_config
                0x00007d44        0x8 ./board/peripherals.o
                0x00007d44                CTIMER0_config
 .rodata.CTIMER2_config
                0x00007d4c        0x8 ./board/peripherals.o
                0x00007d4c                CTIMER2_config
 .rodata.LP_FLEXCOMM2_masterConfig
                0x00007d54       0x1c ./board/peripherals.o
                0x00007d54                LP_FLEXCOMM2_masterConfig
 .rodata.CTIMER4_config
                0x00007d70        0x8 ./board/peripherals.o
                0x00007d70                CTIMER4_config
 .rodata.PORT_SetPinConfig.str1.4
                0x00007d78       0x85 ./board/pin_mux.o
 .rodata.__num_Ciob_streams
                0x00007d78        0x4 C:/NXP/MCUXpressoIDE_25.6.136/ide/plugins/com.nxp.mcuxpresso.tools.win32_25.6.0.202501151204/tools/bin/../lib/gcc/arm-none-eabi/14.2.1/../../../../arm-none-eabi/lib/thumb/v8-m.main+fp/hard\libcr_semihost_nf.a(__ciob.o)
                0x00007d78                __num_Ciob_streams
 .rodata._Csys_alloc.str1.1
                0x00007d7c       0x53 C:/NXP/MCUXpressoIDE_25.6.136/ide/plugins/com.nxp.mcuxpresso.tools.win32_25.6.0.202501151204/tools/bin/../lib/gcc/arm-none-eabi/14.2.1/../../../../arm-none-eabi/lib/thumb/v8-m.main+fp/hard\libcr_c.a(alloc.o)
                                 0x18 (size before relaxing)
 .rodata._initio.str1.1
                0x00007dcf        0x4 C:/NXP/MCUXpressoIDE_25.6.136/ide/plugins/com.nxp.mcuxpresso.tools.win32_25.6.0.202501151204/tools/bin/../lib/gcc/arm-none-eabi/14.2.1/../../../../arm-none-eabi/lib/thumb/v8-m.main+fp/hard\libcr_c.a(initio.o)
 .rodata.__vfprintf.str1.1
                0x00007dcf       0x38 C:/NXP/MCUXpressoIDE_25.6.136/ide/plugins/com.nxp.mcuxpresso.tools.win32_25.6.0.202501151204/tools/bin/../lib/gcc/arm-none-eabi/14.2.1/../../../../arm-none-eabi/lib/thumb/v8-m.main+fp/hard\libcr_c.a(printf.o)
                0x00007e08                        . = ALIGN (0x4)
 *fill*         0x00007dcf        0x1 ff

.glue_7         0x00007dd0        0x0
 .glue_7        0x00007dd0        0x0 linker stubs

.glue_7t        0x00007dd0        0x0
 .glue_7t       0x00007dd0        0x0 linker stubs

.vfp11_veneer   0x00007dd0        0x0
 .vfp11_veneer  0x00007dd0        0x0 linker stubs

.v4_bx          0x00007dd0        0x0
 .v4_bx         0x00007dd0        0x0 linker stubs

.iplt           0x00007dd0        0x0
 .iplt          0x00007dd0        0x0 ./utilities/fsl_assert.o

.rel.dyn        0x00007dd0        0x0
 .rel.iplt      0x00007dd0        0x0 ./utilities/fsl_assert.o

.ARM.extab
 *(SORT_BY_ALIGNMENT(.ARM.extab*) SORT_BY_ALIGNMENT(.gnu.linkonce.armextab.*))

.ARM.exidx      0x00007dd0        0x0
                0x00007dd0                        __exidx_start = .
 *(SORT_BY_ALIGNMENT(.ARM.exidx*) SORT_BY_ALIGNMENT(.gnu.linkonce.armexidx.*))
                0x00007dd0                        __exidx_end = .
                0x00007dd0                        _etext = .

.m_usb_data
 *(SORT_BY_ALIGNMENT(m_usb_global))

.data_RAM2      0x04000000        0x0 load address 0x00007dd0
 FILL mask 0xff
                [!provide]                        PROVIDE (__start_data_RAM2 = .)
                [!provide]                        PROVIDE (__start_data_SRAMX = .)
 *(SORT_BY_ALIGNMENT(.ramfunc.$RAM2))
 *(SORT_BY_ALIGNMENT(.ramfunc.$SRAMX))
 *(SORT_BY_ALIGNMENT(.data.$RAM2))
 *(SORT_BY_ALIGNMENT(.data.$SRAMX))
 *(SORT_BY_ALIGNMENT(.data.$RAM2.*))
 *(SORT_BY_ALIGNMENT(.data.$SRAMX.*))
                0x04000000                        . = ALIGN (0x4)
                [!provide]                        PROVIDE (__end_data_RAM2 = .)
                [!provide]                        PROVIDE (__end_data_SRAMX = .)

.data_RAM3      0x20060000        0x0 load address 0x00007dd0
 FILL mask 0xff
                [!provide]                        PROVIDE (__start_data_RAM3 = .)
                [!provide]                        PROVIDE (__start_data_SRAMH = .)
 *(SORT_BY_ALIGNMENT(.ramfunc.$RAM3))
 *(SORT_BY_ALIGNMENT(.ramfunc.$SRAMH))
 *(SORT_BY_ALIGNMENT(.data.$RAM3))
 *(SORT_BY_ALIGNMENT(.data.$SRAMH))
 *(SORT_BY_ALIGNMENT(.data.$RAM3.*))
 *(SORT_BY_ALIGNMENT(.data.$SRAMH.*))
                0x20060000                        . = ALIGN (0x4)
                [!provide]                        PROVIDE (__end_data_RAM3 = .)
                [!provide]                        PROVIDE (__end_data_SRAMH = .)

.data_RAM4      0x400ba000        0x0 load address 0x00007dd0
 FILL mask 0xff
                [!provide]                        PROVIDE (__start_data_RAM4 = .)
                [!provide]                        PROVIDE (__start_data_USB_RAM = .)
 *(SORT_BY_ALIGNMENT(.ramfunc.$RAM4))
 *(SORT_BY_ALIGNMENT(.ramfunc.$USB_RAM))
 *(SORT_BY_ALIGNMENT(.data.$RAM4))
 *(SORT_BY_ALIGNMENT(.data.$USB_RAM))
 *(SORT_BY_ALIGNMENT(.data.$RAM4.*))
 *(SORT_BY_ALIGNMENT(.data.$USB_RAM.*))
                0x400ba000                        . = ALIGN (0x4)
                [!provide]                        PROVIDE (__end_data_RAM4 = .)
                [!provide]                        PROVIDE (__end_data_USB_RAM = .)

.uninit_RESERVED
                0x20000000        0x0
                0x20000000                        _start_uninit_RESERVED = .
 *(SORT_BY_ALIGNMENT(.bss.$RESERVED*))
                0x20000000                        . = ALIGN (0x4)
                0x20000000                        _end_uninit_RESERVED = .

.data           0x20000000       0x54 load address 0x00007dd0
 FILL mask 0xff
                0x20000000                        _data = .
                [!provide]                        PROVIDE (__start_data_RAM = .)
                [!provide]                        PROVIDE (__start_data_SRAM = .)
 *(SORT_BY_ALIGNMENT(vtable))
 *(SORT_BY_ALIGNMENT(.ramfunc*))
 *(SORT_BY_ALIGNMENT(CodeQuickAccess))
 *(SORT_BY_ALIGNMENT(DataQuickAccess))
 *(SORT_BY_ALIGNMENT(RamFunction))
 *(SORT_BY_ALIGNMENT(.data*))
 .data.s_Ext_Clk_Freq
                0x20000000        0x4 ./drivers/fsl_clock.o
 .data.s_Xtal32_Freq
                0x20000004        0x4 ./drivers/fsl_clock.o
 .data.SystemCoreClock
                0x20000008        0x4 ./device/system_MCXN947_cm33_core0.o
                0x20000008                SystemCoreClock
 .data.DMA0_config
                0x2000000c       0x48 ./board/peripherals.o
                0x2000000c                DMA0_config
                0x20000054                        . = ALIGN (0x4)
                0x20000054                        _edata = .
                [!provide]                        PROVIDE (__end_data_RAM = .)
                [!provide]                        PROVIDE (__end_data_SRAM = .)

.igot.plt       0x20000054        0x0 load address 0x00007e24
 .igot.plt      0x20000054        0x0 ./utilities/fsl_assert.o

.bss_RAM2       0x04000000        0x0
                [!provide]                        PROVIDE (__start_bss_RAM2 = .)