Archive member included to satisfy reference by file (symbol)

C:/nxp/MCUXpressoIDE_25.6.136/ide/plugins/com.nxp.mcuxpresso.tools.win32_25.6.0.202501151204/tools/bin/../lib/gcc/arm-none-eabi/14.2.1/../../../../arm-none-eabi/lib/thumb/v8-m.main+fp/hard\libcr_semihost_nf.a(_cr__main.o)
                              ./startup/startup_mcxn947_cm33_core0.o (__main)
C:/nxp/MCUXpressoIDE_25.6.136/ide/plugins/com.nxp.mcuxpresso.tools.win32_25.6.0.202501151204/tools/bin/../lib/gcc/arm-none-eabi/14.2.1/../../../../arm-none-eabi/lib/thumb/v8-m.main+fp/hard\libcr_c.a(memset.o)
                              ./source/oled.o (memset)
C:/nxp/MCUXpressoIDE_25.6.136/ide/plugins/com.nxp.mcuxpresso.tools.win32_25.6.0.202501151204/tools/bin/../lib/gcc/arm-none-eabi/14.2.1/../../../../arm-none-eabi/lib/thumb/v8-m.main+fp/hard\libcr_c.a(alloc.o)
                              ./drivers/fsl_common.o (malloc)
C:/nxp/MCUXpressoIDE_25.6.136/ide/plugins/com.nxp.mcuxpresso.tools.win32_25.6.0.202501151204/tools/bin/../lib/gcc/arm-none-eabi/14.2.1/../../../../arm-none-eabi/lib/thumb/v8-m.main+fp/hard\libcr_c.a(errno.o)
                              ./utilities/str/fsl_str.o (errno)
C:/nxp/MCUXpressoIDE_25.6.136/ide/plugins/com.nxp.mcuxpresso.tools.win32_25.6.0.202501151204/tools/bin/../lib/gcc/arm-none-eabi/14.2.1/../../../../arm-none-eabi/lib/thumb/v8-m.main+fp/hard\libcr_c.a(initio.o)
                              C:/nxp/MCUXpressoIDE_25.6.136/ide/plugins/com.nxp.mcuxpresso.tools.win32_25.6.0.202501151204/tools/bin/../lib/gcc/arm-none-eabi/14.2.1/../../../../arm-none-eabi/lib/thumb/v8-m.main+fp/hard\libcr_semihost_nf.a(_cr__main.o) (_initio)
C:/nxp/MCUXpressoIDE_25.6.136/ide/plugins/com.nxp.mcuxpresso.tools.win32_25.6.0.202501151204/tools/bin/../lib/gcc/arm-none-eabi/14.2.1/../../../../arm-none-eabi/lib/thumb/v8-m.main+fp/hard\libcr_c.a(printf.o)
                              ./utilities/fsl_assert.o (_printf)
C:/nxp/MCUXpressoIDE_25.6.136/ide/plugins/com.nxp.mcuxpresso.tools.win32_25.6.0.202501151204/tools/bin/../lib/gcc/arm-none-eabi/14.2.1/../../../../arm-none-eabi/lib/thumb/v8-m.main+fp/hard\libcr_c.a(scanf.o)
                              ./utilities/str/fsl_str.o (strtoul)
C:/nxp/MCUXpressoIDE_25.6.136/ide/plugins/com.nxp.mcuxpresso.tools.win32_25.6.0.202501151204/tools/bin/../lib/gcc/arm-none-eabi/14.2.1/../../../../arm-none-eabi/lib/thumb/v8-m.main+fp/hard\libcr_c.a(setvbuf.o)
                              C:/nxp/MCUXpressoIDE_25.6.136/ide/plugins/com.nxp.mcuxpresso.tools.win32_25.6.0.202501151204/tools/bin/../lib/gcc/arm-none-eabi/14.2.1/../../../../arm-none-eabi/lib/thumb/v8-m.main+fp/hard\libcr_c.a(initio.o) (setvbuf)
C:/nxp/MCUXpressoIDE_25.6.136/ide/plugins/com.nxp.mcuxpresso.tools.win32_25.6.0.202501151204/tools/bin/../lib/gcc/arm-none-eabi/14.2.1/../../../../arm-none-eabi/lib/thumb/v8-m.main+fp/hard\libcr_c.a(strlen.o)
                              ./utilities/str/fsl_str.o (strlen)
C:/nxp/MCUXpressoIDE_25.6.136/ide/plugins/com.nxp.mcuxpresso.tools.win32_25.6.0.202501151204/tools/bin/../lib/gcc/arm-none-eabi/14.2.1/../../../../arm-none-eabi/lib/thumb/v8-m.main+fp/hard\libcr_c.a(ungetc.o)
                              C:/nxp/MCUXpressoIDE_25.6.136/ide/plugins/com.nxp.mcuxpresso.tools.win32_25.6.0.202501151204/tools/bin/../lib/gcc/arm-none-eabi/14.2.1/../../../../arm-none-eabi/lib/thumb/v8-m.main+fp/hard\libcr_c.a(scanf.o) (ungetc)
C:/nxp/MCUXpressoIDE_25.6.136/ide/plugins/com.nxp.mcuxpresso.tools.win32_25.6.0.202501151204/tools/bin/../lib/gcc/arm-none-eabi/14.2.1/../../../../arm-none-eabi/lib/thumb/v8-m.main+fp/hard\libcr_c.a(__fillbuf.o)
                              C:/nxp/MCUXpressoIDE_25.6.136/ide/plugins/com.nxp.mcuxpresso.tools.win32_25.6.0.202501151204/tools/bin/../lib/gcc/arm-none-eabi/14.2.1/../../../../arm-none-eabi/lib/thumb/v8-m.main+fp/hard\libcr_c.a(scanf.o) (__filbuf)
C:/nxp/MCUXpressoIDE_25.6.136/ide/plugins/com.nxp.mcuxpresso.tools.win32_25.6.0.202501151204/tools/bin/../lib/gcc/arm-none-eabi/14.2.1/../../../../arm-none-eabi/lib/thumb/v8-m.main+fp/hard\libcr_c.a(__init_alloc.o)
                              C:/nxp/MCUXpressoIDE_25.6.136/ide/plugins/com.nxp.mcuxpresso.tools.win32_25.6.0.202501151204/tools/bin/../lib/gcc/arm-none-eabi/14.2.1/../../../../arm-none-eabi/lib/thumb/v8-m.main+fp/hard\libcr_c.a(alloc.o) (__heaps)
C:/nxp/MCUXpressoIDE_25.6.136/ide/plugins/com.nxp.mcuxpresso.tools.win32_25.6.0.202501151204/tools/bin/../lib/gcc/arm-none-eabi/14.2.1/../../../../arm-none-eabi/lib/thumb/v8-m.main+fp/hard\libcr_c.a(_cr_sbrk.o)
                              C:/nxp/MCUXpressoIDE_25.6.136/ide/plugins/com.nxp.mcuxpresso.tools.win32_25.6.0.202501151204/tools/bin/../lib/gcc/arm-none-eabi/14.2.1/../../../../arm-none-eabi/lib/thumb/v8-m.main+fp/hard\libcr_c.a(alloc.o) (_sbrk)
C:/nxp/MCUXpressoIDE_25.6.136/ide/plugins/com.nxp.mcuxpresso.tools.win32_25.6.0.202501151204/tools/bin/../lib/gcc/arm-none-eabi/14.2.1/../../../../arm-none-eabi/lib/thumb/v8-m.main+fp/hard\libcr_c.a(_deferredlazyseek.o)
[...]
Memory Configuration

Name             Origin             Length             Attributes
PROGRAM_FLASH0   0x00000000         0x00100000         xr
PROGRAM_FLASH1   0x00100000         0x00100000         xr
SRAM             0x20000000         0x00060000         xrw
SRAMX            0x04000000         0x00018000         xrw
SRAMH            0x20060000         0x00008000         xrw
USB_RAM          0x400ba000         0x00001000         xrw
*default*        0x00000000         0xffffffff

Linker script and memory map

LOAD ./utilities/str/fsl_str.o
LOAD ./utilities/debug_console_lite/fsl_debug_console.o
LOAD ./utilities/fsl_assert.o
LOAD ./utilities/fsl_memcpy.o
LOAD ./startup/boot_multicore_slave.o
LOAD ./startup/startup_mcxn947_cm33_core0.o
LOAD ./source/esc.o
LOAD ./source/hbridge.o
LOAD ./source/ina.o
LOAD ./source/lane_follow.o
LOAD ./source/main.o
LOAD ./source/oled.o
LOAD ./source/pixy.o
LOAD ./source/semihost_hardfault.o
LOAD ./source/servo.o
LOAD ./source/simple_movement.o
LOAD ./drivers/fsl_clock.o
LOAD ./drivers/fsl_common.o
LOAD ./drivers/fsl_common_arm.o
LOAD ./drivers/fsl_ctimer.o
LOAD ./drivers/fsl_edma.o
LOAD ./drivers/fsl_edma_soc.o
LOAD ./drivers/fsl_gpio.o
LOAD ./drivers/fsl_inputmux.o
LOAD ./drivers/fsl_lpflexcomm.o
LOAD ./drivers/fsl_lpi2c.o
LOAD ./drivers/fsl_lpi2c_cmsis.o
LOAD ./drivers/fsl_lpi2c_edma.o
LOAD ./drivers/fsl_lpuart.o
LOAD ./drivers/fsl_pwm.o
LOAD ./drivers/fsl_reset.o
LOAD ./drivers/fsl_spc.o
LOAD ./device/system_MCXN947_cm33_core0.o
LOAD ./component/uart/fsl_adapter_lpuart.o
LOAD ./board/board.o
LOAD ./board/clock_config.o
LOAD ./board/hardware_init.o
LOAD ./board/peripherals.o
LOAD ./board/pin_mux.o
START GROUP
LOAD C:/nxp/MCUXpressoIDE_25.6.136/ide/plugins/com.nxp.mcuxpresso.tools.win32_25.6.0.202501151204/tools/bin/../lib/gcc/arm-none-eabi/14.2.1/../../../../arm-none-eabi/lib/thumb/v8-m.main+fp/hard\libcr_semihost_nf.a
LOAD C:/nxp/MCUXpressoIDE_25.6.136/ide/plugins/com.nxp.mcuxpresso.tools.win32_25.6.0.202501151204/tools/bin/../lib/gcc/arm-none-eabi/14.2.1/../../../../arm-none-eabi/lib/thumb/v8-m.main+fp/hard\libcr_c.a
LOAD C:/nxp/MCUXpressoIDE_25.6.136/ide/plugins/com.nxp.mcuxpresso.tools.win32_25.6.0.202501151204/tools/bin/../lib/gcc/arm-none-eabi/14.2.1/thumb/v8-m.main+fp/hard\libcr_eabihelpers.a
LOAD C:/nxp/MCUXpressoIDE_25.6.136/ide/plugins/com.nxp.mcuxpresso.tools.win32_25.6.0.202501151204/tools/bin/../lib/gcc/arm-none-eabi/14.2.1/thumb/v8-m.main+fp/hard\libgcc.a
END GROUP
                0x00000000                        __base_PROGRAM_FLASH0 = 0x0
                0x00000000                        __base_Flash = 0x0
                0x00100000                        __top_PROGRAM_FLASH0 = 0x100000
                0x00100000                        __top_Flash = 0x100000
                0x00100000                        __base_PROGRAM_FLASH1 = 0x100000
                0x00100000                        __base_Flash2 = 0x100000
                0x00200000                        __top_PROGRAM_FLASH1 = 0x200000
                0x00200000                        __top_Flash2 = 0x200000
                0x20000000                        __base_SRAM = 0x20000000
                0x20000000                        __base_RAM = 0x20000000
                0x20060000                        __top_SRAM = 0x20060000
                0x20060000                        __top_RAM = 0x20060000
                0x04000000                        __base_SRAMX = 0x4000000
                0x04000000                        __base_RAM2 = 0x4000000
                0x04018000                        __top_SRAMX = 0x4018000
                0x04018000                        __top_RAM2 = 0x4018000
                0x20060000                        __base_SRAMH = 0x20060000
                0x20060000                        __base_RAM3 = 0x20060000
                0x20068000                        __top_SRAMH = 0x20068000
                0x20068000                        __top_RAM3 = 0x20068000
                0x400ba000                        __base_USB_RAM = 0x400ba000
                0x400ba000                        __base_RAM4 = 0x400ba000
                0x400bb000                        __top_USB_RAM = 0x400bb000
                0x400bb000                        __top_RAM4 = 0x400bb000

.text_Flash2    0x00100000        0x0
 FILL mask 0xff
 *(SORT_BY_ALIGNMENT(.text_Flash2))
 *(SORT_BY_ALIGNMENT(.text_PROGRAM_FLASH1))
 *(SORT_BY_ALIGNMENT(.text.$Flash2))
 *(SORT_BY_ALIGNMENT(.text.$PROGRAM_FLASH1))
 *(SORT_BY_ALIGNMENT(.text_Flash2.*))
 *(SORT_BY_ALIGNMENT(.text_PROGRAM_FLASH1.*))
 *(SORT_BY_ALIGNMENT(.text.$Flash2.*))
 *(SORT_BY_ALIGNMENT(.text.$PROGRAM_FLASH1.*))
 *(SORT_BY_ALIGNMENT(.rodata.$Flash2))
 *(SORT_BY_ALIGNMENT(.rodata.$PROGRAM_FLASH1))
 *(SORT_BY_ALIGNMENT(.rodata.$Flash2.*))
 *(SORT_BY_ALIGNMENT(.rodata.$PROGRAM_FLASH1.*))

.text           0x00000000     0x8e5c
 FILL mask 0xff
                0x00000000                        __vectors_start__ = ABSOLUTE (.)
 *(SORT_BY_ALIGNMENT(.isr_vector))
 .isr_vector    0x00000000      0x2b0 ./startup/startup_mcxn947_cm33_core0.o
                0x00000000                g_pfnVectors
                0x00000000                __Vectors
                0x000002b0                        . = ALIGN (0x4)
                0x000002b0                        __section_table_start = .
                0x000002b0                        __data_section_table = .
                0x000002b0        0x4 LONG 0x8e5c LOADADDR (.data)
                0x000002b4        0x4 LONG 0x20000000 ADDR (.data)
                0x000002b8        0x4 LONG 0x74 SIZEOF (.data)
                0x000002bc        0x4 LONG 0x8e5c LOADADDR (.data_RAM2)
                0x000002c0        0x4 LONG 0x4000000 ADDR (.data_RAM2)
                0x000002c4        0x4 LONG 0x0 SIZEOF (.data_RAM2)
                0x000002c8        0x4 LONG 0x8e5c LOADADDR (.data_RAM3)
                0x000002cc        0x4 LONG 0x20060000 ADDR (.data_RAM3)
                0x000002d0        0x4 LONG 0x0 SIZEOF (.data_RAM3)
                0x000002d4        0x4 LONG 0x8e5c LOADADDR (.data_RAM4)
                0x000002d8        0x4 LONG 0x400ba000 ADDR (.data_RAM4)
                0x000002dc        0x4 LONG 0x0 SIZEOF (.data_RAM4)
                0x000002e0                        __data_section_table_end = .
                0x000002e0                        __bss_section_table = .
                0x000002e0        0x4 LONG 0x20000074 ADDR (.bss)
                0x000002e4        0x4 LONG 0x3d0 SIZEOF (.bss)
                0x000002e8        0x4 LONG 0x4000000 ADDR (.bss_RAM2)
                0x000002ec        0x4 LONG 0x0 SIZEOF (.bss_RAM2)
                0x000002f0        0x4 LONG 0x20060000 ADDR (.bss_RAM3)
                0x000002f4        0x4 LONG 0x0 SIZEOF (.bss_RAM3)
                0x000002f8        0x4 LONG 0x400ba000 ADDR (.bss_RAM4)
                0x000002fc        0x4 LONG 0x0 SIZEOF (.bss_RAM4)
                0x00000300                        __bss_section_table_end = .
                0x00000300                        __section_table_end = .
 *(SORT_BY_ALIGNMENT(.after_vectors*))
 .after_vectors.reset
                0x00000300       0x68 ./startup/startup_mcxn947_cm33_core0.o
                0x00000300                ResetISR
 .after_vectors.init_data
                0x00000368       0x1e ./startup/startup_mcxn947_cm33_core0.o
                0x00000368                data_init
 .after_vectors.init_bss
                0x00000386       0x12 ./startup/startup_mcxn947_cm33_core0.o
                0x00000386                bss_init
 .after_vectors
                0x00000398       0x16 ./startup/startup_mcxn947_cm33_core0.o
                0x00000398                NMI_Handler
                0x0000039c                MemManage_Handler
                0x0000039e                BusFault_Handler
                0x000003a0                UsageFault_Handler
                0x000003a2                SecureFault_Handler
                0x000003a4                SVC_Handler
                0x000003a6                DebugMon_Handler
                0x000003a8                PendSV_Handler
                0x000003ac                SCG_DriverIRQHandler
                0x000003ac                PKC_ERR_DriverIRQHandler
                0x000003ac                LPTMR0_DriverIRQHandler
                0x000003ac                FLEXPWM1_SUBMODULE1_DriverIRQHandler
                0x000003ac                FLEXPWM0_SUBMODULE1_DriverIRQHandler
                0x000003ac                CMC0_DriverIRQHandler
                0x000003ac                QDC1_HOME_DriverIRQHandler
                0x000003ac                I3C0_DriverIRQHandler
                0x000003ac                FLEXPWM0_RELOAD_ERROR_DriverIRQHandler
                0x000003ac                QDC0_HOME_DriverIRQHandler
                0x000003ac                Reserved167_DriverIRQHandler
                0x000003ac                SEC_VIO_DriverIRQHandler
                0x000003ac                ERM_MULTI_BIT_ERROR_DriverIRQHandler
                0x000003ac                GPIO31_DriverIRQHandler
                0x000003ac                EWM0_DriverIRQHandler
                0x000003ac                PKC_DriverIRQHandler
                0x000003ac                USB1_HS_PHY_DriverIRQHandler
                0x000003ac                QDC0_IDX_DriverIRQHandler
                0x000003ac                ELS_DriverIRQHandler
                0x000003ac                Reserved166_DriverIRQHandler
                0x000003ac                ETHERNET_DriverIRQHandler
                0x000003ac                QDC1_IDX_DriverIRQHandler
                0x000003ac                FLEXPWM1_SUBMODULE3_DriverIRQHandler
                0x000003ac                DAC1_DriverIRQHandler
                0x000003ac                EMVSIM0_DriverIRQHandler
                0x000003ac                ITRC0_DriverIRQHandler
                0x000003ac                ETB0_DriverIRQHandler
                0x000003ac                Freqme_DriverIRQHandler
                0x000003ac                Reserved80_DriverIRQHandler
                0x000003ac                IntDefaultHandler
                0x000003ac                USB0_FS_DriverIRQHandler
                0x000003ac                FLEXIO_DriverIRQHandler
                0x000003ac                DAC0_DriverIRQHandler
                0x000003ac                MRT0_DriverIRQHandler
                0x000003ac                UTICK0_DriverIRQHandler
                0x000003ac                FLEXPWM0_SUBMODULE2_DriverIRQHandler
                0x000003ac                GPIO01_DriverIRQHandler
                0x000003ac                WWDT0_DriverIRQHandler
                0x000003ac                USDHC0_DriverIRQHandler
                0x000003ac                GPIO00_DriverIRQHandler
                0x000003ac                GPIO11_DriverIRQHandler
                0x000003ac                BSP32_DriverIRQHandler
                0x000003ac                FLEXPWM0_FAULT_DriverIRQHandler
                0x000003ac                SAI1_DriverIRQHandler
                0x000003ac                ERM_SINGLE_BIT_ERROR_DriverIRQHandler
                0x000003ac                GPIO21_DriverIRQHandler
                0x000003ac                FLEXPWM1_FAULT_DriverIRQHandler
                0x000003ac                GPIO30_DriverIRQHandler
                0x000003ac                QDC0_COMPARE_DriverIRQHandler
                0x000003ac                WWDT1_DriverIRQHandler
                0x000003ac                ADC1_DriverIRQHandler
                0x000003ac                PQ_DriverIRQHandler
                0x000003ac                ETHERNET_MACLP_DriverIRQHandler
                0x000003ac                USB0_DCD_DriverIRQHandler
                0x000003ac                MAILBOX_DriverIRQHandler
                0x000003ac                WUU_DriverIRQHandler
                0x000003ac                FLEXPWM1_SUBMODULE0_DriverIRQHandler
                0x000003ac                CDOG1_DriverIRQHandler
                0x000003ac                TSI_OUT_OF_SCAN_DriverIRQHandler
                0x000003ac                PUF_DriverIRQHandler
                0x000003ac                SPC_DriverIRQHandler
                0x000003ac                RTC_DriverIRQHandler
                0x000003ac                VBAT0_DriverIRQHandler
                0x000003ac                Reserved65_DriverIRQHandler
                0x000003ac                HSCMP2_DriverIRQHandler
                0x000003ac                PINT0_DriverIRQHandler
                0x000003ac                PDM_EVENT_DriverIRQHandler
                0x000003ac                ELS_ERR_DriverIRQHandler
                0x000003ac                ETHERNET_PMT_DriverIRQHandler
                0x000003ac                FLEXPWM1_RELOAD_ERROR_DriverIRQHandler
                0x000003ac                FMU0_DriverIRQHandler
                0x000003ac                QDC1_COMPARE_DriverIRQHandler
                0x000003ac                LPTMR1_DriverIRQHandler
                0x000003ac                GPIO40_DriverIRQHandler
                0x000003ac                CTI0_DriverIRQHandler
                0x000003ac                FLEXPWM1_SUBMODULE2_DriverIRQHandler
                0x000003ac                GPIO20_DriverIRQHandler
                0x000003ac                QDC1_WDG_SAB_DriverIRQHandler
                0x000003ac                GDET_DriverIRQHandler
                0x000003ac                PORT_EFT_DriverIRQHandler
                0x000003ac                Reserved85_DriverIRQHandler
                0x000003ac                Reserved81_DriverIRQHandler
                0x000003ac                TSI_END_OF_SCAN_DriverIRQHandler
                0x000003ac                FLEXPWM0_SUBMODULE3_DriverIRQHandler
                0x000003ac                ADC0_DriverIRQHandler
                0x000003ac                OR_DriverIRQHandler
                0x000003ac                USB1_HS_DriverIRQHandler
                0x000003ac                DAC2_DriverIRQHandler
                0x000003ac                GPIO51_DriverIRQHandler
                0x000003ac                HSCMP0_DriverIRQHandler
                0x000003ac                QDC0_WDG_SAB_DriverIRQHandler
                0x000003ac                CDOG0_DriverIRQHandler
                0x000003ac                CAN0_DriverIRQHandler
                0x000003ac                SMARTDMA_DriverIRQHandler
                0x000003ac                SAI0_DriverIRQHandler
                0x000003ac                EMVSIM1_DriverIRQHandler
                0x000003ac                I3C1_DriverIRQHandler
                0x000003ac                HSCMP1_DriverIRQHandler
                0x000003ac                FLEXSPI0_DriverIRQHandler
                0x000003ac                GPIO50_DriverIRQHandler
                0x000003ac                GPIO10_DriverIRQHandler
                0x000003ac                SCT0_DriverIRQHandler
                0x000003ac                CAN1_DriverIRQHandler
                0x000003ac                PLU_DriverIRQHandler
                0x000003ac                FLEXPWM0_SUBMODULE0_DriverIRQHandler
                0x000003ac                OS_EVENT_DriverIRQHandler
                0x000003ac                SINC_FILTER_DriverIRQHandler
                0x000003ac                NPU_DriverIRQHandler
                0x000003ac                GPIO41_DriverIRQHandler
                0x000003ac                SEC_HYPERVISOR_CALL_DriverIRQHandler
 *(SORT_BY_ALIGNMENT(.text*))
 *fill*         0x000003ae        0x2 ff
 .text.main     0x000003b0      0x144 ./source/main.o
                0x000003b0                main
 .text.__assertion_failed
                0x000004f4       0x2c ./utilities/fsl_assert.o
                0x000004f4                __assertion_failed
 .text          0x00000520       0xa0 ./utilities/fsl_memcpy.o
                0x00000520                memcpy
 .text.HbridgeInit
                0x000005c0       0x6c ./source/hbridge.o
                0x000005c0                HbridgeInit
 .text.ema_update
                0x0000062c       0x38 ./source/main.o
 .text.selecteaza_candidat
                0x00000664       0xfc ./source/main.o
 .text.calcul_viteza
                0x00000760       0x3c ./source/main.o
 .text.pixy_edma_cb
                0x0000079c       0x30 ./source/pixy.o
 .text.pixy_wait_done
                0x000007cc       0x40 ./source/pixy.o
 .text.pixy_init
                0x0000080c       0x44 ./source/pixy.o
                0x0000080c                pixy_init
 .text.pixy_send
                0x00000850       0x70 ./source/pixy.o
 .text.pixy_recv
                0x000008c0       0x70 ./source/pixy.o
 .text.pixy_get_vectors
                0x00000930      0x23c ./source/pixy.o
                0x00000930                pixy_get_vectors
 .text.SysTick_Handler
                0x00000b6c       0x1c ./source/servo.o
                0x00000b6c                SysTick_Handler
 .text.Steer    0x00000b88       0xe0 ./source/servo.o
                0x00000b88                Steer
 .text.CLOCK_IsPLL0Locked
                0x00000c68       0x28 ./drivers/fsl_clock.o
 .text.CLOCK_SetupFROHFClocking
                0x00000c90       0x9c ./drivers/fsl_clock.o
                0x00000c90                CLOCK_SetupFROHFClocking
 .text.CLOCK_SetPll0MonitorMode
                0x00000d2c       0x38 ./drivers/fsl_clock.o
                0x00000d2c                CLOCK_SetPll0MonitorMode
 .text.CLOCK_AttachClk
                0x00000d64       0xb0 ./drivers/fsl_clock.o
                0x00000d64                CLOCK_AttachClk
 .text.CLOCK_SetClkDiv
                0x00000e14       0x54 ./drivers/fsl_clock.o
                0x00000e14                CLOCK_SetClkDiv
 .text.CLOCK_GetPLL0InClockRate
                0x00000e68       0x5c ./drivers/fsl_clock.o
                0x00000e68                CLOCK_GetPLL0InClockRate
 .text.CLOCK_SetPLL0Freq
                0x00000ec4      0x10c ./drivers/fsl_clock.o
                0x00000ec4                CLOCK_SetPLL0Freq
 .text.CLOCK_GetClk48MFreq
                0x00000fd0       0x2c ./drivers/fsl_clock.o
 .text.CLOCK_GetExtClkFreq
                0x00000ffc       0x2c ./drivers/fsl_clock.o
 .text.CLOCK_GetOsc32KFreq
                0x00001028       0x4c ./drivers/fsl_clock.o
 .text.findPll0PreDiv
                0x00001074       0x40 ./drivers/fsl_clock.o
 .text.findPll0PostDiv
                0x000010b4       0x60 ./drivers/fsl_clock.o
 .text.findPll0MMult
                0x00001114       0xac ./drivers/fsl_clock.o
 .text.SDK_DelayAtLeastUs
                0x000011c0       0x8c ./drivers/fsl_common_arm.o
                0x000011c0                SDK_DelayAtLeastUs
 .text.__NVIC_EnableIRQ
                0x0000124c       0x3c ./drivers/fsl_ctimer.o
 .text.CTIMER_GetInstance
                0x00001288       0x54 ./drivers/fsl_ctimer.o
 .text.CTIMER_Init
                0x000012dc       0x80 ./drivers/fsl_ctimer.o
                0x000012dc                CTIMER_Init
 .text.CTIMER_SetupPwmPeriod
                0x0000135c       0xd8 ./drivers/fsl_ctimer.o
                0x0000135c                CTIMER_SetupPwmPeriod
 .text.CTIMER_UpdatePwmDutycycle
                0x00001434       0xc4 ./drivers/fsl_ctimer.o
                0x00001434                CTIMER_UpdatePwmDutycycle
 .text.CTIMER_GenericIRQHandler
                0x000014f8       0xb4 ./drivers/fsl_ctimer.o
 .text.__NVIC_EnableIRQ
                0x000015ac       0x3c ./drivers/fsl_edma.o
 .text.EDMA_SetChannelMux
                0x000015e8       0x4c ./drivers/fsl_edma.o
 .text.EDMA_EnableChannelMasterIDReplication
                0x00001634       0x70 ./drivers/fsl_edma.o
 .text.EDMA_SetChannelSecurityLevel
                0x000016a4       0x70 ./drivers/fsl_edma.o
 .text.EDMA_SetChannelProtectionLevel
                0x00001714       0x70 ./drivers/fsl_edma.o
 .text.EDMA_GetInstance
                0x00001784       0x4c ./drivers/fsl_edma.o
 .text.EDMA_Init
                0x000017d0       0xdc ./drivers/fsl_edma.o
                0x000017d0                EDMA_Init
 .text.EDMA_InitChannel
                0x000018ac       0x70 ./drivers/fsl_edma.o
                0x000018ac                EDMA_InitChannel
 .text.EDMA_ResetChannel
                0x0000191c       0x40 ./drivers/fsl_edma.o
                0x0000191c                EDMA_ResetChannel
 .text.EDMA_SetTransferConfig
                0x0000195c       0x54 ./drivers/fsl_edma.o
                0x0000195c                EDMA_SetTransferConfig
 .text.EDMA_SetChannelPreemptionConfig
                0x000019b0       0x6c ./drivers/fsl_edma.o
                0x000019b0                EDMA_SetChannelPreemptionConfig
 .text.EDMA_TcdResetExt
                0x00001a1c       0x78 ./drivers/fsl_edma.o
                0x00001a1c                EDMA_TcdResetExt
 .text.EDMA_TcdSetTransferConfigExt
                0x00001a94       0x78 ./drivers/fsl_edma.o
                0x00001a94                EDMA_TcdSetTransferConfigExt
 .text.EDMA_ConfigChannelSoftwareTCDExt
                0x00001b0c      0x3a8 ./drivers/fsl_edma.o
                0x00001b0c                EDMA_ConfigChannelSoftwareTCDExt
 .text.EDMA_TcdEnableInterruptsExt
                0x00001eb4       0x58 ./drivers/fsl_edma.o
                0x00001eb4                EDMA_TcdEnableInterruptsExt
 .text.EDMA_EnableChannelInterrupts
                0x00001f0c       0xac ./drivers/fsl_edma.o
                0x00001f0c                EDMA_EnableChannelInterrupts
 .text.EDMA_ClearChannelStatusFlags
                0x00001fb8       0x94 ./drivers/fsl_edma.o
                0x00001fb8                EDMA_ClearChannelStatusFlags
 .text.EDMA_CreateHandle
                0x0000204c       0xfc ./drivers/fsl_edma.o
                0x0000204c                EDMA_CreateHandle
 .text.EDMA_SetCallback
                0x00002148       0x30 ./drivers/fsl_edma.o
                0x00002148                EDMA_SetCallback
 .text.EDMA_StartTransfer
                0x00002178       0x9c ./drivers/fsl_edma.o
                0x00002178                EDMA_StartTransfer
 .text.EDMA_StopTransfer
                0x00002214       0x34 ./drivers/fsl_edma.o
                0x00002214                EDMA_StopTransfer
 .text.EDMA_HandleIRQ
                0x00002248      0x1a4 ./drivers/fsl_edma.o
                0x00002248                EDMA_HandleIRQ
 .text.EDMA_DriverIRQHandler
                0x000023ec       0x4c ./drivers/fsl_edma.o
                0x000023ec                EDMA_DriverIRQHandler
 .text.GPIO_GetInstance
                0x00002438       0x4c ./drivers/fsl_gpio.o
 .text.GPIO_PortClockEnable
                0x00002484       0x54 ./drivers/fsl_gpio.o
 .text.GPIO_PinInit
                0x000024d8       0x6c ./drivers/fsl_gpio.o
                0x000024d8                GPIO_PinInit
 .text.LP_FLEXCOMM_GetBaseAddress
                0x00002544       0x2c ./drivers/fsl_lpflexcomm.o
                0x00002544                LP_FLEXCOMM_GetBaseAddress
 .text.LP_FLEXCOMM_GetInterruptStatus
                0x00002570       0x28 ./drivers/fsl_lpflexcomm.o
                0x00002570                LP_FLEXCOMM_GetInterruptStatus
 .text.LP_FLEXCOMM_SetPeriph
                0x00002598       0x94 ./drivers/fsl_lpflexcomm.o
 .text.LP_FLEXCOMM_Init
                0x0000262c       0x58 ./drivers/fsl_lpflexcomm.o
                0x0000262c                LP_FLEXCOMM_Init
 .text.LP_FLEXCOMM_SetIRQHandler
                0x00002684       0x70 ./drivers/fsl_lpflexcomm.o
                0x00002684                LP_FLEXCOMM_SetIRQHandler
 .text.LP_FLEXCOMM_CommonIRQHandler
                0x000026f4       0xb8 ./drivers/fsl_lpflexcomm.o
 .text.LPI2C_GetInstance
                0x000027ac       0x4c ./drivers/fsl_lpi2c.o
                0x000027ac                LPI2C_GetInstance
 .text.LPI2C_GetCyclesForWidth
                0x000027f8       0x9c ./drivers/fsl_lpi2c.o
 .text.LPI2C_MasterInit
                0x00002894      0x208 ./drivers/fsl_lpi2c.o
                0x00002894                LPI2C_MasterInit
 .text.LPI2C_MasterSetBaudRate
                0x00002a9c      0x2c4 ./drivers/fsl_lpi2c.o
                0x00002a9c                LPI2C_MasterSetBaudRate
 .text.__NVIC_EnableIRQ
                0x00002d60       0x3c ./drivers/fsl_lpi2c_edma.o
 .text.LPI2C_MasterCreateEDMAHandle
                0x00002d9c       0xe4 ./drivers/fsl_lpi2c_edma.o
                0x00002d9c                LPI2C_MasterCreateEDMAHandle
 .text.LPI2C_MasterTransferEDMA
                0x00002e80      0x30c ./drivers/fsl_lpi2c_edma.o
                0x00002e80                LPI2C_MasterTransferEDMA
 .text.LPI2C_MasterTransferEdmaHandleIRQ
                0x0000318c      0x104 ./drivers/fsl_lpi2c_edma.o
 .text.LPUART_GetInstance
                0x00003290       0x4c ./drivers/fsl_lpuart.o
                0x00003290                LPUART_GetInstance
 .text.LPUART_Init
                0x000032dc      0x3d4 ./drivers/fsl_lpuart.o
                0x000032dc                LPUART_Init
 .text.RESET_SetPeripheralReset
                0x000036b0       0x64 ./drivers/fsl_reset.o
                0x000036b0                RESET_SetPeripheralReset
 .text.RESET_ClearPeripheralReset
                0x00003714       0x64 ./drivers/fsl_reset.o
                0x00003714                RESET_ClearPeripheralReset
 .text.SPC_SetSRAMOperateVoltage
                0x00003778       0x58 ./drivers/fsl_spc.o
                0x00003778                SPC_SetSRAMOperateVoltage
 .text.SPC_SetActiveModeCoreLDORegulatorConfig
                0x000037d0       0x94 ./drivers/fsl_spc.o
                0x000037d0                SPC_SetActiveModeCoreLDORegulatorConfig
 .text.SPC_SetActiveModeDCDCRegulatorConfig
                0x00003864       0x68 ./drivers/fsl_spc.o
                0x00003864                SPC_SetActiveModeDCDCRegulatorConfig
 .text.SystemInit
                0x000038cc      0x124 ./device/system_MCXN947_cm33_core0.o
                0x000038cc                SystemInit
 .text.BOARD_InitDebugConsole
                0x000039f0       0x2c ./board/board.o
                0x000039f0                BOARD_InitDebugConsole
 .text.BOARD_BootClockPLL150M
                0x00003a1c      0x1a8 ./board/clock_config.o
                0x00003a1c                BOARD_BootClockPLL150M
 .text.__NVIC_EnableIRQ
                0x00003bc4       0x3c ./board/peripherals.o
 .text.__NVIC_SetPriority
                0x00003c00       0x54 ./board/peripherals.o
 .text.EDMA_SetChannelMux
                0x00003c54       0x4c ./board/peripherals.o
 .text.CTIMER0_init
                0x00003ca0       0x54 ./board/peripherals.o
 .text.CTIMER2_init
                0x00003cf4       0x3c ./board/peripherals.o
 .text.LP_FLEXCOMM3_init
                0x00003d30       0x70 ./board/peripherals.o
 .text.CTIMER4_init
                0x00003da0       0x18 ./board/peripherals.o
 .text.LP_FLEXCOMM5_init
                0x00003db8       0x20 ./board/peripherals.o
 .text.BOARD_InitPeripherals
                0x00003dd8       0x44 ./board/peripherals.o
                0x00003dd8                BOARD_InitPeripherals
 .text.PORT_SetPinConfig
                0x00003e1c       0x38 ./board/pin_mux.o
 .text.BOARD_InitPins
                0x00003e54      0x1e0 ./board/pin_mux.o
                0x00003e54                BOARD_InitPins
 .text.malloc   0x00004034       0xc8 C:/nxp/MCUXpressoIDE_25.6.136/ide/plugins/com.nxp.mcuxpresso.tools.win32_25.6.0.202501151204/tools/bin/../lib/gcc/arm-none-eabi/14.2.1/../../../../arm-none-eabi/lib/thumb/v8-m.main+fp/hard\libcr_c.a(alloc.o)
                0x00004034                malloc
 .text._Csys_alloc
                0x000040fc       0x20 C:/nxp/MCUXpressoIDE_25.6.136/ide/plugins/com.nxp.mcuxpresso.tools.win32_25.6.0.202501151204/tools/bin/../lib/gcc/arm-none-eabi/14.2.1/../../../../arm-none-eabi/lib/thumb/v8-m.main+fp/hard\libcr_c.a(alloc.o)
                0x000040fc                _Csys_alloc
 .text._initio  0x0000411c       0x78 C:/nxp/MCUXpressoIDE_25.6.136/ide/plugins/com.nxp.mcuxpresso.tools.win32_25.6.0.202501151204/tools/bin/../lib/gcc/arm-none-eabi/14.2.1/../../../../arm-none-eabi/lib/thumb/v8-m.main+fp/hard\libcr_c.a(initio.o)
                0x0000411c                _initio
 .text.__vfprintf
                0x00004194      0xb64 C:/nxp/MCUXpressoIDE_25.6.136/ide/plugins/com.nxp.mcuxpresso.tools.win32_25.6.0.202501151204/tools/bin/../lib/gcc/arm-none-eabi/14.2.1/../../../../arm-none-eabi/lib/thumb/v8-m.main+fp/hard\libcr_c.a(printf.o)
                0x00004194                __vfprintf
 .text._vsnprintf
                0x00004cf8       0x68 C:/nxp/MCUXpressoIDE_25.6.136/ide/plugins/com.nxp.mcuxpresso.tools.win32_25.6.0.202501151204/tools/bin/../lib/gcc/arm-none-eabi/14.2.1/../../../../arm-none-eabi/lib/thumb/v8-m.main+fp/hard\libcr_c.a(printf.o)
                0x00004cf8                _vsnprintf
 .text._printf  0x00004d60       0x54 C:/nxp/MCUXpressoIDE_25.6.136/ide/plugins/com.nxp.mcuxpresso.tools.win32_25.6.0.202501151204/tools/bin/../lib/gcc/arm-none-eabi/14.2.1/../../../../arm-none-eabi/lib/thumb/v8-m.main+fp/hard\libcr_c.a(printf.o)
                0x00004d60                _printf
 .text._sbrk    0x00004db4       0x3c C:/nxp/MCUXpressoIDE_25.6.136/ide/plugins/com.nxp.mcuxpresso.tools.win32_25.6.0.202501151204/tools/bin/../lib/gcc/arm-none-eabi/14.2.1/../../../../arm-none-eabi/lib/thumb/v8-m.main+fp/hard\libcr_c.a(_cr_sbrk.o)
                0x00004db4                _sbrk
 .text._Cwritebuf
                0x00004df0       0x70 C:/nxp/MCUXpressoIDE_25.6.136/ide/plugins/com.nxp.mcuxpresso.tools.win32_25.6.0.202501151204/tools/bin/../lib/gcc/arm-none-eabi/14.2.1/../../../../arm-none-eabi/lib/thumb/v8-m.main+fp/hard\libcr_c.a(_writebuf.o)
                0x00004df0                _Cwritebuf
 .text.fflush   0x00004e60       0x3c C:/nxp/MCUXpressoIDE_25.6.136/ide/plugins/com.nxp.mcuxpresso.tools.win32_25.6.0.202501151204/tools/bin/../lib/gcc/arm-none-eabi/14.2.1/../../../../arm-none-eabi/lib/thumb/v8-m.main+fp/hard\libcr_c.a(fflush.o)
                0x00004e60                fflush
 .text.fseek    0x00004e9c       0xf8 C:/nxp/MCUXpressoIDE_25.6.136/ide/plugins/com.nxp.mcuxpresso.tools.win32_25.6.0.202501151204/tools/bin/../lib/gcc/arm-none-eabi/14.2.1/../../../../arm-none-eabi/lib/thumb/v8-m.main+fp/hard\libcr_c.a(fseek.o)
                0x00004e9c                fseek
 .text.ftell    0x00004f94       0x44 C:/nxp/MCUXpressoIDE_25.6.136/ide/plugins/com.nxp.mcuxpresso.tools.win32_25.6.0.202501151204/tools/bin/../lib/gcc/arm-none-eabi/14.2.1/../../../../arm-none-eabi/lib/thumb/v8-m.main+fp/hard\libcr_c.a(ftell.o)
                0x00004f94                ftell
 .text.__check_heap_overflow
                0x00004fd8       0x18 C:/nxp/MCUXpressoIDE_25.6.136/ide/plugins/com.nxp.mcuxpresso.tools.win32_25.6.0.202501151204/tools/bin/../lib/gcc/arm-none-eabi/14.2.1/../../../../arm-none-eabi/lib/thumb/v8-m.main+fp/hard\libcr_c.a(_cr_check_heap.o)
                0x00004fd8                __check_heap_overflow
 .text.__aeabi_dmul
                0x00004ff0       0xfc C:/nxp/MCUXpressoIDE_25.6.136/ide/plugins/com.nxp.mcuxpresso.tools.win32_25.6.0.202501151204/tools/bin/../lib/gcc/arm-none-eabi/14.2.1/thumb/v8-m.main+fp/hard\libcr_eabihelpers.a(double.o)
                0x00004ff0                __aeabi_dmul
 .text.__aeabi_ddiv
                0x000050ec      0x134 C:/nxp/MCUXpressoIDE_25.6.136/ide/plugins/com.nxp.mcuxpresso.tools.win32_25.6.0.202501151204/tools/bin/../lib/gcc/arm-none-eabi/14.2.1/thumb/v8-m.main+fp/hard\libcr_eabihelpers.a(double.o)
                0x000050ec                __aeabi_ddiv
 .text.__aeabi_dsub
                0x00005220      0x1b4 C:/nxp/MCUXpressoIDE_25.6.136/ide/plugins/com.nxp.mcuxpresso.tools.win32_25.6.0.202501151204/tools/bin/../lib/gcc/arm-none-eabi/14.2.1/thumb/v8-m.main+fp/hard\libcr_eabihelpers.a(double.o)
                0x00005220                __aeabi_dsub
 .text.__aeabi_dadd
                0x000053d4      0x128 C:/nxp/MCUXpressoIDE_25.6.136/ide/plugins/com.nxp.mcuxpresso.tools.win32_25.6.0.202501151204/tools/bin/../lib/gcc/arm-none-eabi/14.2.1/thumb/v8-m.main+fp/hard\libcr_eabihelpers.a(double.o)
                0x000053d4                __aeabi_dadd
 .text.__sys_appexit
                0x000054fc        0xc C:/nxp/MCUXpressoIDE_25.6.136/ide/plugins/com.nxp.mcuxpresso.tools.win32_25.6.0.202501151204/tools/bin/../lib/gcc/arm-none-eabi/14.2.1/../../../../arm-none-eabi/lib/thumb/v8-m.main+fp/hard\libcr_semihost_nf.a(__sys_appexit.o)
                0x000054fc                __sys_appexit
                0x000054fc                __exit
 .text.fsl_assert_hook
                0x00005508       0x1a ./utilities/fsl_assert.o
                0x00005508                fsl_assert_hook
 .text.OR_IRQHandler
                0x00005522        0x8 ./startup/startup_mcxn947_cm33_core0.o
                0x00005522                OR_IRQHandler
 .text.EDMA_0_CH0_IRQHandler
                0x0000552a        0x8 ./startup/startup_mcxn947_cm33_core0.o
                0x0000552a                EDMA_0_CH0_IRQHandler
 .text.EDMA_0_CH1_IRQHandler
                0x00005532        0x8 ./startup/startup_mcxn947_cm33_core0.o
                0x00005532                EDMA_0_CH1_IRQHandler
 .text.EDMA_0_CH2_IRQHandler
                0x0000553a        0x8 ./startup/startup_mcxn947_cm33_core0.o
                0x0000553a                EDMA_0_CH2_IRQHandler
 .text.EDMA_0_CH3_IRQHandler
                0x00005542        0x8 ./startup/startup_mcxn947_cm33_core0.o
                0x00005542                EDMA_0_CH3_IRQHandler
 .text.EDMA_0_CH4_IRQHandler
                0x0000554a        0x8 ./startup/startup_mcxn947_cm33_core0.o
                0x0000554a                EDMA_0_CH4_IRQHandler
 .text.EDMA_0_CH5_IRQHandler
                0x00005552        0x8 ./startup/startup_mcxn947_cm33_core0.o
                0x00005552                EDMA_0_CH5_IRQHandler
 .text.EDMA_0_CH6_IRQHandler
                0x0000555a        0x8 ./startup/startup_mcxn947_cm33_core0.o
                0x0000555a                EDMA_0_CH6_IRQHandler
 .text.EDMA_0_CH7_IRQHandler
                0x00005562        0x8 ./startup/startup_mcxn947_cm33_core0.o
                0x00005562                EDMA_0_CH7_IRQHandler
 .text.EDMA_0_CH8_IRQHandler
                0x0000556a        0x8 ./startup/startup_mcxn947_cm33_core0.o
                0x0000556a                EDMA_0_CH8_IRQHandler
 .text.EDMA_0_CH9_IRQHandler
                0x00005572        0x8 ./startup/startup_mcxn947_cm33_core0.o
                0x00005572                EDMA_0_CH9_IRQHandler
 .text.EDMA_0_CH10_IRQHandler
                0x0000557a        0x8 ./startup/startup_mcxn947_cm33_core0.o
                0x0000557a                EDMA_0_CH10_IRQHandler
 .text.EDMA_0_CH11_IRQHandler
                0x00005582        0x8 ./startup/startup_mcxn947_cm33_core0.o
                0x00005582                EDMA_0_CH11_IRQHandler
 .text.EDMA_0_CH12_IRQHandler
                0x0000558a        0x8 ./startup/startup_mcxn947_cm33_core0.o
                0x0000558a                EDMA_0_CH12_IRQHandler
 .text.EDMA_0_CH13_IRQHandler
                0x00005592        0x8 ./startup/startup_mcxn947_cm33_core0.o
                0x00005592                EDMA_0_CH13_IRQHandler
 .text.EDMA_0_CH14_IRQHandler
                0x0000559a        0x8 ./startup/startup_mcxn947_cm33_core0.o
                0x0000559a                EDMA_0_CH14_IRQHandler
 .text.EDMA_0_CH15_IRQHandler
                0x000055a2        0x8 ./startup/startup_mcxn947_cm33_core0.o
                0x000055a2                EDMA_0_CH15_IRQHandler
 .text.GPIO00_IRQHandler
                0x000055aa        0x8 ./startup/startup_mcxn947_cm33_core0.o
                0x000055aa                GPIO00_IRQHandler
 .text.GPIO01_IRQHandler
                0x000055b2        0x8 ./startup/startup_mcxn947_cm33_core0.o
                0x000055b2                GPIO01_IRQHandler
 .text.GPIO10_IRQHandler
                0x000055ba        0x8 ./startup/startup_mcxn947_cm33_core0.o
                0x000055ba                GPIO10_IRQHandler
 .text.GPIO11_IRQHandler
                0x000055c2        0x8 ./startup/startup_mcxn947_cm33_core0.o
                0x000055c2                GPIO11_IRQHandler
 .text.GPIO20_IRQHandler
                0x000055ca        0x8 ./startup/startup_mcxn947_cm33_core0.o
                0x000055ca                GPIO20_IRQHandler
 .text.GPIO21_IRQHandler
                0x000055d2        0x8 ./startup/startup_mcxn947_cm33_core0.o
                0x000055d2                GPIO21_IRQHandler
 .text.GPIO30_IRQHandler
                0x000055da        0x8 ./startup/startup_mcxn947_cm33_core0.o
                0x000055da                GPIO30_IRQHandler
 .text.GPIO31_IRQHandler
                0x000055e2        0x8 ./startup/startup_mcxn947_cm33_core0.o
                0x000055e2                GPIO31_IRQHandler
 .text.GPIO40_IRQHandler
                0x000055ea        0x8 ./startup/startup_mcxn947_cm33_core0.o
                0x000055ea                GPIO40_IRQHandler
 .text.GPIO41_IRQHandler
                0x000055f2        0x8 ./startup/startup_mcxn947_cm33_core0.o
                0x000055f2                GPIO41_IRQHandler
 .text.GPIO50_IRQHandler
                0x000055fa        0x8 ./startup/startup_mcxn947_cm33_core0.o
                0x000055fa                GPIO50_IRQHandler
 .text.GPIO51_IRQHandler
                0x00005602        0x8 ./startup/startup_mcxn947_cm33_core0.o
                0x00005602                GPIO51_IRQHandler
 .text.UTICK0_IRQHandler
                0x0000560a        0x8 ./startup/startup_mcxn947_cm33_core0.o
                0x0000560a                UTICK0_IRQHandler
 .text.MRT0_IRQHandler
                0x00005612        0x8 ./startup/startup_mcxn947_cm33_core0.o
                0x00005612                MRT0_IRQHandler
 .text.CTIMER0_IRQHandler
                0x0000561a        0x8 ./startup/startup_mcxn947_cm33_core0.o
                0x0000561a                CTIMER0_IRQHandler
 .text.CTIMER1_IRQHandler
                0x00005622        0x8 ./startup/startup_mcxn947_cm33_core0.o
                0x00005622                CTIMER1_IRQHandler
 .text.SCT0_IRQHandler
                0x0000562a        0x8 ./startup/startup_mcxn947_cm33_core0.o
                0x0000562a                SCT0_IRQHandler
 .text.CTIMER2_IRQHandler
                0x00005632        0x8 ./startup/startup_mcxn947_cm33_core0.o
                0x00005632                CTIMER2_IRQHandler
 .text.LP_FLEXCOMM0_IRQHandler
                0x0000563a        0x8 ./startup/startup_mcxn947_cm33_core0.o
                0x0000563a                LP_FLEXCOMM0_IRQHandler
 .text.LP_FLEXCOMM1_IRQHandler
                0x00005642        0x8 ./startup/startup_mcxn947_cm33_core0.o
                0x00005642                LP_FLEXCOMM1_IRQHandler
 .text.LP_FLEXCOMM2_IRQHandler
                0x0000564a        0x8 ./startup/startup_mcxn947_cm33_core0.o
                0x0000564a                LP_FLEXCOMM2_IRQHandler
 .text.LP_FLEXCOMM3_IRQHandler
                0x00005652        0x8 ./startup/startup_mcxn947_cm33_core0.o
                0x00005652                LP_FLEXCOMM3_IRQHandler
 .text.LP_FLEXCOMM4_IRQHandler
                0x0000565a        0x8 ./startup/startup_mcxn947_cm33_core0.o
                0x0000565a                LP_FLEXCOMM4_IRQHandler
 .text.LP_FLEXCOMM5_IRQHandler
                0x00005662        0x8 ./startup/startup_mcxn947_cm33_core0.o
                0x00005662                LP_FLEXCOMM5_IRQHandler
 .text.LP_FLEXCOMM6_IRQHandler
                0x0000566a        0x8 ./startup/startup_mcxn947_cm33_core0.o
                0x0000566a                LP_FLEXCOMM6_IRQHandler
 .text.LP_FLEXCOMM7_IRQHandler
                0x00005672        0x8 ./startup/startup_mcxn947_cm33_core0.o
                0x00005672                LP_FLEXCOMM7_IRQHandler
 .text.LP_FLEXCOMM8_IRQHandler
                0x0000567a        0x8 ./startup/startup_mcxn947_cm33_core0.o
                0x0000567a                LP_FLEXCOMM8_IRQHandler
 .text.LP_FLEXCOMM9_IRQHandler
                0x00005682        0x8 ./startup/startup_mcxn947_cm33_core0.o
                0x00005682                LP_FLEXCOMM9_IRQHandler
 .text.ADC0_IRQHandler
                0x0000568a        0x8 ./startup/startup_mcxn947_cm33_core0.o
                0x0000568a                ADC0_IRQHandler
 .text.ADC1_IRQHandler
                0x00005692        0x8 ./startup/startup_mcxn947_cm33_core0.o
                0x00005692                ADC1_IRQHandler
 .text.PINT0_IRQHandler
                0x0000569a        0x8 ./startup/startup_mcxn947_cm33_core0.o
                0x0000569a                PINT0_IRQHandler
 .text.PDM_EVENT_IRQHandler
                0x000056a2        0x8 ./startup/startup_mcxn947_cm33_core0.o
                0x000056a2                PDM_EVENT_IRQHandler
 .text.Reserved65_IRQHandler
                0x000056aa        0x8 ./startup/startup_mcxn947_cm33_core0.o
                0x000056aa                Reserved65_IRQHandler
 .text.USB0_FS_IRQHandler
                0x000056b2        0x8 ./startup/startup_mcxn947_cm33_core0.o
                0x000056b2                USB0_FS_IRQHandler
 .text.USB0_DCD_IRQHandler
                0x000056ba        0x8 ./startup/startup_mcxn947_cm33_core0.o
                0x000056ba                USB0_DCD_IRQHandler
 .text.RTC_IRQHandler
                0x000056c2        0x8 ./startup/startup_mcxn947_cm33_core0.o
                0x000056c2                RTC_IRQHandler
 .text.SMARTDMA_IRQHandler
                0x000056ca        0x8 ./startup/startup_mcxn947_cm33_core0.o
                0x000056ca                SMARTDMA_IRQHandler
 .text.MAILBOX_IRQHandler
                0x000056d2        0x8 ./startup/startup_mcxn947_cm33_core0.o
                0x000056d2                MAILBOX_IRQHandler
 .text.CTIMER3_IRQHandler
                0x000056da        0x8 ./startup/startup_mcxn947_cm33_core0.o
                0x000056da                CTIMER3_IRQHandler
 .text.CTIMER4_IRQHandler
                0x000056e2        0x8 ./startup/startup_mcxn947_cm33_core0.o
                0x000056e2                CTIMER4_IRQHandler
 .text.OS_EVENT_IRQHandler
                0x000056ea        0x8 ./startup/startup_mcxn947_cm33_core0.o
                0x000056ea                OS_EVENT_IRQHandler
 .text.FLEXSPI0_IRQHandler
                0x000056f2        0x8 ./startup/startup_mcxn947_cm33_core0.o
                0x000056f2                FLEXSPI0_IRQHandler
 .text.SAI0_IRQHandler
                0x000056fa        0x8 ./startup/startup_mcxn947_cm33_core0.o
                0x000056fa                SAI0_IRQHandler
 .text.SAI1_IRQHandler
                0x00005702        0x8 ./startup/startup_mcxn947_cm33_core0.o
                0x00005702                SAI1_IRQHandler
 .text.USDHC0_IRQHandler
                0x0000570a        0x8 ./startup/startup_mcxn947_cm33_core0.o
                0x0000570a                USDHC0_IRQHandler
 .text.CAN0_IRQHandler
                0x00005712        0x8 ./startup/startup_mcxn947_cm33_core0.o
                0x00005712                CAN0_IRQHandler
 .text.CAN1_IRQHandler
                0x0000571a        0x8 ./startup/startup_mcxn947_cm33_core0.o
                0x0000571a                CAN1_IRQHandler
 .text.Reserved80_IRQHandler
                0x00005722        0x8 ./startup/startup_mcxn947_cm33_core0.o
                0x00005722                Reserved80_IRQHandler
 .text.Reserved81_IRQHandler
                0x0000572a        0x8 ./startup/startup_mcxn947_cm33_core0.o
                0x0000572a                Reserved81_IRQHandler
 .text.USB1_HS_PHY_IRQHandler
                0x00005732        0x8 ./startup/startup_mcxn947_cm33_core0.o
                0x00005732                USB1_HS_PHY_IRQHandler
 .text.USB1_HS_IRQHandler
                0x0000573a        0x8 ./startup/startup_mcxn947_cm33_core0.o
                0x0000573a                USB1_HS_IRQHandler
 .text.SEC_HYPERVISOR_CALL_IRQHandler
                0x00005742        0x8 ./startup/startup_mcxn947_cm33_core0.o
                0x00005742                SEC_HYPERVISOR_CALL_IRQHandler
 .text.Reserved85_IRQHandler
                0x0000574a        0x8 ./startup/startup_mcxn947_cm33_core0.o
                0x0000574a                Reserved85_IRQHandler
 .text.PLU_IRQHandler
                0x00005752        0x8 ./startup/startup_mcxn947_cm33_core0.o
                0x00005752                PLU_IRQHandler
 .text.Freqme_IRQHandler
                0x0000575a        0x8 ./startup/startup_mcxn947_cm33_core0.o
                0x0000575a                Freqme_IRQHandler
 .text.SEC_VIO_IRQHandler
                0x00005762        0x8 ./startup/startup_mcxn947_cm33_core0.o
                0x00005762                SEC_VIO_IRQHandler
 .text.ELS_IRQHandler
                0x0000576a        0x8 ./startup/startup_mcxn947_cm33_core0.o
                0x0000576a                ELS_IRQHandler
 .text.PKC_IRQHandler
                0x00005772        0x8 ./startup/startup_mcxn947_cm33_core0.o
                0x00005772                PKC_IRQHandler
 .text.PUF_IRQHandler
                0x0000577a        0x8 ./startup/startup_mcxn947_cm33_core0.o
                0x0000577a                PUF_IRQHandler
 .text.PQ_IRQHandler
                0x00005782        0x8 ./startup/startup_mcxn947_cm33_core0.o
                0x00005782                PQ_IRQHandler
 .text.EDMA_1_CH0_IRQHandler
                0x0000578a        0x8 ./startup/startup_mcxn947_cm33_core0.o
                0x0000578a                EDMA_1_CH0_IRQHandler
 .text.EDMA_1_CH1_IRQHandler
                0x00005792        0x8 ./startup/startup_mcxn947_cm33_core0.o
                0x00005792                EDMA_1_CH1_IRQHandler
 .text.EDMA_1_CH2_IRQHandler
                0x0000579a        0x8 ./startup/startup_mcxn947_cm33_core0.o
                0x0000579a                EDMA_1_CH2_IRQHandler
 .text.EDMA_1_CH3_IRQHandler
                0x000057a2        0x8 ./startup/startup_mcxn947_cm33_core0.o
                0x000057a2                EDMA_1_CH3_IRQHandler
 .text.EDMA_1_CH4_IRQHandler
                0x000057aa        0x8 ./startup/startup_mcxn947_cm33_core0.o
                0x000057aa                EDMA_1_CH4_IRQHandler
 .text.EDMA_1_CH5_IRQHandler
                0x000057b2        0x8 ./startup/startup_mcxn947_cm33_core0.o
                0x000057b2                EDMA_1_CH5_IRQHandler
 .text.EDMA_1_CH6_IRQHandler
                0x000057ba        0x8 ./startup/startup_mcxn947_cm33_core0.o
                0x000057ba                EDMA_1_CH6_IRQHandler
 .text.EDMA_1_CH7_IRQHandler
                0x000057c2        0x8 ./startup/startup_mcxn947_cm33_core0.o
                0x000057c2                EDMA_1_CH7_IRQHandler
 .text.EDMA_1_CH8_IRQHandler
                0x000057ca        0x8 ./startup/startup_mcxn947_cm33_core0.o
                0x000057ca                EDMA_1_CH8_IRQHandler
 .text.EDMA_1_CH9_IRQHandler
                0x000057d2        0x8 ./startup/startup_mcxn947_cm33_core0.o
                0x000057d2                EDMA_1_CH9_IRQHandler
 .text.EDMA_1_CH10_IRQHandler
                0x000057da        0x8 ./startup/startup_mcxn947_cm33_core0.o
                0x000057da                EDMA_1_CH10_IRQHandler
 .text.EDMA_1_CH11_IRQHandler
                0x000057e2        0x8 ./startup/startup_mcxn947_cm33_core0.o
                0x000057e2                EDMA_1_CH11_IRQHandler
 .text.EDMA_1_CH12_IRQHandler
                0x000057ea        0x8 ./startup/startup_mcxn947_cm33_core0.o
                0x000057ea                EDMA_1_CH12_IRQHandler
 .text.EDMA_1_CH13_IRQHandler
                0x000057f2        0x8 ./startup/startup_mcxn947_cm33_core0.o
                0x000057f2                EDMA_1_CH13_IRQHandler
 .text.EDMA_1_CH14_IRQHandler
                0x000057fa        0x8 ./startup/startup_mcxn947_cm33_core0.o
                0x000057fa                EDMA_1_CH14_IRQHandler
 .text.EDMA_1_CH15_IRQHandler
                0x00005802        0x8 ./startup/startup_mcxn947_cm33_core0.o
                0x00005802                EDMA_1_CH15_IRQHandler
 .text.CDOG0_IRQHandler
                0x0000580a        0x8 ./startup/startup_mcxn947_cm33_core0.o
                0x0000580a                CDOG0_IRQHandler
 .text.CDOG1_IRQHandler
                0x00005812        0x8 ./startup/startup_mcxn947_cm33_core0.o
                0x00005812                CDOG1_IRQHandler
 .text.I3C0_IRQHandler
                0x0000581a        0x8 ./startup/startup_mcxn947_cm33_core0.o
                0x0000581a                I3C0_IRQHandler
 .text.I3C1_IRQHandler
                0x00005822        0x8 ./startup/startup_mcxn947_cm33_core0.o
                0x00005822                I3C1_IRQHandler
 .text.NPU_IRQHandler
                0x0000582a        0x8 ./startup/startup_mcxn947_cm33_core0.o
                0x0000582a                NPU_IRQHandler
 .text.GDET_IRQHandler
                0x00005832        0x8 ./startup/startup_mcxn947_cm33_core0.o
                0x00005832                GDET_IRQHandler
 .text.VBAT0_IRQHandler
                0x0000583a        0x8 ./startup/startup_mcxn947_cm33_core0.o
                0x0000583a                VBAT0_IRQHandler
 .text.EWM0_IRQHandler
                0x00005842        0x8 ./startup/startup_mcxn947_cm33_core0.o
                0x00005842                EWM0_IRQHandler
 .text.TSI_END_OF_SCAN_IRQHandler
                0x0000584a        0x8 ./startup/startup_mcxn947_cm33_core0.o
                0x0000584a                TSI_END_OF_SCAN_IRQHandler
 .text.TSI_OUT_OF_SCAN_IRQHandler
                0x00005852        0x8 ./startup/startup_mcxn947_cm33_core0.o
                0x00005852                TSI_OUT_OF_SCAN_IRQHandler
 .text.EMVSIM0_IRQHandler
                0x0000585a        0x8 ./startup/startup_mcxn947_cm33_core0.o
                0x0000585a                EMVSIM0_IRQHandler
 .text.EMVSIM1_IRQHandler
                0x00005862        0x8 ./startup/startup_mcxn947_cm33_core0.o
                0x00005862                EMVSIM1_IRQHandler
 .text.FLEXIO_IRQHandler
                0x0000586a        0x8 ./startup/startup_mcxn947_cm33_core0.o
                0x0000586a                FLEXIO_IRQHandler
 .text.DAC0_IRQHandler
                0x00005872        0x8 ./startup/startup_mcxn947_cm33_core0.o
                0x00005872                DAC0_IRQHandler
 .text.DAC1_IRQHandler
                0x0000587a        0x8 ./startup/startup_mcxn947_cm33_core0.o
                0x0000587a                DAC1_IRQHandler
 .text.DAC2_IRQHandler
                0x00005882        0x8 ./startup/startup_mcxn947_cm33_core0.o
                0x00005882                DAC2_IRQHandler
 .text.HSCMP0_IRQHandler
                0x0000588a        0x8 ./startup/startup_mcxn947_cm33_core0.o
                0x0000588a                HSCMP0_IRQHandler
 .text.HSCMP1_IRQHandler
                0x00005892        0x8 ./startup/startup_mcxn947_cm33_core0.o
                0x00005892                HSCMP1_IRQHandler
 .text.HSCMP2_IRQHandler
                0x0000589a        0x8 ./startup/startup_mcxn947_cm33_core0.o
                0x0000589a                HSCMP2_IRQHandler
 .text.FLEXPWM0_RELOAD_ERROR_IRQHandler
                0x000058a2        0x8 ./startup/startup_mcxn947_cm33_core0.o
                0x000058a2                FLEXPWM0_RELOAD_ERROR_IRQHandler
 .text.FLEXPWM0_FAULT_IRQHandler
                0x000058aa        0x8 ./startup/startup_mcxn947_cm33_core0.o
                0x000058aa                FLEXPWM0_FAULT_IRQHandler
 .text.FLEXPWM0_SUBMODULE0_IRQHandler
                0x000058b2        0x8 ./startup/startup_mcxn947_cm33_core0.o
                0x000058b2                FLEXPWM0_SUBMODULE0_IRQHandler
 .text.FLEXPWM0_SUBMODULE1_IRQHandler
                0x000058ba        0x8 ./startup/startup_mcxn947_cm33_core0.o
                0x000058ba                FLEXPWM0_SUBMODULE1_IRQHandler
 .text.FLEXPWM0_SUBMODULE2_IRQHandler
                0x000058c2        0x8 ./startup/startup_mcxn947_cm33_core0.o
                0x000058c2                FLEXPWM0_SUBMODULE2_IRQHandler
 .text.FLEXPWM0_SUBMODULE3_IRQHandler
                0x000058ca        0x8 ./startup/startup_mcxn947_cm33_core0.o
                0x000058ca                FLEXPWM0_SUBMODULE3_IRQHandler
 .text.FLEXPWM1_RELOAD_ERROR_IRQHandler
                0x000058d2        0x8 ./startup/startup_mcxn947_cm33_core0.o
                0x000058d2                FLEXPWM1_RELOAD_ERROR_IRQHandler
 .text.FLEXPWM1_FAULT_IRQHandler
                0x000058da        0x8 ./startup/startup_mcxn947_cm33_core0.o
                0x000058da                FLEXPWM1_FAULT_IRQHandler
 .text.FLEXPWM1_SUBMODULE0_IRQHandler
                0x000058e2        0x8 ./startup/startup_mcxn947_cm33_core0.o
                0x000058e2                FLEXPWM1_SUBMODULE0_IRQHandler
 .text.FLEXPWM1_SUBMODULE1_IRQHandler
                0x000058ea        0x8 ./startup/startup_mcxn947_cm33_core0.o
                0x000058ea                FLEXPWM1_SUBMODULE1_IRQHandler
 .text.FLEXPWM1_SUBMODULE2_IRQHandler
                0x000058f2        0x8 ./startup/startup_mcxn947_cm33_core0.o
                0x000058f2                FLEXPWM1_SUBMODULE2_IRQHandler
 .text.FLEXPWM1_SUBMODULE3_IRQHandler
                0x000058fa        0x8 ./startup/startup_mcxn947_cm33_core0.o
                0x000058fa                FLEXPWM1_SUBMODULE3_IRQHandler
 .text.QDC0_COMPARE_IRQHandler
                0x00005902        0x8 ./startup/startup_mcxn947_cm33_core0.o
                0x00005902                QDC0_COMPARE_IRQHandler
 .text.QDC0_HOME_IRQHandler
                0x0000590a        0x8 ./startup/startup_mcxn947_cm33_core0.o
                0x0000590a                QDC0_HOME_IRQHandler
 .text.QDC0_WDG_SAB_IRQHandler
                0x00005912        0x8 ./startup/startup_mcxn947_cm33_core0.o
                0x00005912                QDC0_WDG_SAB_IRQHandler
 .text.QDC0_IDX_IRQHandler
                0x0000591a        0x8 ./startup/startup_mcxn947_cm33_core0.o
                0x0000591a                QDC0_IDX_IRQHandler
 .text.QDC1_COMPARE_IRQHandler
                0x00005922        0x8 ./startup/startup_mcxn947_cm33_core0.o
                0x00005922                QDC1_COMPARE_IRQHandler
 .text.QDC1_HOME_IRQHandler
                0x0000592a        0x8 ./startup/startup_mcxn947_cm33_core0.o
                0x0000592a                QDC1_HOME_IRQHandler
 .text.QDC1_WDG_SAB_IRQHandler
                0x00005932        0x8 ./startup/startup_mcxn947_cm33_core0.o
                0x00005932                QDC1_WDG_SAB_IRQHandler
 .text.QDC1_IDX_IRQHandler
                0x0000593a        0x8 ./startup/startup_mcxn947_cm33_core0.o
                0x0000593a                QDC1_IDX_IRQHandler
 .text.ITRC0_IRQHandler
                0x00005942        0x8 ./startup/startup_mcxn947_cm33_core0.o
                0x00005942                ITRC0_IRQHandler
 .text.BSP32_IRQHandler
                0x0000594a        0x8 ./startup/startup_mcxn947_cm33_core0.o
                0x0000594a                BSP32_IRQHandler
 .text.ELS_ERR_IRQHandler
                0x00005952        0x8 ./startup/startup_mcxn947_cm33_core0.o
                0x00005952                ELS_ERR_IRQHandler
 .text.PKC_ERR_IRQHandler
                0x0000595a        0x8 ./startup/startup_mcxn947_cm33_core0.o
                0x0000595a                PKC_ERR_IRQHandler
 .text.ERM_SINGLE_BIT_ERROR_IRQHandler
                0x00005962        0x8 ./startup/startup_mcxn947_cm33_core0.o
                0x00005962                ERM_SINGLE_BIT_ERROR_IRQHandler
 .text.ERM_MULTI_BIT_ERROR_IRQHandler
                0x0000596a        0x8 ./startup/startup_mcxn947_cm33_core0.o
                0x0000596a                ERM_MULTI_BIT_ERROR_IRQHandler
 .text.FMU0_IRQHandler
                0x00005972        0x8 ./startup/startup_mcxn947_cm33_core0.o
                0x00005972                FMU0_IRQHandler
 .text.ETHERNET_IRQHandler
                0x0000597a        0x8 ./startup/startup_mcxn947_cm33_core0.o
                0x0000597a                ETHERNET_IRQHandler
 .text.ETHERNET_PMT_IRQHandler
                0x00005982        0x8 ./startup/startup_mcxn947_cm33_core0.o
                0x00005982                ETHERNET_PMT_IRQHandler
 .text.ETHERNET_MACLP_IRQHandler
                0x0000598a        0x8 ./startup/startup_mcxn947_cm33_core0.o
                0x0000598a                ETHERNET_MACLP_IRQHandler
 .text.SINC_FILTER_IRQHandler
                0x00005992        0x8 ./startup/startup_mcxn947_cm33_core0.o
                0x00005992                SINC_FILTER_IRQHandler
 .text.LPTMR0_IRQHandler
                0x0000599a        0x8 ./startup/startup_mcxn947_cm33_core0.o
                0x0000599a                LPTMR0_IRQHandler
 .text.LPTMR1_IRQHandler
                0x000059a2        0x8 ./startup/startup_mcxn947_cm33_core0.o
                0x000059a2                LPTMR1_IRQHandler
 .text.SCG_IRQHandler
                0x000059aa        0x8 ./startup/startup_mcxn947_cm33_core0.o
                0x000059aa                SCG_IRQHandler
 .text.SPC_IRQHandler
                0x000059b2        0x8 ./startup/startup_mcxn947_cm33_core0.o
                0x000059b2                SPC_IRQHandler
 .text.WUU_IRQHandler
                0x000059ba        0x8 ./startup/startup_mcxn947_cm33_core0.o
                0x000059ba                WUU_IRQHandler
 .text.PORT_EFT_IRQHandler
                0x000059c2        0x8 ./startup/startup_mcxn947_cm33_core0.o
                0x000059c2                PORT_EFT_IRQHandler
 .text.ETB0_IRQHandler
                0x000059ca        0x8 ./startup/startup_mcxn947_cm33_core0.o
                0x000059ca                ETB0_IRQHandler
 .text.Reserved166_IRQHandler
                0x000059d2        0x8 ./startup/startup_mcxn947_cm33_core0.o
                0x000059d2                Reserved166_IRQHandler
 .text.Reserved167_IRQHandler
                0x000059da        0x8 ./startup/startup_mcxn947_cm33_core0.o
                0x000059da                Reserved167_IRQHandler
 .text.WWDT0_IRQHandler
                0x000059e2        0x8 ./startup/startup_mcxn947_cm33_core0.o
                0x000059e2                WWDT0_IRQHandler
 .text.WWDT1_IRQHandler
                0x000059ea        0x8 ./startup/startup_mcxn947_cm33_core0.o
                0x000059ea                WWDT1_IRQHandler
 .text.CMC0_IRQHandler
                0x000059f2        0x8 ./startup/startup_mcxn947_cm33_core0.o
                0x000059f2                CMC0_IRQHandler
 .text.CTI0_IRQHandler
                0x000059fa        0x8 ./startup/startup_mcxn947_cm33_core0.o
                0x000059fa                CTI0_IRQHandler
 .text.GPIO_PinWrite
                0x00005a02       0x36 ./source/hbridge.o
 .text.HbridgeSpeed
                0x00005a38       0xd0 ./source/hbridge.o
                0x00005a38                HbridgeSpeed
 .text.limiteaza
                0x00005b08       0x32 ./source/main.o
 .text.abs_i    0x00005b3a       0x1c ./source/main.o
 .text.punct_jos_y
                0x00005b56       0x24 ./source/main.o
 .text.lungime_vector_sq
                0x00005b7a       0x3e ./source/main.o
 .text.este_in_imagine
                0x00005bb8       0x3a ./source/main.o
 .text.vector_valid
                0x00005bf2       0x42 ./source/main.o
 .text.calculeaza_x_la_y
                0x00005c34       0x8c ./source/main.o
 .text.calculeaza_panta_scaled
                0x00005cc0       0x50 ./source/main.o
 .text.scor_vector
                0x00005d10       0x4c ./source/main.o
 .text.track_init_result
                0x00005d5c       0x44 ./source/main.o
 .text.actualizeaza_track
                0x00005da0      0x326 ./source/main.o
 .text.control_servo
                0x000060c6      0x15e ./source/main.o
 .text.pixy_send_req
                0x00006224       0x64 ./source/pixy.o
 .text.pixy_read_packet
                0x00006288      0x17e ./source/pixy.o
 .text.HardFault_Handler
                0x00006406       0x36 ./source/semihost_hardfault.o
                0x00006406                HardFault_Handler
 .text.CLOCK_GetPll0OutFreq
                0x0000643c       0x88 ./drivers/fsl_clock.o
                0x0000643c                CLOCK_GetPll0OutFreq
 .text.DelayLoop
                0x000064c4       0x20 ./drivers/fsl_common_arm.o
 .text.CLOCK_EnableClock
                0x000064e4       0x8c ./drivers/fsl_ctimer.o
 .text.EnableIRQ
                0x00006570       0x32 ./drivers/fsl_ctimer.o
 .text.CTIMER_GetStatusFlags
                0x000065a2       0x18 ./drivers/fsl_ctimer.o
 .text.CTIMER_ClearStatusFlags
                0x000065ba       0x1c ./drivers/fsl_ctimer.o
 .text.CTIMER0_DriverIRQHandler
                0x000065d6        0xe ./drivers/fsl_ctimer.o
                0x000065d6                CTIMER0_DriverIRQHandler
 .text.CTIMER1_DriverIRQHandler
                0x000065e4        0xe ./drivers/fsl_ctimer.o
                0x000065e4                CTIMER1_DriverIRQHandler
 .text.CTIMER2_DriverIRQHandler
                0x000065f2        0xe ./drivers/fsl_ctimer.o
                0x000065f2                CTIMER2_DriverIRQHandler
 .text.CTIMER3_DriverIRQHandler
                0x00006600        0xe ./drivers/fsl_ctimer.o
                0x00006600                CTIMER3_DriverIRQHandler
 .text.CTIMER4_DriverIRQHandler
                0x0000660e        0xe ./drivers/fsl_ctimer.o
                0x0000660e                CTIMER4_DriverIRQHandler
 .text.CLOCK_EnableClock
                0x0000661c       0x8c ./drivers/fsl_edma.o
 .text.RESET_ReleasePeripheralReset
                0x000066a8       0x16 ./drivers/fsl_edma.o
 .text.EnableIRQ
                0x000066be       0x32 ./drivers/fsl_edma.o
 .text.EDMA_AbortTransfer
                0x000066f0       0x40 ./drivers/fsl_edma.o
                0x000066f0                EDMA_AbortTransfer
 .text.EDMA_0_CH0_DriverIRQHandler
                0x00006730       0x10 ./drivers/fsl_edma_soc.o
                0x00006730                EDMA_0_CH0_DriverIRQHandler
 .text.EDMA_0_CH1_DriverIRQHandler
                0x00006740       0x10 ./drivers/fsl_edma_soc.o
                0x00006740                EDMA_0_CH1_DriverIRQHandler
 .text.EDMA_0_CH2_DriverIRQHandler
                0x00006750       0x10 ./drivers/fsl_edma_soc.o
                0x00006750                EDMA_0_CH2_DriverIRQHandler
 .text.EDMA_0_CH3_DriverIRQHandler
                0x00006760       0x10 ./drivers/fsl_edma_soc.o
                0x00006760                EDMA_0_CH3_DriverIRQHandler
 .text.EDMA_0_CH4_DriverIRQHandler
                0x00006770       0x10 ./drivers/fsl_edma_soc.o
                0x00006770                EDMA_0_CH4_DriverIRQHandler
 .text.EDMA_0_CH5_DriverIRQHandler
                0x00006780       0x10 ./drivers/fsl_edma_soc.o
                0x00006780                EDMA_0_CH5_DriverIRQHandler
 .text.EDMA_0_CH6_DriverIRQHandler
                0x00006790       0x10 ./drivers/fsl_edma_soc.o
                0x00006790                EDMA_0_CH6_DriverIRQHandler
 .text.EDMA_0_CH7_DriverIRQHandler
                0x000067a0       0x10 ./drivers/fsl_edma_soc.o
                0x000067a0                EDMA_0_CH7_DriverIRQHandler
 .text.EDMA_0_CH8_DriverIRQHandler
                0x000067b0       0x10 ./drivers/fsl_edma_soc.o
                0x000067b0                EDMA_0_CH8_DriverIRQHandler
 .text.EDMA_0_CH9_DriverIRQHandler
                0x000067c0       0x10 ./drivers/fsl_edma_soc.o
                0x000067c0                EDMA_0_CH9_DriverIRQHandler
 .text.EDMA_0_CH10_DriverIRQHandler
                0x000067d0       0x10 ./drivers/fsl_edma_soc.o
                0x000067d0                EDMA_0_CH10_DriverIRQHandler
 .text.EDMA_0_CH11_DriverIRQHandler
                0x000067e0       0x10 ./drivers/fsl_edma_soc.o
                0x000067e0                EDMA_0_CH11_DriverIRQHandler
 .text.EDMA_0_CH12_DriverIRQHandler
                0x000067f0       0x10 ./drivers/fsl_edma_soc.o
                0x000067f0                EDMA_0_CH12_DriverIRQHandler
 .text.EDMA_0_CH13_DriverIRQHandler
                0x00006800       0x10 ./drivers/fsl_edma_soc.o
                0x00006800                EDMA_0_CH13_DriverIRQHandler
 .text.EDMA_0_CH14_DriverIRQHandler
                0x00006810       0x10 ./drivers/fsl_edma_soc.o
                0x00006810                EDMA_0_CH14_DriverIRQHandler
 .text.EDMA_0_CH15_DriverIRQHandler
                0x00006820       0x10 ./drivers/fsl_edma_soc.o
                0x00006820                EDMA_0_CH15_DriverIRQHandler
 .text.EDMA_1_CH0_DriverIRQHandler
                0x00006830       0x10 ./drivers/fsl_edma_soc.o
                0x00006830                EDMA_1_CH0_DriverIRQHandler
 .text.EDMA_1_CH1_DriverIRQHandler
                0x00006840       0x10 ./drivers/fsl_edma_soc.o
                0x00006840                EDMA_1_CH1_DriverIRQHandler
 .text.EDMA_1_CH2_DriverIRQHandler
                0x00006850       0x10 ./drivers/fsl_edma_soc.o
                0x00006850                EDMA_1_CH2_DriverIRQHandler
 .text.EDMA_1_CH3_DriverIRQHandler
                0x00006860       0x10 ./drivers/fsl_edma_soc.o
                0x00006860                EDMA_1_CH3_DriverIRQHandler
 .text.EDMA_1_CH4_DriverIRQHandler
                0x00006870       0x10 ./drivers/fsl_edma_soc.o
                0x00006870                EDMA_1_CH4_DriverIRQHandler
 .text.EDMA_1_CH5_DriverIRQHandler
                0x00006880       0x10 ./drivers/fsl_edma_soc.o
                0x00006880                EDMA_1_CH5_DriverIRQHandler
 .text.EDMA_1_CH6_DriverIRQHandler
                0x00006890       0x10 ./drivers/fsl_edma_soc.o
                0x00006890                EDMA_1_CH6_DriverIRQHandler
 .text.EDMA_1_CH7_DriverIRQHandler
                0x000068a0       0x10 ./drivers/fsl_edma_soc.o
                0x000068a0                EDMA_1_CH7_DriverIRQHandler
 .text.EDMA_1_CH8_DriverIRQHandler
                0x000068b0       0x10 ./drivers/fsl_edma_soc.o
                0x000068b0                EDMA_1_CH8_DriverIRQHandler
 .text.EDMA_1_CH9_DriverIRQHandler
                0x000068c0       0x10 ./drivers/fsl_edma_soc.o
                0x000068c0                EDMA_1_CH9_DriverIRQHandler
 .text.EDMA_1_CH10_DriverIRQHandler
                0x000068d0       0x10 ./drivers/fsl_edma_soc.o
                0x000068d0                EDMA_1_CH10_DriverIRQHandler
 .text.EDMA_1_CH11_DriverIRQHandler
                0x000068e0       0x10 ./drivers/fsl_edma_soc.o
                0x000068e0                EDMA_1_CH11_DriverIRQHandler
 .text.EDMA_1_CH12_DriverIRQHandler
                0x000068f0       0x10 ./drivers/fsl_edma_soc.o
                0x000068f0                EDMA_1_CH12_DriverIRQHandler
 .text.EDMA_1_CH13_DriverIRQHandler
                0x00006900       0x10 ./drivers/fsl_edma_soc.o
                0x00006900                EDMA_1_CH13_DriverIRQHandler
 .text.EDMA_1_CH14_DriverIRQHandler
                0x00006910       0x10 ./drivers/fsl_edma_soc.o
                0x00006910                EDMA_1_CH14_DriverIRQHandler
 .text.EDMA_1_CH15_DriverIRQHandler
                0x00006920       0x10 ./drivers/fsl_edma_soc.o
                0x00006920                EDMA_1_CH15_DriverIRQHandler
 .text.CLOCK_EnableClock
                0x00006930       0x8c ./drivers/fsl_gpio.o
 .text.CLOCK_DisableClock
                0x000069bc       0xb0 ./drivers/fsl_gpio.o
 .text.GPIO_PinWrite
                0x00006a6c       0x36 ./drivers/fsl_gpio.o
 .text.CLOCK_EnableClock
                0x00006aa2       0x8c ./drivers/fsl_lpflexcomm.o
 .text.LP_FLEXCOMM_PeripheralIsPresent
                0x00006b2e       0x52 ./drivers/fsl_lpflexcomm.o
 .text.LP_FLEXCOMM0_DriverIRQHandler
                0x00006b80        0xe ./drivers/fsl_lpflexcomm.o
                0x00006b80                LP_FLEXCOMM0_DriverIRQHandler
 .text.LP_FLEXCOMM1_DriverIRQHandler
                0x00006b8e        0xe ./drivers/fsl_lpflexcomm.o
                0x00006b8e                LP_FLEXCOMM1_DriverIRQHandler
 .text.LP_FLEXCOMM2_DriverIRQHandler
                0x00006b9c        0xe ./drivers/fsl_lpflexcomm.o
                0x00006b9c                LP_FLEXCOMM2_DriverIRQHandler
 .text.LP_FLEXCOMM3_DriverIRQHandler
                0x00006baa        0xe ./drivers/fsl_lpflexcomm.o
                0x00006baa                LP_FLEXCOMM3_DriverIRQHandler
 .text.LP_FLEXCOMM4_DriverIRQHandler
                0x00006bb8        0xe ./drivers/fsl_lpflexcomm.o
                0x00006bb8                LP_FLEXCOMM4_DriverIRQHandler
 .text.LP_FLEXCOMM5_DriverIRQHandler
                0x00006bc6        0xe ./drivers/fsl_lpflexcomm.o
                0x00006bc6                LP_FLEXCOMM5_DriverIRQHandler
 .text.LP_FLEXCOMM6_DriverIRQHandler
                0x00006bd4        0xe ./drivers/fsl_lpflexcomm.o
                0x00006bd4                LP_FLEXCOMM6_DriverIRQHandler
 .text.LP_FLEXCOMM7_DriverIRQHandler
                0x00006be2        0xe ./drivers/fsl_lpflexcomm.o
                0x00006be2                LP_FLEXCOMM7_DriverIRQHandler
 .text.LP_FLEXCOMM8_DriverIRQHandler
                0x00006bf0        0xe ./drivers/fsl_lpflexcomm.o
                0x00006bf0                LP_FLEXCOMM8_DriverIRQHandler
 .text.LP_FLEXCOMM9_DriverIRQHandler
                0x00006bfe        0xe ./drivers/fsl_lpflexcomm.o
                0x00006bfe                LP_FLEXCOMM9_DriverIRQHandler
 .text.CLOCK_EnableClock
                0x00006c0c       0x8c ./drivers/fsl_lpi2c.o
 .text.LPI2C_MasterReset
                0x00006c98       0x20 ./drivers/fsl_lpi2c.o
 .text.LPI2C_MasterEnable
                0x00006cb8       0x32 ./drivers/fsl_lpi2c.o
 .text.LPI2C_MasterGetStatusFlags
                0x00006cea       0x18 ./drivers/fsl_lpi2c.o
 .text.LPI2C_MasterClearStatusFlags
                0x00006d02       0x1c ./drivers/fsl_lpi2c.o
 .text.LPI2C_MasterSetWatermarks
                0x00006d1e       0x2c ./drivers/fsl_lpi2c.o
 .text.LPI2C_MasterCheckAndClearError
                0x00006d4a       0x80 ./drivers/fsl_lpi2c.o
                0x00006d4a                LPI2C_MasterCheckAndClearError
 .text.LPI2C_CheckForBusyBus
                0x00006dca       0x38 ./drivers/fsl_lpi2c.o
                0x00006dca                LPI2C_CheckForBusyBus
 .text.EnableIRQ
                0x00006e02       0x32 ./drivers/fsl_lpi2c_edma.o
 .text.LPI2C_MasterGetStatusFlags
                0x00006e34       0x18 ./drivers/fsl_lpi2c_edma.o
 .text.LPI2C_MasterClearStatusFlags
                0x00006e4c       0x1c ./drivers/fsl_lpi2c_edma.o
 .text.LPI2C_MasterEnableInterrupts
                0x00006e68       0x22 ./drivers/fsl_lpi2c_edma.o
 .text.LPI2C_MasterDisableInterrupts
                0x00006e8a       0x24 ./drivers/fsl_lpi2c_edma.o
 .text.LPI2C_MasterEnableDMA
                0x00006eae       0x3a ./drivers/fsl_lpi2c_edma.o
 .text.LPI2C_MasterGetTxFifoAddress
                0x00006ee8       0x18 ./drivers/fsl_lpi2c_edma.o
 .text.LPI2C_MasterGetRxFifoAddress
                0x00006f00       0x18 ./drivers/fsl_lpi2c_edma.o
 .text.LPI2C_GenerateCommands
                0x00006f18      0x164 ./drivers/fsl_lpi2c_edma.o
 .text.LPI2C_MasterEDMACallback
                0x0000707c       0x74 ./drivers/fsl_lpi2c_edma.o
 .text.LPUART_SoftwareReset
                0x000070f0       0x2c ./drivers/fsl_lpuart.o
 .text.RESET_PeripheralReset
                0x0000711c       0x1c ./drivers/fsl_reset.o
                0x0000711c                RESET_PeripheralReset
 .text.SPC_GetActiveModeBandgapMode
                0x00007138       0x22 ./drivers/fsl_spc.o
 .text.SPC_GetActiveModeVoltageDetectStatus
                0x0000715a       0x22 ./drivers/fsl_spc.o
 .text.SPC_GetActiveModeCoreLDOVDDVoltageLevel
                0x0000717c       0x22 ./drivers/fsl_spc.o
 .text.SPC_GetActiveModeCoreLDODriveStrength
                0x0000719e       0x22 ./drivers/fsl_spc.o
 .text.SPC_SetActiveModeDCDCRegulatorVoltageLevel
                0x000071c0       0x32 ./drivers/fsl_spc.o
 .text.SPC_SetActiveModeCoreLDORegulatorVoltageLevel
                0x000071f2       0x60 ./drivers/fsl_spc.o
                0x000071f2                SPC_SetActiveModeCoreLDORegulatorVoltageLevel
 .text.SPC_SetActiveModeCoreLDORegulatorDriveStrength
                0x00007252       0x5e ./drivers/fsl_spc.o
                0x00007252                SPC_SetActiveModeCoreLDORegulatorDriveStrength
 .text.SPC_SetActiveModeDCDCRegulatorDriveStrength
                0x000072b0       0x48 ./drivers/fsl_spc.o
                0x000072b0                SPC_SetActiveModeDCDCRegulatorDriveStrength
 .text.SystemInitHook
                0x000072f8        0xe ./device/system_MCXN947_cm33_core0.o
                0x000072f8                SystemInitHook
 .text.DbgConsole_Error
                0x00007306       0x10 ./board/board.o
 .text.CLOCK_EnableClock
                0x00007316       0x8c ./board/clock_config.o
 .text.BOARD_InitBootClocks
                0x000073a2        0xc ./board/clock_config.o
                0x000073a2                BOARD_InitBootClocks
 .text.BOARD_InitHardware
                0x000073ae       0x36 ./board/hardware_init.o
                0x000073ae                BOARD_InitHardware
 .text.EnableIRQ
                0x000073e4       0x32 ./board/peripherals.o
 .text.CTIMER_StartTimer
                0x00007416       0x20 ./board/peripherals.o
 .text.GPIO0_init
                0x00007436       0x14 ./board/peripherals.o
 .text.BOARD_InitPeripherals_CommonPostInit
                0x0000744a       0x32 ./board/peripherals.o
 .text.BOARD_InitBootPeripherals
                0x0000747c        0xc ./board/peripherals.o
                0x0000747c                BOARD_InitBootPeripherals
 .text.CLOCK_EnableClock
                0x00007488       0x8c ./board/pin_mux.o
 .text.PORT_SetPinMux
                0x00007514       0x3e ./board/pin_mux.o
 .text.BOARD_InitBootPins
                0x00007552        0xc ./board/pin_mux.o
                0x00007552                BOARD_InitBootPins
 .text.__main   0x0000755e        0xe C:/nxp/MCUXpressoIDE_25.6.136/ide/plugins/com.nxp.mcuxpresso.tools.win32_25.6.0.202501151204/tools/bin/../lib/gcc/arm-none-eabi/14.2.1/../../../../arm-none-eabi/lib/thumb/v8-m.main+fp/hard\libcr_semihost_nf.a(_cr__main.o)
                0x0000755e                __CR_SEMIHOST
                0x0000755e                __main
 .text.memset   0x0000756c        0x4 C:/nxp/MCUXpressoIDE_25.6.136/ide/plugins/com.nxp.mcuxpresso.tools.win32_25.6.0.202501151204/tools/bin/../lib/gcc/arm-none-eabi/14.2.1/../../../../arm-none-eabi/lib/thumb/v8-m.main+fp/hard\libcr_c.a(memset.o)
                0x0000756c                memset
 .text.free     0x00007570       0x30 C:/nxp/MCUXpressoIDE_25.6.136/ide/plugins/com.nxp.mcuxpresso.tools.win32_25.6.0.202501151204/tools/bin/../lib/gcc/arm-none-eabi/14.2.1/../../../../arm-none-eabi/lib/thumb/v8-m.main+fp/hard\libcr_c.a(alloc.o)
                0x00007570                free
 .text.no_fp_display
                0x000075a0        0x4 C:/nxp/MCUXpressoIDE_25.6.136/ide/plugins/com.nxp.mcuxpresso.tools.win32_25.6.0.202501151204/tools/bin/../lib/gcc/arm-none-eabi/14.2.1/../../../../arm-none-eabi/lib/thumb/v8-m.main+fp/hard\libcr_c.a(printf.o)
 .text.setvbuf  0x000075a4       0x3e C:/nxp/MCUXpressoIDE_25.6.136/ide/plugins/com.nxp.mcuxpresso.tools.win32_25.6.0.202501151204/tools/bin/../lib/gcc/arm-none-eabi/14.2.1/../../../../arm-none-eabi/lib/thumb/v8-m.main+fp/hard\libcr_c.a(setvbuf.o)
                0x000075a4                setvbuf
 .text.strlen   0x000075e2       0x4e C:/nxp/MCUXpressoIDE_25.6.136/ide/plugins/com.nxp.mcuxpresso.tools.win32_25.6.0.202501151204/tools/bin/../lib/gcc/arm-none-eabi/14.2.1/../../../../arm-none-eabi/lib/thumb/v8-m.main+fp/hard\libcr_c.a(strlen.o)
                0x000075e2                strlen
 .text._deferredlazyseek
                0x00007630       0x40 C:/nxp/MCUXpressoIDE_25.6.136/ide/plugins/com.nxp.mcuxpresso.tools.win32_25.6.0.202501151204/tools/bin/../lib/gcc/arm-none-eabi/14.2.1/../../../../arm-none-eabi/lib/thumb/v8-m.main+fp/hard\libcr_c.a(_deferredlazyseek.o)
                0x00007630                _deferredlazyseek
 .text.__flsbuf
                0x00007670      0x12a C:/nxp/MCUXpressoIDE_25.6.136/ide/plugins/com.nxp.mcuxpresso.tools.win32_25.6.0.202501151204/tools/bin/../lib/gcc/arm-none-eabi/14.2.1/../../../../arm-none-eabi/lib/thumb/v8-m.main+fp/hard\libcr_c.a(_deferredlazyseek.o)
                0x00007670                __flsbuf
 .text._fdopen  0x0000779a       0x68 C:/nxp/MCUXpressoIDE_25.6.136/ide/plugins/com.nxp.mcuxpresso.tools.win32_25.6.0.202501151204/tools/bin/../lib/gcc/arm-none-eabi/14.2.1/../../../../arm-none-eabi/lib/thumb/v8-m.main+fp/hard\libcr_c.a(_fdopen.o)
                0x0000779a                _fdopen
 .text._fflush  0x00007802       0x52 C:/nxp/MCUXpressoIDE_25.6.136/ide/plugins/com.nxp.mcuxpresso.tools.win32_25.6.0.202501151204/tools/bin/../lib/gcc/arm-none-eabi/14.2.1/../../../../arm-none-eabi/lib/thumb/v8-m.main+fp/hard\libcr_c.a(_fflush.o)
                0x00007802                _fflush
 .text.fclose   0x00007854       0x58 C:/nxp/MCUXpressoIDE_25.6.136/ide/plugins/com.nxp.mcuxpresso.tools.win32_25.6.0.202501151204/tools/bin/../lib/gcc/arm-none-eabi/14.2.1/../../../../arm-none-eabi/lib/thumb/v8-m.main+fp/hard\libcr_c.a(fclose.o)
                0x00007854                fclose
 .text.remove   0x000078ac       0x14 C:/nxp/MCUXpressoIDE_25.6.136/ide/plugins/com.nxp.mcuxpresso.tools.win32_25.6.0.202501151204/tools/bin/../lib/gcc/arm-none-eabi/14.2.1/../../../../arm-none-eabi/lib/thumb/v8-m.main+fp/hard\libcr_c.a(remove.o)
                0x000078ac                remove
 .text._do_fflush
                0x000078c0       0x40 C:/nxp/MCUXpressoIDE_25.6.136/ide/plugins/com.nxp.mcuxpresso.tools.win32_25.6.0.202501151204/tools/bin/../lib/gcc/arm-none-eabi/14.2.1/../../../../arm-none-eabi/lib/thumb/v8-m.main+fp/hard\libcr_c.a(_do_fflush.o)
                0x000078c0                _do_fflush
 .text.__aeabi_division_uldivmod
                0x00007900      0x174 C:/nxp/MCUXpressoIDE_25.6.136/ide/plugins/com.nxp.mcuxpresso.tools.win32_25.6.0.202501151204/tools/bin/../lib/gcc/arm-none-eabi/14.2.1/thumb/v8-m.main+fp/hard\libcr_eabihelpers.a(division_64.o)
                0x00007900                __aeabi_uldivmod
                0x00007904                __bhs_ldivmod1
 .text.__aeabi_division_idiv0
                0x00007a74        0x2 C:/nxp/MCUXpressoIDE_25.6.136/ide/plugins/com.nxp.mcuxpresso.tools.win32_25.6.0.202501151204/tools/bin/../lib/gcc/arm-none-eabi/14.2.1/thumb/v8-m.main+fp/hard\libcr_eabihelpers.a(division_idiv0.o)
                0x00007a74                __aeabi_idiv0
 .text.__aeabi_d2uiz
                0x00007a76       0x34 C:/nxp/MCUXpressoIDE_25.6.136/ide/plugins/com.nxp.mcuxpresso.tools.win32_25.6.0.202501151204/tools/bin/../lib/gcc/arm-none-eabi/14.2.1/thumb/v8-m.main+fp/hard\libcr_eabihelpers.a(double.o)
                0x00007a76                __aeabi_d2uiz
 .text.__bhs_ui2d
                0x00007aaa       0x46 C:/nxp/MCUXpressoIDE_25.6.136/ide/plugins/com.nxp.mcuxpresso.tools.win32_25.6.0.202501151204/tools/bin/../lib/gcc/arm-none-eabi/14.2.1/thumb/v8-m.main+fp/hard\libcr_eabihelpers.a(double.o)
                0x00007aaa                __bhs_ui2d
 .text.__aeabi_i2d
                0x00007af0       0x10 C:/nxp/MCUXpressoIDE_25.6.136/ide/plugins/com.nxp.mcuxpresso.tools.win32_25.6.0.202501151204/tools/bin/../lib/gcc/arm-none-eabi/14.2.1/thumb/v8-m.main+fp/hard\libcr_eabihelpers.a(double.o)
                0x00007af0                __aeabi_i2d
 .text.__aeabi_ui2d
                0x00007b00        0x8 C:/nxp/MCUXpressoIDE_25.6.136/ide/plugins/com.nxp.mcuxpresso.tools.win32_25.6.0.202501151204/tools/bin/../lib/gcc/arm-none-eabi/14.2.1/thumb/v8-m.main+fp/hard\libcr_eabihelpers.a(double.o)
                0x00007b00                __aeabi_ui2d
 .text.__aeabi_dcmpgt
                0x00007b08       0x56 C:/nxp/MCUXpressoIDE_25.6.136/ide/plugins/com.nxp.mcuxpresso.tools.win32_25.6.0.202501151204/tools/bin/../lib/gcc/arm-none-eabi/14.2.1/thumb/v8-m.main+fp/hard\libcr_eabihelpers.a(double.o)
                0x00007b08                __aeabi_dcmpgt
 .text.__aeabi_f2ulz
                0x00007b5e       0x3e C:/nxp/MCUXpressoIDE_25.6.136/ide/plugins/com.nxp.mcuxpresso.tools.win32_25.6.0.202501151204/tools/bin/../lib/gcc/arm-none-eabi/14.2.1/thumb/v8-m.main+fp/hard\libcr_eabihelpers.a(float.o)
                0x00007b5e                __aeabi_f2ulz
 .text.__aeabi_memset_lowlevel
                0x00007b9c       0x32 C:/nxp/MCUXpressoIDE_25.6.136/ide/plugins/com.nxp.mcuxpresso.tools.win32_25.6.0.202501151204/tools/bin/../lib/gcc/arm-none-eabi/14.2.1/thumb/v8-m.main+fp/hard\libcr_eabihelpers.a(memcpy.o)
                0x00007b9c                __aeabi_lowlevel_memset
 .text.__sys_close
                0x00007bce        0xc C:/nxp/MCUXpressoIDE_25.6.136/ide/plugins/com.nxp.mcuxpresso.tools.win32_25.6.0.202501151204/tools/bin/../lib/gcc/arm-none-eabi/14.2.1/../../../../arm-none-eabi/lib/thumb/v8-m.main+fp/hard\libcr_semihost_nf.a(__sys_close.o)
                0x00007bce                __sys_close
 .text.__sys_flen
                0x00007bda        0xc C:/nxp/MCUXpressoIDE_25.6.136/ide/plugins/com.nxp.mcuxpresso.tools.win32_25.6.0.202501151204/tools/bin/../lib/gcc/arm-none-eabi/14.2.1/../../../../arm-none-eabi/lib/thumb/v8-m.main+fp/hard\libcr_semihost_nf.a(__sys_flen.o)
                0x00007bda                __sys_flen
 .text.__sys_istty
                0x00007be6        0xc C:/nxp/MCUXpressoIDE_25.6.136/ide/plugins/com.nxp.mcuxpresso.tools.win32_25.6.0.202501151204/tools/bin/../lib/gcc/arm-none-eabi/14.2.1/../../../../arm-none-eabi/lib/thumb/v8-m.main+fp/hard\libcr_semihost_nf.a(__sys_istty.o)
                0x00007be6                __sys_istty
 .text.__sys_remove
                0x00007bf2        0xc C:/nxp/MCUXpressoIDE_25.6.136/ide/plugins/com.nxp.mcuxpresso.tools.win32_25.6.0.202501151204/tools/bin/../lib/gcc/arm-none-eabi/14.2.1/../../../../arm-none-eabi/lib/thumb/v8-m.main+fp/hard\libcr_semihost_nf.a(__sys_remove.o)
                0x00007bf2                __sys_remove
 .text.__sys_seek
                0x00007bfe        0xc C:/nxp/MCUXpressoIDE_25.6.136/ide/plugins/com.nxp.mcuxpresso.tools.win32_25.6.0.202501151204/tools/bin/../lib/gcc/arm-none-eabi/14.2.1/../../../../arm-none-eabi/lib/thumb/v8-m.main+fp/hard\libcr_semihost_nf.a(__sys_seek.o)
                0x00007bfe                __sys_seek
 .text.__sys_tmpnam
                0x00007c0a        0xc C:/nxp/MCUXpressoIDE_25.6.136/ide/plugins/com.nxp.mcuxpresso.tools.win32_25.6.0.202501151204/tools/bin/../lib/gcc/arm-none-eabi/14.2.1/../../../../arm-none-eabi/lib/thumb/v8-m.main+fp/hard\libcr_semihost_nf.a(__sys_tmpnam.o)
                0x00007c0a                __sys_tmpnam
 .text.__sys_write
                0x00007c16        0xc C:/nxp/MCUXpressoIDE_25.6.136/ide/plugins/com.nxp.mcuxpresso.tools.win32_25.6.0.202501151204/tools/bin/../lib/gcc/arm-none-eabi/14.2.1/../../../../arm-none-eabi/lib/thumb/v8-m.main+fp/hard\libcr_semihost_nf.a(__sys_write.o)
                0x00007c16                __sys_write
 *(SORT_BY_ALIGNMENT(.rodata) SORT_BY_ALIGNMENT(.rodata.*) SORT_BY_ALIGNMENT(.constdata) SORT_BY_ALIGNMENT(.constdata.*))
 *fill*         0x00007c22        0x2 ff
 .rodata.__assertion_failed.str1.4
                0x00007c24      0xf7b ./utilities/fsl_assert.o
                                 0x14 (size before relaxing)
 .rodata.SDK_DelayAtLeastUs.str1.4
                0x00008b9f       0x2b ./drivers/fsl_common_arm.o
 *fill*         0x00008b9f        0x1 ff
 .rodata.s_ctimerBases
                0x00008ba0       0x14 ./drivers/fsl_ctimer.o
 .rodata.s_ctimerClocks
                0x00008bb4        0xa ./drivers/fsl_ctimer.o
 *fill*         0x00008bbe        0x2 ff
 .rodata.s_ctimerResets
                0x00008bc0       0x14 ./drivers/fsl_ctimer.o
 .rodata.s_ctimerIRQ
                0x00008bd4        0xa ./drivers/fsl_ctimer.o
 .rodata.CTIMER_GetInstance.str1.4
                0x00008bde       0x2e ./drivers/fsl_ctimer.o
 .rodata.CTIMER_Init.str1.4
                0x00008bde       0x21 ./drivers/fsl_ctimer.o
 .rodata.CTIMER_UpdatePwmDutycycle.str1.4
                0x00008bde       0x2c ./drivers/fsl_ctimer.o
 .rodata.EDMA_SetChannelMux.str1.4
                0x00008bde       0x4e ./drivers/fsl_edma.o
 .rodata.EDMA_EnableChannelMasterIDReplication.str1.4
                0x00008bde       0x4e ./drivers/fsl_edma.o
 .rodata.EDMA_SetChannelSecurityLevel.str1.4
                0x00008bde       0x4e ./drivers/fsl_edma.o
 .rodata.EDMA_SetChannelProtectionLevel.str1.4
                0x00008bde       0x4e ./drivers/fsl_edma.o
 *fill*         0x00008bde        0x2 ff
 .rodata.s_edmaBases
                0x00008be0        0x8 ./drivers/fsl_edma.o
 .rodata.s_edmaClockName
                0x00008be8        0x4 ./drivers/fsl_edma.o
 .rodata.s_edmaResets
                0x00008bec        0x8 ./drivers/fsl_edma.o
 .rodata.s_edmaIRQNumber
                0x00008bf4       0x40 ./drivers/fsl_edma.o
 .rodata.EDMA_GetInstance.str1.4
                0x00008c34       0x33 ./drivers/fsl_edma.o
 .rodata.EDMA_Init.str1.4
                0x00008c34       0x20 ./drivers/fsl_edma.o
 .rodata.EDMA_InitChannel.str1.4
                0x00008c34       0x27 ./drivers/fsl_edma.o
 .rodata.EDMA_ResetChannel.str1.4
                0x00008c34       0x4e ./drivers/fsl_edma.o
 .rodata.EDMA_SetTransferConfig.str1.4
                0x00008c34       0x70 ./drivers/fsl_edma.o
 .rodata.EDMA_SetChannelPreemptionConfig.str1.4
                0x00008c34       0x70 ./drivers/fsl_edma.o
 .rodata.EDMA_TcdResetExt.str1.4
                0x00008c34       0x4f ./drivers/fsl_edma.o
 .rodata.EDMA_TcdSetTransferConfigExt.str1.4
                0x00008c34       0x70 ./drivers/fsl_edma.o
 .rodata.EDMA_ConfigChannelSoftwareTCDExt.str1.4
                0x00008c34      0x333 ./drivers/fsl_edma.o
 .rodata.EDMA_TcdEnableInterruptsExt.str1.4
                0x00008c34       0x1d ./drivers/fsl_edma.o
 .rodata.EDMA_EnableChannelInterrupts.str1.4
                0x00008c34       0x4f ./drivers/fsl_edma.o
 .rodata.EDMA_ClearChannelStatusFlags.str1.4
                0x00008c34       0x4f ./drivers/fsl_edma.o
 .rodata.EDMA_CreateHandle.str1.4
                0x00008c34       0x73 ./drivers/fsl_edma.o
 .rodata.EDMA_SetCallback.str1.4
                0x00008c34       0x21 ./drivers/fsl_edma.o
 .rodata.EDMA_StartTransfer.str1.4
                0x00008c34       0x21 ./drivers/fsl_edma.o
 .rodata.EDMA_StopTransfer.str1.4
                0x00008c34       0x21 ./drivers/fsl_edma.o
 .rodata.EDMA_HandleIRQ.str1.4
                0x00008c34       0x21 ./drivers/fsl_edma.o
 .rodata.s_gpioBases
                0x00008c34       0x18 ./drivers/fsl_gpio.o
 .rodata.s_gpioClockName
                0x00008c4c        0xa ./drivers/fsl_gpio.o
 .rodata.GPIO_GetInstance.str1.4
                0x00008c56       0x34 ./drivers/fsl_gpio.o
 .rodata.GPIO_PortClockEnable.str1.4
                0x00008c56       0x38 ./drivers/fsl_gpio.o
 .rodata.GPIO_PinInit.str1.4
                0x00008c56       0x20 ./drivers/fsl_gpio.o
 *fill*         0x00008c56        0x2 ff
 .rodata.s_lpflexcommBaseAddrs
                0x00008c58       0x28 ./drivers/fsl_lpflexcomm.o
 .rodata.s_lpflexcommBase
                0x00008c80       0x28 ./drivers/fsl_lpflexcomm.o
 .rodata.s_lpflexcommClocks
                0x00008ca8       0x14 ./drivers/fsl_lpflexcomm.o
 .rodata.s_lpflexcommResets
                0x00008cbc       0x28 ./drivers/fsl_lpflexcomm.o
 .rodata.LP_FLEXCOMM_SetPeriph.str1.4
                0x00008ce4       0x43 ./drivers/fsl_lpflexcomm.o
 .rodata.LP_FLEXCOMM_Init.str1.4
                0x00008ce4       0x49 ./drivers/fsl_lpflexcomm.o
 .rodata.LP_FLEXCOMM_SetIRQHandler.str1.4
                0x00008ce4       0x49 ./drivers/fsl_lpflexcomm.o
 .rodata.kLpi2cBases
                0x00008ce4       0x28 ./drivers/fsl_lpi2c.o
 .rodata.kLpi2cIrqs
                0x00008d0c       0x14 ./drivers/fsl_lpi2c.o
                0x00008d0c                kLpi2cIrqs
 .rodata.kLpi2cClocks
                0x00008d20       0x14 ./drivers/fsl_lpi2c.o
 .rodata.LPI2C_GetInstance.str1.4
                0x00008d34       0x35 ./drivers/fsl_lpi2c.o
 .rodata.LPI2C_GetCyclesForWidth.str1.4
                0x00008d34       0x26 ./drivers/fsl_lpi2c.o
 .rodata.LPI2C_MasterInit.str1.4
                0x00008d34       0x18 ./drivers/fsl_lpi2c.o
 .rodata.kLpi2cBases
                0x00008d34       0x28 ./drivers/fsl_lpi2c_edma.o
 .rodata.LPI2C_MasterCreateEDMAHandle.str1.4
                0x00008d5c       0x7f ./drivers/fsl_lpi2c_edma.o
 .rodata.LPI2C_MasterTransferEDMA.str1.4
                0x00008d5c       0xa0 ./drivers/fsl_lpi2c_edma.o
 .rodata.LPI2C_MasterTransferEdmaHandleIRQ.str1.4
                0x00008d5c       0x72 ./drivers/fsl_lpi2c_edma.o
 .rodata.s_lpuartBases
                0x00008d5c       0x28 ./drivers/fsl_lpuart.o
 .rodata.LPUART_GetInstance.str1.4
                0x00008d84       0x38 ./drivers/fsl_lpuart.o
 .rodata.LPUART_Init.str1.4
                0x00008d84      0x10a ./drivers/fsl_lpuart.o
 .rodata.RESET_SetPeripheralReset.str1.4
                0x00008d84       0x1e ./drivers/fsl_reset.o
 .rodata.RESET_ClearPeripheralReset.str1.4
                0x00008d84       0x1e ./drivers/fsl_reset.o
 .rodata.SPC_SetSRAMOperateVoltage.str1.4
                0x00008d84       0x1f ./drivers/fsl_spc.o
 .rodata.SPC_SetActiveModeCoreLDORegulatorConfig.str1.4
                0x00008d84       0x1f ./drivers/fsl_spc.o
 .rodata.SPC_SetActiveModeDCDCRegulatorConfig.str1.4
                0x00008d84       0x20 ./drivers/fsl_spc.o
 .rodata        0x00008d84       0x22 ./board/clock_config.o
 .rodata.EDMA_SetChannelMux.str1.4
                0x00008da6       0x79 ./board/peripherals.o
 *fill*         0x00008da6        0x2 ff
 .rodata.CTIMER0_config
                0x00008da8        0x8 ./board/peripherals.o
                0x00008da8                CTIMER0_config
 .rodata.CTIMER2_config
                0x00008db0        0x8 ./board/peripherals.o
                0x00008db0                CTIMER2_config
 .rodata.LP_FLEXCOMM3_masterConfig
                0x00008db8       0x1c ./board/peripherals.o
                0x00008db8                LP_FLEXCOMM3_masterConfig
 .rodata.CTIMER4_config
                0x00008dd4        0x8 ./board/peripherals.o
                0x00008dd4                CTIMER4_config
 .rodata.LP_FLEXCOMM5_config
                0x00008ddc       0x28 ./board/peripherals.o
                0x00008ddc                LP_FLEXCOMM5_config
 .rodata.PORT_SetPinConfig.str1.4
                0x00008e04       0x43 ./board/pin_mux.o
 .rodata.__num_Ciob_streams
                0x00008e04        0x4 C:/nxp/MCUXpressoIDE_25.6.136/ide/plugins/com.nxp.mcuxpresso.tools.win32_25.6.0.202501151204/tools/bin/../lib/gcc/arm-none-eabi/14.2.1/../../../../arm-none-eabi/lib/thumb/v8-m.main+fp/hard\libcr_semihost_nf.a(__ciob.o)
                0x00008e04                __num_Ciob_streams
 .rodata._Csys_alloc.str1.1
                0x00008e08       0x53 C:/nxp/MCUXpressoIDE_25.6.136/ide/plugins/com.nxp.mcuxpresso.tools.win32_25.6.0.202501151204/tools/bin/../lib/gcc/arm-none-eabi/14.2.1/../../../../arm-none-eabi/lib/thumb/v8-m.main+fp/hard\libcr_c.a(alloc.o)
                                 0x18 (size before relaxing)
 .rodata._initio.str1.1
                0x00008e5b        0x4 C:/nxp/MCUXpressoIDE_25.6.136/ide/plugins/com.nxp.mcuxpresso.tools.win32_25.6.0.202501151204/tools/bin/../lib/gcc/arm-none-eabi/14.2.1/../../../../arm-none-eabi/lib/thumb/v8-m.main+fp/hard\libcr_c.a(initio.o)
 .rodata.__vfprintf.str1.1
                0x00008e5b       0x38 C:/nxp/MCUXpressoIDE_25.6.136/ide/plugins/com.nxp.mcuxpresso.tools.win32_25.6.0.202501151204/tools/bin/../lib/gcc/arm-none-eabi/14.2.1/../../../../arm-none-eabi/lib/thumb/v8-m.main+fp/hard\libcr_c.a(printf.o)
                0x00008e94                        . = ALIGN (0x4)
 *fill*         0x00008e5b        0x1 ff

.glue_7         0x00008e5c        0x0
 .glue_7        0x00008e5c        0x0 linker stubs

.glue_7t        0x00008e5c        0x0
 .glue_7t       0x00008e5c        0x0 linker stubs

.vfp11_veneer   0x00008e5c        0x0
 .vfp11_veneer  0x00008e5c        0x0 linker stubs

.v4_bx          0x00008e5c        0x0
 .v4_bx         0x00008e5c        0x0 linker stubs

.iplt           0x00008e5c        0x0
 .iplt          0x00008e5c        0x0 ./utilities/fsl_assert.o

.rel.dyn        0x00008e5c        0x0
 .rel.iplt      0x00008e5c        0x0 ./utilities/fsl_assert.o

.ARM.extab
 *(SORT_BY_ALIGNMENT(.ARM.extab*) SORT_BY_ALIGNMENT(.gnu.linkonce.armextab.*))

.ARM.exidx      0x00008e5c        0x0
                0x00008e5c                        __exidx_start = .
 *(SORT_BY_ALIGNMENT(.ARM.exidx*) SORT_BY_ALIGNMENT(.gnu.linkonce.armexidx.*))
                0x00008e5c                        __exidx_end = .
                0x00008e5c                        _etext = .

.m_usb_data
 *(SORT_BY_ALIGNMENT(m_usb_global))

.data_RAM2      0x04000000        0x0 load address 0x00008e5c
 FILL mask 0xff
                [!provide]                        PROVIDE (__start_data_RAM2 = .)
                [!provide]                        PROVIDE (__start_data_SRAMX = .)
 *(SORT_BY_ALIGNMENT(.ramfunc.$RAM2))
 *(SORT_BY_ALIGNMENT(.ramfunc.$SRAMX))
 *(SORT_BY_ALIGNMENT(.data.$RAM2))
 *(SORT_BY_ALIGNMENT(.data.$SRAMX))
 *(SORT_BY_ALIGNMENT(.data.$RAM2.*))
 *(SORT_BY_ALIGNMENT(.data.$SRAMX.*))
                0x04000000                        . = ALIGN (0x4)
                [!provide]                        PROVIDE (__end_data_RAM2 = .)
                [!provide]                        PROVIDE (__end_data_SRAMX = .)

.data_RAM3      0x20060000        0x0 load address 0x00008e5c
 FILL mask 0xff
                [!provide]                        PROVIDE (__start_data_RAM3 = .)
                [!provide]                        PROVIDE (__start_data_SRAMH = .)
 *(SORT_BY_ALIGNMENT(.ramfunc.$RAM3))
 *(SORT_BY_ALIGNMENT(.ramfunc.$SRAMH))
 *(SORT_BY_ALIGNMENT(.data.$RAM3))
 *(SORT_BY_ALIGNMENT(.data.$SRAMH))
 *(SORT_BY_ALIGNMENT(.data.$RAM3.*))
 *(SORT_BY_ALIGNMENT(.data.$SRAMH.*))
                0x20060000                        . = ALIGN (0x4)
                [!provide]                        PROVIDE (__end_data_RAM3 = .)
                [!provide]                        PROVIDE (__end_data_SRAMH = .)
